Java HotSpot(TM) 64-Bit Server VM (25.77-b03) for windows-amd64 JRE (1.8.0_77-b03), built on Mar 20 2016 22:01:33 by "java_re" with MS VC++ 10.0 (VS2010)
Memory: 4k page, physical 33410456k(23077724k free), swap 35507608k(22097560k free)
CommandLine flags: -XX:InitialHeapSize=536870912 -XX:MaxHeapSize=536870912 -XX:MaxNewSize=178958336 -XX:MaxTenuringThreshold=6 -XX:NewSize=178958336 -XX:OldPLABSize=16 -XX:OldSize=357912576 -XX:+PrintGC -XX:+PrintGCDateStamps -XX:+PrintGCDetails -XX:+PrintGCTimeStamps -XX:+UseCompressedClassPointers -XX:+UseCompressedOops -XX:+UseConcMarkSweepGC -XX:-UseLargePagesIndividualAllocation -XX:+UseParNewGC 
2021-10-02T13:25:30.211+0800: 0.198: [GC (Allocation Failure) 2021-10-02T13:25:30.212+0800: 0.199: [ParNew: 139776K->17471K(157248K), 0.0120906 secs] 139776K->44104K(506816K), 0.0122210 secs] [Times: user=0.00 sys=0.00, real=0.01 secs] 
2021-10-02T13:25:30.240+0800: 0.227: [GC (Allocation Failure) 2021-10-02T13:25:30.240+0800: 0.227: [ParNew: 157010K->17469K(157248K), 0.0126118 secs] 183643K->89832K(506816K), 0.0126764 secs] [Times: user=0.09 sys=0.03, real=0.01 secs] 
2021-10-02T13:25:30.268+0800: 0.255: [GC (Allocation Failure) 2021-10-02T13:25:30.268+0800: 0.255: [ParNew: 157245K->17472K(157248K), 0.0241992 secs] 229608K->133323K(506816K), 0.0242647 secs] [Times: user=0.31 sys=0.00, real=0.03 secs] 
2021-10-02T13:25:30.308+0800: 0.295: [GC (Allocation Failure) 2021-10-02T13:25:30.308+0800: 0.295: [ParNew: 157248K->17471K(157248K), 0.0256564 secs] 273099K->181232K(506816K), 0.0257164 secs] [Times: user=0.14 sys=0.02, real=0.03 secs] 
2021-10-02T13:25:30.350+0800: 0.336: [GC (Allocation Failure) 2021-10-02T13:25:30.350+0800: 0.336: [ParNew: 156974K->17469K(157248K), 0.0270236 secs] 320734K->229905K(506816K), 0.0270846 secs] [Times: user=0.31 sys=0.00, real=0.03 secs] 
2021-10-02T13:25:30.377+0800: 0.363: [GC (CMS Initial Mark) [1 CMS-initial-mark: 212435K(349568K)] 234157K(506816K), 0.0012999 secs] [Times: user=0.00 sys=0.00, real=0.00 secs] 
2021-10-02T13:25:30.378+0800: 0.365: [CMS-concurrent-mark-start]
2021-10-02T13:25:30.382+0800: 0.369: [CMS-concurrent-mark: 0.004/0.004 secs] [Times: user=0.00 sys=0.00, real=0.00 secs] 
2021-10-02T13:25:30.382+0800: 0.369: [CMS-concurrent-preclean-start]
2021-10-02T13:25:30.383+0800: 0.369: [CMS-concurrent-preclean: 0.001/0.001 secs] [Times: user=0.00 sys=0.00, real=0.00 secs] 
2021-10-02T13:25:30.383+0800: 0.369: [CMS-concurrent-abortable-preclean-start]
2021-10-02T13:25:30.392+0800: 0.379: [GC (Allocation Failure) 2021-10-02T13:25:30.392+0800: 0.379: [ParNew: 157237K->17470K(157248K), 0.0274866 secs] 369672K->278425K(506816K), 0.0275499 secs] [Times: user=0.30 sys=0.01, real=0.03 secs] 
2021-10-02T13:25:30.435+0800: 0.421: [GC (Allocation Failure) 2021-10-02T13:25:30.435+0800: 0.421: [ParNew: 157246K->17470K(157248K), 0.0249209 secs] 418201K->324859K(506816K), 0.0249740 secs] [Times: user=0.16 sys=0.00, real=0.03 secs] 
2021-10-02T13:25:30.463+0800: 0.449: [CMS-concurrent-abortable-preclean: 0.009/0.080 secs] [Times: user=0.48 sys=0.01, real=0.08 secs] 
2021-10-02T13:25:30.463+0800: 0.449: [GC (CMS Final Remark) [YG occupancy: 49592 K (157248 K)]2021-10-02T13:25:30.463+0800: 0.449: [Rescan (parallel) , 0.0029897 secs]2021-10-02T13:25:30.466+0800: 0.452: [weak refs processing, 0.0000177 secs]2021-10-02T13:25:30.466+0800: 0.452: [class unloading, 0.0002017 secs]2021-10-02T13:25:30.466+0800: 0.452: [scrub symbol table, 0.0003137 secs]2021-10-02T13:25:30.466+0800: 0.453: [scrub string table, 0.0000936 secs][1 CMS-remark: 307388K(349568K)] 356981K(506816K), 0.0036992 secs] [Times: user=0.16 sys=0.00, real=0.00 secs] 
2021-10-02T13:25:30.467+0800: 0.453: [CMS-concurrent-sweep-start]
2021-10-02T13:25:30.467+0800: 0.454: [CMS-concurrent-sweep: 0.001/0.001 secs] [Times: user=0.00 sys=0.00, real=0.00 secs] 
2021-10-02T13:25:30.467+0800: 0.454: [CMS-concurrent-reset-start]
2021-10-02T13:25:30.468+0800: 0.454: [CMS-concurrent-reset: 0.001/0.001 secs] [Times: user=0.00 sys=0.00, real=0.00 secs] 
2021-10-02T13:25:30.477+0800: 0.464: [GC (Allocation Failure) 2021-10-02T13:25:30.477+0800: 0.464: [ParNew: 157246K->17467K(157248K), 0.0122712 secs] 429041K->332556K(506816K), 0.0123935 secs] [Times: user=0.16 sys=0.00, real=0.01 secs] 
2021-10-02T13:25:30.490+0800: 0.476: [GC (CMS Initial Mark) [1 CMS-initial-mark: 315088K(349568K)] 333213K(506816K), 0.0030181 secs] [Times: user=0.00 sys=0.00, real=0.00 secs] 
2021-10-02T13:25:30.493+0800: 0.479: [CMS-concurrent-mark-start]
2021-10-02T13:25:30.498+0800: 0.484: [CMS-concurrent-mark: 0.005/0.005 secs] [Times: user=0.06 sys=0.00, real=0.00 secs] 
2021-10-02T13:25:30.498+0800: 0.484: [CMS-concurrent-preclean-start]
2021-10-02T13:25:30.498+0800: 0.484: [CMS-concurrent-preclean: 0.000/0.000 secs] [Times: user=0.00 sys=0.00, real=0.00 secs] 
2021-10-02T13:25:30.498+0800: 0.484: [CMS-concurrent-abortable-preclean-start]
2021-10-02T13:25:30.498+0800: 0.484: [CMS-concurrent-abortable-preclean: 0.000/0.000 secs] [Times: user=0.00 sys=0.00, real=0.00 secs] 
2021-10-02T13:25:30.498+0800: 0.484: [GC (CMS Final Remark) [YG occupancy: 59822 K (157248 K)]2021-10-02T13:25:30.498+0800: 0.484: [Rescan (parallel) , 0.0042812 secs]2021-10-02T13:25:30.502+0800: 0.489: [weak refs processing, 0.0000135 secs]2021-10-02T13:25:30.502+0800: 0.489: [class unloading, 0.0001906 secs]2021-10-02T13:25:30.503+0800: 0.489: [scrub symbol table, 0.0003135 secs]2021-10-02T13:25:30.503+0800: 0.489: [scrub string table, 0.0000900 secs][1 CMS-remark: 315088K(349568K)] 374911K(506816K), 0.0049607 secs] [Times: user=0.00 sys=0.00, real=0.01 secs] 
2021-10-02T13:25:30.503+0800: 0.489: [CMS-concurrent-sweep-start]
2021-10-02T13:25:30.504+0800: 0.490: [CMS-concurrent-sweep: 0.001/0.001 secs] [Times: user=0.00 sys=0.00, real=0.00 secs] 
2021-10-02T13:25:30.504+0800: 0.490: [CMS-concurrent-reset-start]
2021-10-02T13:25:30.504+0800: 0.490: [CMS-concurrent-reset: 0.000/0.000 secs] [Times: user=0.00 sys=0.00, real=0.00 secs] 
2021-10-02T13:25:30.513+0800: 0.499: [GC (Allocation Failure) 2021-10-02T13:25:30.513+0800: 0.499: [ParNew: 157243K->17471K(157248K), 0.0083930 secs] 403576K->308043K(506816K), 0.0084617 secs] [Times: user=0.00 sys=0.00, real=0.01 secs] 
2021-10-02T13:25:30.522+0800: 0.508: [GC (CMS Initial Mark) [1 CMS-initial-mark: 290571K(349568K)] 308255K(506816K), 0.0021480 secs] [Times: user=0.00 sys=0.00, real=0.00 secs] 
2021-10-02T13:25:30.524+0800: 0.510: [CMS-concurrent-mark-start]
2021-10-02T13:25:30.529+0800: 0.515: [CMS-concurrent-mark: 0.005/0.005 secs] [Times: user=0.06 sys=0.00, real=0.01 secs] 
2021-10-02T13:25:30.529+0800: 0.515: [CMS-concurrent-preclean-start]
2021-10-02T13:25:30.530+0800: 0.516: [CMS-concurrent-preclean: 0.000/0.000 secs] [Times: user=0.00 sys=0.00, real=0.00 secs] 
2021-10-02T13:25:30.530+0800: 0.516: [CMS-concurrent-abortable-preclean-start]
2021-10-02T13:25:30.537+0800: 0.523: [GC (Allocation Failure) 2021-10-02T13:25:30.537+0800: 0.523: [ParNew: 157247K->17471K(157248K), 0.0214605 secs] 447819K->363157K(506816K), 0.0215167 secs] [Times: user=0.30 sys=0.02, real=0.02 secs] 
2021-10-02T13:25:30.558+0800: 0.544: [CMS-concurrent-abortable-preclean: 0.001/0.029 secs] [Times: user=0.30 sys=0.02, real=0.03 secs] 
2021-10-02T13:25:30.559+0800: 0.545: [GC (CMS Final Remark) [YG occupancy: 20680 K (157248 K)]2021-10-02T13:25:30.559+0800: 0.545: [Rescan (parallel) , 0.0033760 secs]2021-10-02T13:25:30.562+0800: 0.548: [weak refs processing, 0.0000143 secs]2021-10-02T13:25:30.562+0800: 0.548: [class unloading, 0.0002154 secs]2021-10-02T13:25:30.562+0800: 0.548: [scrub symbol table, 0.0003188 secs]2021-10-02T13:25:30.563+0800: 0.549: [scrub string table, 0.0000898 secs][1 CMS-remark: 345686K(349568K)] 366366K(506816K), 0.0040910 secs] [Times: user=0.00 sys=0.00, real=0.00 secs] 
2021-10-02T13:25:30.563+0800: 0.549: [CMS-concurrent-sweep-start]
2021-10-02T13:25:30.563+0800: 0.549: [CMS-concurrent-sweep: 0.001/0.001 secs] [Times: user=0.00 sys=0.00, real=0.00 secs] 
2021-10-02T13:25:30.563+0800: 0.549: [CMS-concurrent-reset-start]
2021-10-02T13:25:30.564+0800: 0.550: [CMS-concurrent-reset: 0.000/0.000 secs] [Times: user=0.00 sys=0.00, real=0.00 secs] 
2021-10-02T13:25:30.575+0800: 0.561: [GC (Allocation Failure) 2021-10-02T13:25:30.575+0800: 0.561: [ParNew: 157108K->157108K(157248K), 0.0000182 secs]2021-10-02T13:25:30.575+0800: 0.561: [CMS: 319702K->320639K(349568K), 0.0639147 secs] 476810K->320639K(506816K), [Metaspace: 3355K->3355K(1056768K)], 0.0640067 secs] [Times: user=0.06 sys=0.00, real=0.06 secs] 
2021-10-02T13:25:30.638+0800: 0.625: [GC (CMS Initial Mark) [1 CMS-initial-mark: 320639K(349568K)] 323699K(506816K), 0.0001832 secs] [Times: user=0.00 sys=0.00, real=0.00 secs] 
2021-10-02T13:25:30.638+0800: 0.625: [CMS-concurrent-mark-start]
2021-10-02T13:25:30.645+0800: 0.632: [CMS-concurrent-mark: 0.006/0.006 secs] [Times: user=0.00 sys=0.00, real=0.01 secs] 
2021-10-02T13:25:30.645+0800: 0.632: [CMS-concurrent-preclean-start]
2021-10-02T13:25:30.645+0800: 0.632: [CMS-concurrent-preclean: 0.000/0.000 secs] [Times: user=0.00 sys=0.00, real=0.00 secs] 
2021-10-02T13:25:30.645+0800: 0.632: [CMS-concurrent-abortable-preclean-start]
2021-10-02T13:25:30.645+0800: 0.632: [CMS-concurrent-abortable-preclean: 0.000/0.000 secs] [Times: user=0.00 sys=0.00, real=0.00 secs] 
2021-10-02T13:25:30.646+0800: 0.632: [GC (CMS Final Remark) [YG occupancy: 57407 K (157248 K)]2021-10-02T13:25:30.646+0800: 0.632: [Rescan (parallel) , 0.0009863 secs]2021-10-02T13:25:30.647+0800: 0.633: [weak refs processing, 0.0000125 secs]2021-10-02T13:25:30.647+0800: 0.633: [class unloading, 0.0001962 secs]2021-10-02T13:25:30.647+0800: 0.634: [scrub symbol table, 0.0003010 secs]2021-10-02T13:25:30.647+0800: 0.634: [scrub string table, 0.0000892 secs][1 CMS-remark: 320639K(349568K)] 378047K(506816K), 0.0016580 secs] [Times: user=0.00 sys=0.00, real=0.00 secs] 
2021-10-02T13:25:30.647+0800: 0.634: [CMS-concurrent-sweep-start]
2021-10-02T13:25:30.648+0800: 0.635: [CMS-concurrent-sweep: 0.000/0.000 secs] [Times: user=0.00 sys=0.00, real=0.00 secs] 
2021-10-02T13:25:30.648+0800: 0.635: [CMS-concurrent-reset-start]
2021-10-02T13:25:30.648+0800: 0.635: [CMS-concurrent-reset: 0.000/0.000 secs] [Times: user=0.00 sys=0.00, real=0.00 secs] 
2021-10-02T13:25:30.655+0800: 0.642: [GC (Allocation Failure) 2021-10-02T13:25:30.655+0800: 0.642: [ParNew: 139776K->139776K(157248K), 0.0000176 secs]2021-10-02T13:25:30.655+0800: 0.642: [CMS: 319900K->334750K(349568K), 0.0659865 secs] 459676K->334750K(506816K), [Metaspace: 3355K->3355K(1056768K)], 0.0660725 secs] [Times: user=0.06 sys=0.00, real=0.07 secs] 
2021-10-02T13:25:30.722+0800: 0.708: [GC (CMS Initial Mark) [1 CMS-initial-mark: 334750K(349568K)] 334822K(506816K), 0.0006224 secs] [Times: user=0.00 sys=0.00, real=0.00 secs] 
2021-10-02T13:25:30.722+0800: 0.709: [CMS-concurrent-mark-start]
2021-10-02T13:25:30.729+0800: 0.716: [CMS-concurrent-mark: 0.007/0.007 secs] [Times: user=0.06 sys=0.00, real=0.01 secs] 
2021-10-02T13:25:30.729+0800: 0.716: [CMS-concurrent-preclean-start]
2021-10-02T13:25:30.730+0800: 0.716: [CMS-concurrent-preclean: 0.000/0.000 secs] [Times: user=0.00 sys=0.00, real=0.00 secs] 
2021-10-02T13:25:30.730+0800: 0.716: [CMS-concurrent-abortable-preclean-start]
2021-10-02T13:25:30.730+0800: 0.716: [CMS-concurrent-abortable-preclean: 0.000/0.000 secs] [Times: user=0.00 sys=0.00, real=0.00 secs] 
2021-10-02T13:25:30.730+0800: 0.717: [GC (CMS Final Remark) [YG occupancy: 75552 K (157248 K)]2021-10-02T13:25:30.730+0800: 0.717: [Rescan (parallel) , 0.0016013 secs]2021-10-02T13:25:30.732+0800: 0.718: [weak refs processing, 0.0000120 secs]2021-10-02T13:25:30.732+0800: 0.718: [class unloading, 0.0001889 secs]2021-10-02T13:25:30.732+0800: 0.719: [scrub symbol table, 0.0002972 secs]2021-10-02T13:25:30.732+0800: 0.719: [scrub string table, 0.0000893 secs][1 CMS-remark: 334750K(349568K)] 410303K(506816K), 0.0022615 secs] [Times: user=0.00 sys=0.00, real=0.00 secs] 
2021-10-02T13:25:30.732+0800: 0.719: [CMS-concurrent-sweep-start]
2021-10-02T13:25:30.733+0800: 0.720: [CMS-concurrent-sweep: 0.001/0.001 secs] [Times: user=0.00 sys=0.00, real=0.00 secs] 
2021-10-02T13:25:30.733+0800: 0.720: [CMS-concurrent-reset-start]
2021-10-02T13:25:30.733+0800: 0.720: [CMS-concurrent-reset: 0.000/0.000 secs] [Times: user=0.00 sys=0.00, real=0.00 secs] 
2021-10-02T13:25:30.738+0800: 0.725: [GC (Allocation Failure) 2021-10-02T13:25:30.738+0800: 0.725: [ParNew: 139776K->139776K(157248K), 0.0000172 secs]2021-10-02T13:25:30.738+0800: 0.725: [CMS: 331916K->349056K(349568K), 0.0686934 secs] 471692K->353047K(506816K), [Metaspace: 3355K->3355K(1056768K)], 0.0687854 secs] [Times: user=0.08 sys=0.00, real=0.07 secs] 
2021-10-02T13:25:30.807+0800: 0.794: [GC (CMS Initial Mark) [1 CMS-initial-mark: 349056K(349568K)] 356445K(506816K), 0.0005028 secs] [Times: user=0.00 sys=0.00, real=0.00 secs] 
2021-10-02T13:25:30.808+0800: 0.794: [CMS-concurrent-mark-start]
2021-10-02T13:25:30.814+0800: 0.801: [CMS-concurrent-mark: 0.006/0.006 secs] [Times: user=0.00 sys=0.00, real=0.01 secs] 
2021-10-02T13:25:30.814+0800: 0.801: [CMS-concurrent-preclean-start]
2021-10-02T13:25:30.825+0800: 0.812: [Full GC (Allocation Failure) 2021-10-02T13:25:30.825+0800: 0.812: [CMS2021-10-02T13:25:30.828+0800: 0.815: [CMS-concurrent-preclean: 0.014/0.014 secs] [Times: user=0.03 sys=0.00, real=0.01 secs] 
 (concurrent mode failure): 349056K->349553K(349568K), 0.0739703 secs] 505918K->363200K(506816K), [Metaspace: 3355K->3355K(1056768K)], 0.0740375 secs] [Times: user=0.06 sys=0.00, real=0.07 secs] 
2021-10-02T13:25:30.915+0800: 0.902: [Full GC (Allocation Failure) 2021-10-02T13:25:30.915+0800: 0.902: [CMS: 349553K->349552K(349568K), 0.0718497 secs] 506748K->376261K(506816K), [Metaspace: 3355K->3355K(1056768K)], 0.0719077 secs] [Times: user=0.08 sys=0.00, real=0.07 secs] 
2021-10-02T13:25:30.987+0800: 0.974: [GC (CMS Initial Mark) [1 CMS-initial-mark: 349552K(349568K)] 376405K(506816K), 0.0037961 secs] [Times: user=0.00 sys=0.00, real=0.00 secs] 
2021-10-02T13:25:30.991+0800: 0.978: [CMS-concurrent-mark-start]
2021-10-02T13:25:30.997+0800: 0.984: [CMS-concurrent-mark: 0.006/0.006 secs] [Times: user=0.06 sys=0.00, real=0.01 secs] 
2021-10-02T13:25:30.997+0800: 0.984: [CMS-concurrent-preclean-start]
2021-10-02T13:25:31.007+0800: 0.993: [Full GC (Allocation Failure) 2021-10-02T13:25:31.007+0800: 0.994: [CMS2021-10-02T13:25:31.012+0800: 0.999: [CMS-concurrent-preclean: 0.015/0.015 secs] [Times: user=0.01 sys=0.00, real=0.02 secs] 
 (concurrent mode failure): 349552K->349455K(349568K), 0.0925295 secs] 506779K->383347K(506816K), [Metaspace: 3355K->3355K(1056768K)], 0.0925914 secs] [Times: user=0.09 sys=0.00, real=0.09 secs] 
2021-10-02T13:25:31.115+0800: 1.101: [Full GC (Allocation Failure) 2021-10-02T13:25:31.115+0800: 1.101: [CMS: 349455K->349419K(349568K), 0.0823216 secs] 506641K->396436K(506816K), [Metaspace: 3679K->3679K(1056768K)], 0.0823913 secs] [Times: user=0.08 sys=0.00, real=0.08 secs] 
2021-10-02T13:25:31.198+0800: 1.184: [GC (CMS Initial Mark) [1 CMS-initial-mark: 349419K(349568K)] 398088K(506816K), 0.0052247 secs] [Times: user=0.00 sys=0.00, real=0.01 secs] 
2021-10-02T13:25:31.203+0800: 1.189: [CMS-concurrent-mark-start]
Heap
 par new generation   total 157248K, used 52661K [0x00000000e0000000, 0x00000000eaaa0000, 0x00000000eaaa0000)
  eden space 139776K,  37% used [0x00000000e0000000, 0x00000000e336d6d0, 0x00000000e8880000)
  from space 17472K,   0% used [0x00000000e8880000, 0x00000000e8880000, 0x00000000e9990000)
  to   space 17472K,   0% used [0x00000000e9990000, 0x00000000e9990000, 0x00000000eaaa0000)
 concurrent mark-sweep generation total 349568K, used 349419K [0x00000000eaaa0000, 0x0000000100000000, 0x0000000100000000)
 Metaspace       used 3707K, capacity 4540K, committed 4864K, reserved 1056768K
  class space    used 415K, capacity 428K, committed 512K, reserved 1048576K
