Java HotSpot(TM) 64-Bit Server VM (25.77-b03) for windows-amd64 JRE (1.8.0_77-b03), built on Mar 20 2016 22:01:33 by "java_re" with MS VC++ 10.0 (VS2010)
Memory: 4k page, physical 33410456k(23060108k free), swap 35507608k(22665980k free)
CommandLine flags: -XX:InitialHeapSize=268435456 -XX:MaxHeapSize=268435456 -XX:MaxNewSize=89481216 -XX:MaxTenuringThreshold=6 -XX:NewSize=89481216 -XX:OldPLABSize=16 -XX:OldSize=178954240 -XX:+PrintGC -XX:+PrintGCDateStamps -XX:+PrintGCDetails -XX:+PrintGCTimeStamps -XX:+UseCompressedClassPointers -XX:+UseCompressedOops -XX:+UseConcMarkSweepGC -XX:-UseLargePagesIndividualAllocation -XX:+UseParNewGC 
2021-10-02T13:26:03.581+0800: 0.162: [GC (Allocation Failure) 2021-10-02T13:26:03.581+0800: 0.163: [ParNew: 69505K->8703K(78656K), 0.0083256 secs] 69505K->26678K(253440K), 0.0084561 secs] [Times: user=0.14 sys=0.01, real=0.01 secs] 
2021-10-02T13:26:03.599+0800: 0.181: [GC (Allocation Failure) 2021-10-02T13:26:03.599+0800: 0.181: [ParNew: 78655K->8704K(78656K), 0.0074596 secs] 96630K->52140K(253440K), 0.0075170 secs] [Times: user=0.11 sys=0.06, real=0.01 secs] 
2021-10-02T13:26:03.614+0800: 0.196: [GC (Allocation Failure) 2021-10-02T13:26:03.614+0800: 0.196: [ParNew: 78656K->8701K(78656K), 0.0136961 secs] 122092K->76079K(253440K), 0.0137492 secs] [Times: user=0.14 sys=0.02, real=0.01 secs] 
2021-10-02T13:26:03.634+0800: 0.217: [GC (Allocation Failure) 2021-10-02T13:26:03.634+0800: 0.217: [ParNew: 78653K->8697K(78656K), 0.0140358 secs] 146031K->101424K(253440K), 0.0141143 secs] [Times: user=0.14 sys=0.00, real=0.01 secs] 
2021-10-02T13:26:03.649+0800: 0.231: [GC (CMS Initial Mark) [1 CMS-initial-mark: 92727K(174784K)] 103240K(253440K), 0.0016854 secs] [Times: user=0.00 sys=0.00, real=0.00 secs] 
2021-10-02T13:26:03.651+0800: 0.233: [CMS-concurrent-mark-start]
2021-10-02T13:26:03.654+0800: 0.236: [CMS-concurrent-mark: 0.003/0.003 secs] [Times: user=0.00 sys=0.00, real=0.00 secs] 
2021-10-02T13:26:03.654+0800: 0.236: [CMS-concurrent-preclean-start]
2021-10-02T13:26:03.654+0800: 0.237: [CMS-concurrent-preclean: 0.000/0.000 secs] [Times: user=0.00 sys=0.00, real=0.00 secs] 
2021-10-02T13:26:03.654+0800: 0.237: [CMS-concurrent-abortable-preclean-start]
2021-10-02T13:26:03.658+0800: 0.241: [GC (Allocation Failure) 2021-10-02T13:26:03.658+0800: 0.241: [ParNew: 78503K->8700K(78656K), 0.0142640 secs] 171231K->126083K(253440K), 0.0143308 secs] [Times: user=0.13 sys=0.03, real=0.02 secs] 
2021-10-02T13:26:03.682+0800: 0.264: [GC (Allocation Failure) 2021-10-02T13:26:03.682+0800: 0.264: [ParNew: 78507K->8703K(78656K), 0.0124625 secs] 195890K->148589K(253440K), 0.0125236 secs] [Times: user=0.00 sys=0.00, real=0.01 secs] 
2021-10-02T13:26:03.702+0800: 0.285: [GC (Allocation Failure) 2021-10-02T13:26:03.702+0800: 0.285: [ParNew: 78655K->8698K(78656K), 0.0139345 secs] 218541K->172256K(253440K), 0.0139908 secs] [Times: user=0.13 sys=0.01, real=0.01 secs] 
2021-10-02T13:26:03.719+0800: 0.301: [CMS-concurrent-abortable-preclean: 0.009/0.065 secs] [Times: user=0.28 sys=0.05, real=0.07 secs] 
2021-10-02T13:26:03.719+0800: 0.302: [GC (CMS Final Remark) [YG occupancy: 34342 K (78656 K)]2021-10-02T13:26:03.719+0800: 0.302: [Rescan (parallel) , 0.0010672 secs]2021-10-02T13:26:03.720+0800: 0.303: [weak refs processing, 0.0000184 secs]2021-10-02T13:26:03.720+0800: 0.303: [class unloading, 0.0001932 secs]2021-10-02T13:26:03.720+0800: 0.303: [scrub symbol table, 0.0003034 secs]2021-10-02T13:26:03.721+0800: 0.303: [scrub string table, 0.0000892 secs][1 CMS-remark: 163557K(174784K)] 197900K(253440K), 0.0017549 secs] [Times: user=0.00 sys=0.00, real=0.00 secs] 
2021-10-02T13:26:03.721+0800: 0.303: [CMS-concurrent-sweep-start]
2021-10-02T13:26:03.721+0800: 0.304: [CMS-concurrent-sweep: 0.000/0.000 secs] [Times: user=0.00 sys=0.00, real=0.00 secs] 
2021-10-02T13:26:03.721+0800: 0.304: [CMS-concurrent-reset-start]
2021-10-02T13:26:03.722+0800: 0.304: [CMS-concurrent-reset: 0.000/0.000 secs] [Times: user=0.00 sys=0.00, real=0.00 secs] 
2021-10-02T13:26:03.725+0800: 0.307: [GC (Allocation Failure) 2021-10-02T13:26:03.725+0800: 0.307: [ParNew: 78630K->78630K(78656K), 0.0000706 secs]2021-10-02T13:26:03.725+0800: 0.308: [CMS: 154927K->165807K(174784K), 0.0398921 secs] 233558K->165807K(253440K), [Metaspace: 3353K->3353K(1056768K)], 0.0400395 secs] [Times: user=0.05 sys=0.00, real=0.04 secs] 
2021-10-02T13:26:03.765+0800: 0.348: [GC (CMS Initial Mark) [1 CMS-initial-mark: 165807K(174784K)] 167368K(253440K), 0.0002014 secs] [Times: user=0.00 sys=0.00, real=0.00 secs] 
2021-10-02T13:26:03.766+0800: 0.348: [CMS-concurrent-mark-start]
2021-10-02T13:26:03.771+0800: 0.353: [CMS-concurrent-mark: 0.006/0.006 secs] [Times: user=0.00 sys=0.00, real=0.00 secs] 
2021-10-02T13:26:03.771+0800: 0.353: [CMS-concurrent-preclean-start]
2021-10-02T13:26:03.772+0800: 0.354: [CMS-concurrent-preclean: 0.000/0.000 secs] [Times: user=0.00 sys=0.00, real=0.00 secs] 
2021-10-02T13:26:03.772+0800: 0.354: [CMS-concurrent-abortable-preclean-start]
2021-10-02T13:26:03.772+0800: 0.354: [CMS-concurrent-abortable-preclean: 0.000/0.000 secs] [Times: user=0.00 sys=0.00, real=0.00 secs] 
2021-10-02T13:26:03.772+0800: 0.354: [GC (CMS Final Remark) [YG occupancy: 47490 K (78656 K)]2021-10-02T13:26:03.772+0800: 0.354: [Rescan (parallel) , 0.0015913 secs]2021-10-02T13:26:03.773+0800: 0.356: [weak refs processing, 0.0000127 secs]2021-10-02T13:26:03.773+0800: 0.356: [class unloading, 0.0002172 secs]2021-10-02T13:26:03.774+0800: 0.356: [scrub symbol table, 0.0003219 secs]2021-10-02T13:26:03.774+0800: 0.356: [scrub string table, 0.0000921 secs][1 CMS-remark: 165807K(174784K)] 213298K(253440K), 0.0023074 secs] [Times: user=0.00 sys=0.00, real=0.00 secs] 
2021-10-02T13:26:03.774+0800: 0.356: [CMS-concurrent-sweep-start]
2021-10-02T13:26:03.774+0800: 0.357: [CMS-concurrent-sweep: 0.000/0.000 secs] [Times: user=0.00 sys=0.00, real=0.00 secs] 
2021-10-02T13:26:03.774+0800: 0.357: [CMS-concurrent-reset-start]
2021-10-02T13:26:03.775+0800: 0.357: [CMS-concurrent-reset: 0.000/0.000 secs] [Times: user=0.00 sys=0.00, real=0.00 secs] 
2021-10-02T13:26:03.776+0800: 0.359: [GC (Allocation Failure) 2021-10-02T13:26:03.777+0800: 0.359: [ParNew: 69829K->69829K(78656K), 0.0000184 secs]2021-10-02T13:26:03.777+0800: 0.359: [CMS: 165663K->174715K(174784K), 0.0440327 secs] 235492K->183554K(253440K), [Metaspace: 3353K->3353K(1056768K)], 0.0441171 secs] [Times: user=0.03 sys=0.00, real=0.05 secs] 
2021-10-02T13:26:03.821+0800: 0.403: [GC (CMS Initial Mark) [1 CMS-initial-mark: 174715K(174784K)] 186261K(253440K), 0.0013623 secs] [Times: user=0.00 sys=0.00, real=0.00 secs] 
2021-10-02T13:26:03.822+0800: 0.404: [CMS-concurrent-mark-start]
2021-10-02T13:26:03.826+0800: 0.408: [CMS-concurrent-mark: 0.004/0.004 secs] [Times: user=0.06 sys=0.00, real=0.00 secs] 
2021-10-02T13:26:03.826+0800: 0.409: [CMS-concurrent-preclean-start]
2021-10-02T13:26:03.831+0800: 0.413: [Full GC (Allocation Failure) 2021-10-02T13:26:03.831+0800: 0.413: [CMS2021-10-02T13:26:03.835+0800: 0.417: [CMS-concurrent-preclean: 0.009/0.009 secs] [Times: user=0.00 sys=0.00, real=0.01 secs] 
 (concurrent mode failure): 174715K->174478K(174784K), 0.0497403 secs] 253365K->198748K(253440K), [Metaspace: 3353K->3353K(1056768K)], 0.0497964 secs] [Times: user=0.05 sys=0.00, real=0.05 secs] 
2021-10-02T13:26:03.886+0800: 0.468: [Full GC (Allocation Failure) 2021-10-02T13:26:03.886+0800: 0.468: [CMS: 174478K->174744K(174784K), 0.0486687 secs] 252907K->211966K(253440K), [Metaspace: 3353K->3353K(1056768K)], 0.0487357 secs] [Times: user=0.05 sys=0.00, real=0.05 secs] 
2021-10-02T13:26:03.935+0800: 0.517: [GC (CMS Initial Mark) [1 CMS-initial-mark: 174744K(174784K)] 213803K(253440K), 0.0058703 secs] [Times: user=0.00 sys=0.00, real=0.01 secs] 
2021-10-02T13:26:03.941+0800: 0.523: [CMS-concurrent-mark-start]
2021-10-02T13:26:03.947+0800: 0.528: [Full GC (Allocation Failure) 2021-10-02T13:26:03.947+0800: 0.528: [CMS2021-10-02T13:26:03.958+0800: 0.540: [CMS-concurrent-mark: 0.006/0.017 secs] [Times: user=0.00 sys=0.00, real=0.02 secs] 
 (concurrent mode failure): 174744K->174649K(174784K), 0.0650915 secs] 253295K->219859K(253440K), [Metaspace: 3353K->3353K(1056768K)], 0.0651536 secs] [Times: user=0.06 sys=0.00, real=0.06 secs] 
2021-10-02T13:26:04.016+0800: 0.599: [Full GC (Allocation Failure) 2021-10-02T13:26:04.016+0800: 0.599: [CMS: 174649K->174641K(174784K), 0.0547750 secs] 253059K->223534K(253440K), [Metaspace: 3353K->3353K(1056768K)], 0.0548336 secs] [Times: user=0.05 sys=0.00, real=0.06 secs] 
2021-10-02T13:26:04.071+0800: 0.654: [GC (CMS Initial Mark) [1 CMS-initial-mark: 174641K(174784K)] 224753K(253440K), 0.0072833 secs] [Times: user=0.02 sys=0.00, real=0.01 secs] 
2021-10-02T13:26:04.079+0800: 0.661: [CMS-concurrent-mark-start]
2021-10-02T13:26:04.083+0800: 0.665: [Full GC (Allocation Failure) 2021-10-02T13:26:04.083+0800: 0.665: [CMS2021-10-02T13:26:04.086+0800: 0.668: [CMS-concurrent-mark: 0.005/0.007 secs] [Times: user=0.00 sys=0.00, real=0.01 secs] 
 (concurrent mode failure): 174641K->174534K(174784K), 0.0556361 secs] 253196K->229084K(253440K), [Metaspace: 3353K->3353K(1056768K)], 0.0557055 secs] [Times: user=0.06 sys=0.00, real=0.06 secs] 
2021-10-02T13:26:04.142+0800: 0.725: [Full GC (Allocation Failure) 2021-10-02T13:26:04.142+0800: 0.725: [CMS: 174743K->174718K(174784K), 0.0496433 secs] 253318K->233283K(253440K), [Metaspace: 3353K->3353K(1056768K)], 0.0497107 secs] [Times: user=0.05 sys=0.00, real=0.05 secs] 
2021-10-02T13:26:04.192+0800: 0.775: [GC (CMS Initial Mark) [1 CMS-initial-mark: 174718K(174784K)] 233500K(253440K), 0.0075896 secs] [Times: user=0.02 sys=0.00, real=0.01 secs] 
2021-10-02T13:26:04.200+0800: 0.782: [CMS-concurrent-mark-start]
2021-10-02T13:26:04.203+0800: 0.785: [Full GC (Allocation Failure) 2021-10-02T13:26:04.203+0800: 0.785: [CMS2021-10-02T13:26:04.211+0800: 0.793: [CMS-concurrent-mark: 0.004/0.011 secs] [Times: user=0.00 sys=0.00, real=0.01 secs] 
 (concurrent mode failure): 174718K->174238K(174784K), 0.0561192 secs] 253247K->235641K(253440K), [Metaspace: 3353K->3353K(1056768K)], 0.0561799 secs] [Times: user=0.05 sys=0.00, real=0.06 secs] 
2021-10-02T13:26:04.261+0800: 0.843: [Full GC (Allocation Failure) 2021-10-02T13:26:04.261+0800: 0.843: [CMS: 174238K->174233K(174784K), 0.0490745 secs] 252754K->236885K(253440K), [Metaspace: 3353K->3353K(1056768K)], 0.0491330 secs] [Times: user=0.05 sys=0.00, real=0.05 secs] 
2021-10-02T13:26:04.310+0800: 0.892: [GC (CMS Initial Mark) [1 CMS-initial-mark: 174233K(174784K)] 237386K(253440K), 0.0086781 secs] [Times: user=0.00 sys=0.00, real=0.01 secs] 
2021-10-02T13:26:04.319+0800: 0.901: [CMS-concurrent-mark-start]
2021-10-02T13:26:04.322+0800: 0.904: [Full GC (Allocation Failure) 2021-10-02T13:26:04.322+0800: 0.904: [CMS2021-10-02T13:26:04.338+0800: 0.920: [CMS-concurrent-mark: 0.004/0.019 secs] [Times: user=0.00 sys=0.00, real=0.02 secs] 
 (concurrent mode failure): 174603K->174657K(174784K), 0.0649596 secs] 253259K->241048K(253440K), [Metaspace: 3353K->3353K(1056768K)], 0.0650204 secs] [Times: user=0.06 sys=0.00, real=0.07 secs] 
2021-10-02T13:26:04.388+0800: 0.971: [Full GC (Allocation Failure) 2021-10-02T13:26:04.388+0800: 0.971: [CMS: 174657K->174602K(174784K), 0.0514807 secs] 253259K->243550K(253440K), [Metaspace: 3353K->3353K(1056768K)], 0.0515523 secs] [Times: user=0.05 sys=0.00, real=0.05 secs] 
2021-10-02T13:26:04.440+0800: 1.022: [GC (CMS Initial Mark) [1 CMS-initial-mark: 174602K(174784K)] 243694K(253440K), 0.0095088 secs] [Times: user=0.02 sys=0.00, real=0.01 secs] 
2021-10-02T13:26:04.450+0800: 1.032: [CMS-concurrent-mark-start]
2021-10-02T13:26:04.451+0800: 1.034: [Full GC (Allocation Failure) 2021-10-02T13:26:04.451+0800: 1.034: [CMS2021-10-02T13:26:04.465+0800: 1.047: [CMS-concurrent-mark: 0.005/0.015 secs] [Times: user=0.05 sys=0.00, real=0.01 secs] 
 (concurrent mode failure): 174602K->174571K(174784K), 0.0642262 secs] 253028K->244749K(253440K), [Metaspace: 3437K->3437K(1056768K)], 0.0642874 secs] [Times: user=0.09 sys=0.00, real=0.07 secs] 
2021-10-02T13:26:04.517+0800: 1.099: [Full GC (Allocation Failure) 2021-10-02T13:26:04.517+0800: 1.099: [CMS: 174648K->174598K(174784K), 0.0486279 secs] 253244K->246084K(253440K), [Metaspace: 3479K->3479K(1056768K)], 0.0486926 secs] [Times: user=0.05 sys=0.00, real=0.05 secs] 
2021-10-02T13:26:04.566+0800: 1.148: [GC (CMS Initial Mark) [1 CMS-initial-mark: 174598K(174784K)] 246980K(253440K), 0.0078833 secs] [Times: user=0.02 sys=0.00, real=0.01 secs] 
2021-10-02T13:26:04.574+0800: 1.156: [CMS-concurrent-mark-start]
Heap
 par new generation   total 78656K, used 72387K [0x00000000f0000000, 0x00000000f5550000, 0x00000000f5550000)
  eden space 69952K, 100% used [0x00000000f0000000, 0x00000000f4450000, 0x00000000f4450000)
  from space 8704K,  27% used [0x00000000f4cd0000, 0x00000000f4f30cf0, 0x00000000f5550000)
  to   space 8704K,   0% used [0x00000000f4450000, 0x00000000f4450000, 0x00000000f4cd0000)
 concurrent mark-sweep generation total 174784K, used 174598K [0x00000000f5550000, 0x0000000100000000, 0x0000000100000000)
 Metaspace       used 3490K, capacity 4500K, committed 4864K, reserved 1056768K
  class space    used 379K, capacity 388K, committed 512K, reserved 1048576K
