Java HotSpot(TM) 64-Bit Server VM (25.77-b03) for windows-amd64 JRE (1.8.0_77-b03), built on Mar 20 2016 22:01:33 by "java_re" with MS VC++ 10.0 (VS2010)
Memory: 4k page, physical 33410456k(23046388k free), swap 35507608k(22070640k free)
CommandLine flags: -XX:InitialHeapSize=134217728 -XX:MaxHeapSize=134217728 -XX:MaxNewSize=44740608 -XX:MaxTenuringThreshold=6 -XX:NewSize=44740608 -XX:OldPLABSize=16 -XX:OldSize=89477120 -XX:+PrintGC -XX:+PrintGCDateStamps -XX:+PrintGCDetails -XX:+PrintGCTimeStamps -XX:+UseCompressedClassPointers -XX:+UseCompressedOops -XX:+UseConcMarkSweepGC -XX:-UseLargePagesIndividualAllocation -XX:+UseParNewGC 
2021-10-02T13:26:42.338+0800: 0.171: [GC (Allocation Failure) 2021-10-02T13:26:42.338+0800: 0.171: [ParNew: 34660K->4352K(39296K), 0.0065972 secs] 34660K->12809K(126720K), 0.0067940 secs] [Times: user=0.00 sys=0.00, real=0.01 secs] 
2021-10-02T13:26:42.350+0800: 0.183: [GC (Allocation Failure) 2021-10-02T13:26:42.350+0800: 0.183: [ParNew: 39229K->4352K(39296K), 0.0037454 secs] 47687K->24718K(126720K), 0.0038008 secs] [Times: user=0.00 sys=0.00, real=0.00 secs] 
2021-10-02T13:26:42.359+0800: 0.192: [GC (Allocation Failure) 2021-10-02T13:26:42.359+0800: 0.192: [ParNew: 39296K->4348K(39296K), 0.0072968 secs] 59662K->37026K(126720K), 0.0073516 secs] [Times: user=0.00 sys=0.00, real=0.01 secs] 
2021-10-02T13:26:42.371+0800: 0.204: [GC (Allocation Failure) 2021-10-02T13:26:42.371+0800: 0.204: [ParNew: 39118K->4351K(39296K), 0.0083311 secs] 71796K->52144K(126720K), 0.0083883 secs] [Times: user=0.00 sys=0.00, real=0.01 secs] 
2021-10-02T13:26:42.380+0800: 0.213: [GC (CMS Initial Mark) [1 CMS-initial-mark: 47793K(87424K)] 53122K(126720K), 0.0011622 secs] [Times: user=0.00 sys=0.00, real=0.00 secs] 
2021-10-02T13:26:42.381+0800: 0.214: [CMS-concurrent-mark-start]
2021-10-02T13:26:42.382+0800: 0.216: [CMS-concurrent-mark: 0.002/0.002 secs] [Times: user=0.00 sys=0.00, real=0.00 secs] 
2021-10-02T13:26:42.383+0800: 0.216: [CMS-concurrent-preclean-start]
2021-10-02T13:26:42.383+0800: 0.216: [CMS-concurrent-preclean: 0.000/0.000 secs] [Times: user=0.00 sys=0.00, real=0.00 secs] 
2021-10-02T13:26:42.383+0800: 0.216: [CMS-concurrent-abortable-preclean-start]
2021-10-02T13:26:42.386+0800: 0.219: [GC (Allocation Failure) 2021-10-02T13:26:42.386+0800: 0.219: [ParNew: 39283K->4341K(39296K), 0.0060152 secs] 87077K->60938K(126720K), 0.0060801 secs] [Times: user=0.00 sys=0.00, real=0.01 secs] 
2021-10-02T13:26:42.396+0800: 0.229: [GC (Allocation Failure) 2021-10-02T13:26:42.396+0800: 0.229: [ParNew: 39237K->4348K(39296K), 0.0087921 secs] 95834K->75517K(126720K), 0.0088449 secs] [Times: user=0.14 sys=0.02, real=0.01 secs] 
2021-10-02T13:26:42.406+0800: 0.239: [CMS-concurrent-abortable-preclean: 0.003/0.023 secs] [Times: user=0.17 sys=0.02, real=0.02 secs] 
2021-10-02T13:26:42.406+0800: 0.239: [GC (CMS Final Remark) [YG occupancy: 19755 K (39296 K)]2021-10-02T13:26:42.406+0800: 0.239: [Rescan (parallel) , 0.0007329 secs]2021-10-02T13:26:42.407+0800: 0.240: [weak refs processing, 0.0000449 secs]2021-10-02T13:26:42.407+0800: 0.240: [class unloading, 0.0002145 secs]2021-10-02T13:26:42.407+0800: 0.240: [scrub symbol table, 0.0003382 secs]2021-10-02T13:26:42.408+0800: 0.241: [scrub string table, 0.0000936 secs][1 CMS-remark: 71169K(87424K)] 90924K(126720K), 0.0015028 secs] [Times: user=0.00 sys=0.00, real=0.00 secs] 
2021-10-02T13:26:42.408+0800: 0.241: [CMS-concurrent-sweep-start]
2021-10-02T13:26:42.408+0800: 0.241: [CMS-concurrent-sweep: 0.000/0.000 secs] [Times: user=0.00 sys=0.00, real=0.00 secs] 
2021-10-02T13:26:42.408+0800: 0.241: [CMS-concurrent-reset-start]
2021-10-02T13:26:42.408+0800: 0.242: [CMS-concurrent-reset: 0.000/0.000 secs] [Times: user=0.00 sys=0.00, real=0.00 secs] 
2021-10-02T13:26:42.410+0800: 0.243: [GC (Allocation Failure) 2021-10-02T13:26:42.410+0800: 0.243: [ParNew: 39292K->4346K(39296K), 0.0082225 secs] 107016K->88559K(126720K), 0.0082702 secs] [Times: user=0.14 sys=0.00, real=0.01 secs] 
2021-10-02T13:26:42.418+0800: 0.251: [GC (CMS Initial Mark) [1 CMS-initial-mark: 84212K(87424K)] 88703K(126720K), 0.0005626 secs] [Times: user=0.00 sys=0.00, real=0.00 secs] 
2021-10-02T13:26:42.419+0800: 0.252: [CMS-concurrent-mark-start]
2021-10-02T13:26:42.422+0800: 0.255: [CMS-concurrent-mark: 0.003/0.003 secs] [Times: user=0.00 sys=0.00, real=0.00 secs] 
2021-10-02T13:26:42.422+0800: 0.255: [CMS-concurrent-preclean-start]
2021-10-02T13:26:42.423+0800: 0.256: [CMS-concurrent-preclean: 0.000/0.000 secs] [Times: user=0.00 sys=0.00, real=0.00 secs] 
2021-10-02T13:26:42.423+0800: 0.256: [CMS-concurrent-abortable-preclean-start]
2021-10-02T13:26:42.423+0800: 0.256: [CMS-concurrent-abortable-preclean: 0.000/0.000 secs] [Times: user=0.00 sys=0.00, real=0.00 secs] 
2021-10-02T13:26:42.423+0800: 0.256: [GC (CMS Final Remark) [YG occupancy: 33927 K (39296 K)]2021-10-02T13:26:42.423+0800: 0.256: [Rescan (parallel) , 0.0010118 secs]2021-10-02T13:26:42.424+0800: 0.257: [weak refs processing, 0.0000153 secs]2021-10-02T13:26:42.424+0800: 0.257: [class unloading, 0.0002042 secs]2021-10-02T13:26:42.424+0800: 0.257: [scrub symbol table, 0.0003349 secs]2021-10-02T13:26:42.424+0800: 0.257: [scrub string table, 0.0001001 secs][1 CMS-remark: 84212K(87424K)] 118140K(126720K), 0.0017445 secs] [Times: user=0.00 sys=0.00, real=0.00 secs] 
2021-10-02T13:26:42.425+0800: 0.258: [CMS-concurrent-sweep-start]
2021-10-02T13:26:42.425+0800: 0.258: [CMS-concurrent-sweep: 0.000/0.000 secs] [Times: user=0.00 sys=0.00, real=0.00 secs] 
2021-10-02T13:26:42.425+0800: 0.258: [CMS-concurrent-reset-start]
2021-10-02T13:26:42.425+0800: 0.258: [CMS-concurrent-reset: 0.000/0.000 secs] [Times: user=0.00 sys=0.00, real=0.00 secs] 
2021-10-02T13:26:42.425+0800: 0.258: [GC (Allocation Failure) 2021-10-02T13:26:42.425+0800: 0.258: [ParNew: 39141K->39141K(39296K), 0.0000152 secs]2021-10-02T13:26:42.425+0800: 0.258: [CMS: 77580K->87323K(87424K), 0.0213577 secs] 116721K->92059K(126720K), [Metaspace: 3355K->3355K(1056768K)], 0.0214289 secs] [Times: user=0.02 sys=0.00, real=0.02 secs] 
2021-10-02T13:26:42.447+0800: 0.280: [GC (CMS Initial Mark) [1 CMS-initial-mark: 87323K(87424K)] 92245K(126720K), 0.0005606 secs] [Times: user=0.00 sys=0.02, real=0.00 secs] 
2021-10-02T13:26:42.448+0800: 0.281: [CMS-concurrent-mark-start]
2021-10-02T13:26:42.451+0800: 0.284: [CMS-concurrent-mark: 0.003/0.003 secs] [Times: user=0.00 sys=0.00, real=0.00 secs] 
2021-10-02T13:26:42.451+0800: 0.284: [CMS-concurrent-preclean-start]
2021-10-02T13:26:42.452+0800: 0.285: [Full GC (Allocation Failure) 2021-10-02T13:26:42.452+0800: 0.285: [CMS2021-10-02T13:26:42.455+0800: 0.288: [CMS-concurrent-preclean: 0.004/0.004 secs] [Times: user=0.00 sys=0.00, real=0.00 secs] 
 (concurrent mode failure): 87323K->87292K(87424K), 0.0226296 secs] 126588K->102147K(126720K), [Metaspace: 3355K->3355K(1056768K)], 0.0226892 secs] [Times: user=0.01 sys=0.00, real=0.02 secs] 
2021-10-02T13:26:42.477+0800: 0.310: [Full GC (Allocation Failure) 2021-10-02T13:26:42.477+0800: 0.310: [CMS: 87292K->87364K(87424K), 0.0219314 secs] 126351K->112594K(126720K), [Metaspace: 3355K->3355K(1056768K)], 0.0219855 secs] [Times: user=0.03 sys=0.00, real=0.02 secs] 
2021-10-02T13:26:42.499+0800: 0.332: [GC (CMS Initial Mark) [1 CMS-initial-mark: 87364K(87424K)] 113564K(126720K), 0.0028884 secs] [Times: user=0.00 sys=0.00, real=0.00 secs] 
2021-10-02T13:26:42.502+0800: 0.335: [CMS-concurrent-mark-start]
2021-10-02T13:26:42.505+0800: 0.338: [Full GC (Allocation Failure) 2021-10-02T13:26:42.505+0800: 0.338: [CMS2021-10-02T13:26:42.512+0800: 0.345: [CMS-concurrent-mark: 0.003/0.010 secs] [Times: user=0.00 sys=0.00, real=0.01 secs] 
 (concurrent mode failure): 87364K->87363K(87424K), 0.0304383 secs] 126394K->116836K(126720K), [Metaspace: 3355K->3355K(1056768K)], 0.0304985 secs] [Times: user=0.02 sys=0.00, real=0.03 secs] 
2021-10-02T13:26:42.537+0800: 0.369: [Full GC (Allocation Failure) 2021-10-02T13:26:42.537+0800: 0.370: [CMS: 87363K->86892K(87424K), 0.0212117 secs] 126644K->119271K(126720K), [Metaspace: 3355K->3355K(1056768K)], 0.0212665 secs] [Times: user=0.03 sys=0.00, real=0.02 secs] 
2021-10-02T13:26:42.558+0800: 0.391: [GC (CMS Initial Mark) [1 CMS-initial-mark: 86892K(87424K)] 120370K(126720K), 0.0037436 secs] [Times: user=0.00 sys=0.00, real=0.00 secs] 
2021-10-02T13:26:42.562+0800: 0.395: [CMS-concurrent-mark-start]
2021-10-02T13:26:42.563+0800: 0.396: [Full GC (Allocation Failure) 2021-10-02T13:26:42.563+0800: 0.396: [CMS2021-10-02T13:26:42.578+0800: 0.411: [CMS-concurrent-mark: 0.003/0.016 secs] [Times: user=0.00 sys=0.00, real=0.02 secs] 
 (concurrent mode failure): 87174K->87414K(87424K), 0.0338103 secs] 126384K->121966K(126720K), [Metaspace: 3355K->3355K(1056768K)], 0.0338638 secs] [Times: user=0.02 sys=0.00, real=0.03 secs] 
2021-10-02T13:26:42.597+0800: 0.430: [Full GC (Allocation Failure) 2021-10-02T13:26:42.597+0800: 0.430: [CMS: 87414K->87303K(87424K), 0.0197594 secs] 126679K->124084K(126720K), [Metaspace: 3355K->3355K(1056768K)], 0.0198119 secs] [Times: user=0.02 sys=0.00, real=0.02 secs] 
2021-10-02T13:26:42.617+0800: 0.450: [GC (CMS Initial Mark) [1 CMS-initial-mark: 87303K(87424K)] 124228K(126720K), 0.0039931 secs] [Times: user=0.01 sys=0.00, real=0.00 secs] 
2021-10-02T13:26:42.621+0800: 0.454: [CMS-concurrent-mark-start]
2021-10-02T13:26:42.621+0800: 0.455: [Full GC (Allocation Failure) 2021-10-02T13:26:42.622+0800: 0.455: [CMS2021-10-02T13:26:42.625+0800: 0.458: [CMS-concurrent-mark: 0.003/0.004 secs] [Times: user=0.00 sys=0.00, real=0.00 secs] 
 (concurrent mode failure): 87303K->87230K(87424K), 0.0230540 secs] 126078K->124741K(126720K), [Metaspace: 3355K->3355K(1056768K)], 0.0231047 secs] [Times: user=0.02 sys=0.00, real=0.02 secs] 
2021-10-02T13:26:42.645+0800: 0.478: [Full GC (Allocation Failure) 2021-10-02T13:26:42.645+0800: 0.478: [CMS: 87230K->87051K(87424K), 0.0183155 secs] 126383K->124774K(126720K), [Metaspace: 3355K->3355K(1056768K)], 0.0183636 secs] [Times: user=0.01 sys=0.00, real=0.02 secs] 
2021-10-02T13:26:42.664+0800: 0.497: [GC (CMS Initial Mark) [1 CMS-initial-mark: 87051K(87424K)] 125373K(126720K), 0.0040059 secs] [Times: user=0.02 sys=0.00, real=0.00 secs] 
2021-10-02T13:26:42.668+0800: 0.501: [CMS-concurrent-mark-start]
2021-10-02T13:26:42.668+0800: 0.501: [Full GC (Allocation Failure) 2021-10-02T13:26:42.668+0800: 0.501: [CMS2021-10-02T13:26:42.673+0800: 0.506: [CMS-concurrent-mark: 0.003/0.005 secs] [Times: user=0.00 sys=0.00, real=0.01 secs] 
 (concurrent mode failure): 87051K->87051K(87424K), 0.0169398 secs] 126261K->124841K(126720K), [Metaspace: 3355K->3355K(1056768K)], 0.0169946 secs] [Times: user=0.02 sys=0.00, real=0.02 secs] 
2021-10-02T13:26:42.685+0800: 0.519: [Full GC (Allocation Failure) 2021-10-02T13:26:42.686+0800: 0.519: [CMS: 87266K->87200K(87424K), 0.0237309 secs] 126529K->124783K(126720K), [Metaspace: 3355K->3355K(1056768K)], 0.0237847 secs] [Times: user=0.02 sys=0.00, real=0.02 secs] 
2021-10-02T13:26:42.710+0800: 0.543: [GC (CMS Initial Mark) [1 CMS-initial-mark: 87200K(87424K)] 125031K(126720K), 0.0041084 secs] [Times: user=0.02 sys=0.00, real=0.00 secs] 
2021-10-02T13:26:42.714+0800: 0.547: [CMS-concurrent-mark-start]
2021-10-02T13:26:42.714+0800: 0.547: [Full GC (Allocation Failure) 2021-10-02T13:26:42.714+0800: 0.547: [CMS2021-10-02T13:26:42.722+0800: 0.555: [CMS-concurrent-mark: 0.004/0.009 secs] [Times: user=0.00 sys=0.00, real=0.01 secs] 
 (concurrent mode failure): 87200K->87148K(87424K), 0.0218163 secs] 126336K->125248K(126720K), [Metaspace: 3355K->3355K(1056768K)], 0.0218778 secs] [Times: user=0.02 sys=0.00, real=0.02 secs] 
2021-10-02T13:26:42.736+0800: 0.569: [Full GC (Allocation Failure) 2021-10-02T13:26:42.736+0800: 0.569: [CMS: 87148K->86958K(87424K), 0.0204732 secs] 125967K->125286K(126720K), [Metaspace: 3355K->3355K(1056768K)], 0.0205253 secs] [Times: user=0.01 sys=0.00, real=0.02 secs] 
2021-10-02T13:26:42.757+0800: 0.590: [Full GC (Allocation Failure) 2021-10-02T13:26:42.757+0800: 0.590: [CMS: 86958K->86958K(87424K), 0.0122413 secs] 125871K->125871K(126720K), [Metaspace: 3355K->3355K(1056768K)], 0.0122886 secs] [Times: user=0.02 sys=0.00, real=0.01 secs] 
2021-10-02T13:26:42.769+0800: 0.602: [Full GC (Allocation Failure) 2021-10-02T13:26:42.769+0800: 0.602: [CMS: 86958K->86932K(87424K), 0.0202557 secs] 125871K->125846K(126720K), [Metaspace: 3355K->3355K(1056768K)], 0.0203425 secs] [Times: user=0.01 sys=0.00, real=0.02 secs] 
2021-10-02T13:26:42.790+0800: 0.623: [GC (CMS Initial Mark) [1 CMS-initial-mark: 86932K(87424K)] 125869K(126720K), 0.0040878 secs] [Times: user=0.02 sys=0.00, real=0.00 secs] 
2021-10-02T13:26:42.794+0800: 0.627: [CMS-concurrent-mark-start]
2021-10-02T13:26:42.795+0800: 0.628: [CMS-concurrent-mark: 0.001/0.001 secs] [Times: user=0.00 sys=0.00, real=0.00 secs] 
2021-10-02T13:26:42.795+0800: 0.628: [CMS-concurrent-preclean-start]
Heap
 par new generation   total 39296K, used 38940K [0x00000000f8000000, 0x00000000faaa0000, 0x00000000faaa0000)
  eden space 34944K, 100% used [0x00000000f8000000, 0x00000000fa220000, 0x00000000fa220000)
  from space 4352K,  91% used [0x00000000fa660000, 0x00000000faa473e0, 0x00000000faaa0000)
  to   space 4352K,   0% used [0x00000000fa220000, 0x00000000fa220000, 0x00000000fa660000)
 concurrent mark-sweep generation total 87424K, used 86932K [0x00000000faaa0000, 0x0000000100000000, 0x0000000100000000)
 Metaspace       used 3385K, capacity 4500K, committed 4864K, reserved 1056768K
  class space    used 372K, capacity 388K, committed 512K, reserved 1048576K
