Java HotSpot(TM) 64-Bit Server VM (25.77-b03) for windows-amd64 JRE (1.8.0_77-b03), built on Mar 20 2016 22:01:33 by "java_re" with MS VC++ 10.0 (VS2010)
Memory: 4k page, physical 33410456k(22899756k free), swap 35507608k(21934628k free)
CommandLine flags: -XX:InitialHeapSize=536870912 -XX:MaxHeapSize=536870912 -XX:+PrintGC -XX:+PrintGCDateStamps -XX:+PrintGCTimeStamps -XX:+UseCompressedClassPointers -XX:+UseCompressedOops -XX:+UseG1GC -XX:-UseLargePagesIndividualAllocation 
2021-10-02T13:32:10.594+0800: 0.150: [GC pause (G1 Evacuation Pause) (young) 30M->8653K(512M), 0.0026709 secs]
2021-10-02T13:32:10.606+0800: 0.162: [GC pause (G1 Evacuation Pause) (young) 42M->20M(512M), 0.0033873 secs]
2021-10-02T13:32:10.762+0800: 0.318: [GC pause (G1 Evacuation Pause) (young)-- 400M->260M(512M), 0.0201985 secs]
2021-10-02T13:32:10.786+0800: 0.342: [GC pause (G1 Evacuation Pause) (young) (initial-mark) 261M->259M(512M), 0.0055717 secs]
2021-10-02T13:32:10.792+0800: 0.348: [GC concurrent-root-region-scan-start]
2021-10-02T13:32:10.792+0800: 0.348: [GC concurrent-root-region-scan-end, 0.0002572 secs]
2021-10-02T13:32:10.792+0800: 0.348: [GC concurrent-mark-start]
2021-10-02T13:32:10.802+0800: 0.358: [GC concurrent-mark-end, 0.0096216 secs]
2021-10-02T13:32:10.802+0800: 0.358: [GC remark, 0.0020643 secs]
2021-10-02T13:32:10.804+0800: 0.360: [GC cleanup 332M->332M(512M), 0.0014418 secs]
2021-10-02T13:32:10.814+0800: 0.370: [GC pause (G1 Evacuation Pause) (young) 394M->309M(512M), 0.0058595 secs]
2021-10-02T13:32:10.821+0800: 0.377: [GC pause (G1 Evacuation Pause) (mixed) 321M->264M(512M), 0.0061492 secs]
2021-10-02T13:32:10.830+0800: 0.386: [GC pause (G1 Evacuation Pause) (mixed) 286M->229M(512M), 0.0043229 secs]
2021-10-02T13:32:10.837+0800: 0.393: [GC pause (G1 Evacuation Pause) (mixed) 257M->229M(512M), 0.0046408 secs]
2021-10-02T13:32:10.842+0800: 0.398: [GC pause (G1 Humongous Allocation) (young) (initial-mark) 230M->229M(512M), 0.0030580 secs]
2021-10-02T13:32:10.845+0800: 0.401: [GC concurrent-root-region-scan-start]
2021-10-02T13:32:10.845+0800: 0.401: [GC concurrent-root-region-scan-end, 0.0003124 secs]
2021-10-02T13:32:10.845+0800: 0.401: [GC concurrent-mark-start]
2021-10-02T13:32:10.857+0800: 0.413: [GC concurrent-mark-end, 0.0121346 secs]
2021-10-02T13:32:10.857+0800: 0.414: [GC remark, 0.0028545 secs]
2021-10-02T13:32:10.861+0800: 0.417: [GC cleanup 324M->323M(512M), 0.0021942 secs]
2021-10-02T13:32:10.863+0800: 0.419: [GC concurrent-cleanup-start]
2021-10-02T13:32:10.863+0800: 0.419: [GC concurrent-cleanup-end, 0.0000081 secs]
2021-10-02T13:32:10.876+0800: 0.432: [GC pause (G1 Evacuation Pause) (young)-- 433M->386M(512M), 0.0125616 secs]
2021-10-02T13:32:10.890+0800: 0.446: [GC pause (G1 Evacuation Pause) (mixed) 394M->371M(512M), 0.0046429 secs]
2021-10-02T13:32:10.896+0800: 0.452: [GC pause (G1 Humongous Allocation) (young) (initial-mark) 378M->373M(512M), 0.0020636 secs]
2021-10-02T13:32:10.898+0800: 0.454: [GC concurrent-root-region-scan-start]
2021-10-02T13:32:10.898+0800: 0.454: [GC concurrent-root-region-scan-end, 0.0004591 secs]
2021-10-02T13:32:10.898+0800: 0.454: [GC concurrent-mark-start]
2021-10-02T13:32:10.903+0800: 0.459: [GC pause (G1 Evacuation Pause) (young) 422M->392M(512M), 0.0042454 secs]
2021-10-02T13:32:10.911+0800: 0.466: [GC pause (G1 Evacuation Pause) (young) 413M->398M(512M), 0.0033463 secs]
2021-10-02T13:32:10.917+0800: 0.473: [GC pause (G1 Evacuation Pause) (young) 421M->402M(512M), 0.0035249 secs]
2021-10-02T13:32:10.924+0800: 0.480: [GC pause (G1 Evacuation Pause) (young) 425M->407M(512M), 0.0036625 secs]
2021-10-02T13:32:10.928+0800: 0.484: [GC concurrent-mark-end, 0.0297471 secs]
2021-10-02T13:32:10.928+0800: 0.484: [GC remark, 0.0020182 secs]
2021-10-02T13:32:10.930+0800: 0.486: [GC cleanup 414M->412M(512M), 0.0009609 secs]
2021-10-02T13:32:10.931+0800: 0.487: [GC concurrent-cleanup-start]
2021-10-02T13:32:10.931+0800: 0.487: [GC concurrent-cleanup-end, 0.0000074 secs]
2021-10-02T13:32:10.933+0800: 0.489: [GC pause (G1 Evacuation Pause) (young) 428M->412M(512M), 0.0027389 secs]
2021-10-02T13:32:10.939+0800: 0.495: [GC pause (G1 Evacuation Pause) (mixed) 437M->375M(512M), 0.0040970 secs]
2021-10-02T13:32:10.945+0800: 0.501: [GC pause (G1 Evacuation Pause) (mixed) 398M->342M(512M), 0.0041182 secs]
2021-10-02T13:32:10.952+0800: 0.508: [GC pause (G1 Evacuation Pause) (mixed) 368M->319M(512M), 0.0051769 secs]
2021-10-02T13:32:10.960+0800: 0.516: [GC pause (G1 Evacuation Pause) (mixed) 348M->326M(512M), 0.0040310 secs]
2021-10-02T13:32:10.965+0800: 0.520: [GC pause (G1 Humongous Allocation) (young) (initial-mark) 328M->327M(512M), 0.0021397 secs]
2021-10-02T13:32:10.967+0800: 0.523: [GC concurrent-root-region-scan-start]
2021-10-02T13:32:10.967+0800: 0.523: [GC concurrent-root-region-scan-end, 0.0003452 secs]
2021-10-02T13:32:10.967+0800: 0.523: [GC concurrent-mark-start]
2021-10-02T13:32:10.976+0800: 0.532: [GC pause (G1 Evacuation Pause) (young) 408M->351M(512M), 0.0050942 secs]
2021-10-02T13:32:10.989+0800: 0.544: [GC pause (G1 Evacuation Pause) (young) 410M->370M(512M), 0.0050573 secs]
2021-10-02T13:32:10.995+0800: 0.551: [GC concurrent-mark-end, 0.0279291 secs]
2021-10-02T13:32:10.995+0800: 0.551: [GC remark, 0.0023206 secs]
2021-10-02T13:32:10.998+0800: 0.554: [GC cleanup 384M->383M(512M), 0.0006907 secs]
2021-10-02T13:32:10.998+0800: 0.554: [GC concurrent-cleanup-start]
2021-10-02T13:32:10.999+0800: 0.554: [GC concurrent-cleanup-end, 0.0000116 secs]
2021-10-02T13:32:11.002+0800: 0.557: [GC pause (G1 Evacuation Pause) (young) 411M->379M(512M), 0.0045298 secs]
2021-10-02T13:32:11.008+0800: 0.564: [GC pause (G1 Evacuation Pause) (mixed) 402M->358M(512M), 0.0057704 secs]
2021-10-02T13:32:11.017+0800: 0.573: [GC pause (G1 Evacuation Pause) (mixed) 384M->360M(512M), 0.0039305 secs]
2021-10-02T13:32:11.022+0800: 0.578: [GC pause (G1 Humongous Allocation) (young) (initial-mark) 370M->363M(512M), 0.0029366 secs]
2021-10-02T13:32:11.025+0800: 0.581: [GC concurrent-root-region-scan-start]
2021-10-02T13:32:11.026+0800: 0.582: [GC concurrent-root-region-scan-end, 0.0006309 secs]
2021-10-02T13:32:11.026+0800: 0.582: [GC concurrent-mark-start]
2021-10-02T13:32:11.031+0800: 0.587: [GC pause (G1 Evacuation Pause) (young) 411M->377M(512M), 0.0040632 secs]
2021-10-02T13:32:11.039+0800: 0.595: [GC pause (G1 Evacuation Pause) (young) 412M->388M(512M), 0.0035740 secs]
2021-10-02T13:32:11.046+0800: 0.602: [GC pause (G1 Evacuation Pause) (young) 412M->396M(512M), 0.0023175 secs]
2021-10-02T13:32:11.052+0800: 0.607: [GC pause (G1 Evacuation Pause) (young) 418M->406M(512M), 0.0025945 secs]
2021-10-02T13:32:11.057+0800: 0.613: [GC pause (G1 Evacuation Pause) (young) 434M->414M(512M), 0.0028284 secs]
2021-10-02T13:32:11.064+0800: 0.620: [GC pause (G1 Evacuation Pause) (young) 441M->420M(512M), 0.0025888 secs]
2021-10-02T13:32:11.067+0800: 0.622: [GC concurrent-mark-end, 0.0407879 secs]
2021-10-02T13:32:11.067+0800: 0.622: [GC remark, 0.0017565 secs]
2021-10-02T13:32:11.069+0800: 0.624: [GC cleanup 422M->422M(512M), 0.0005872 secs]
2021-10-02T13:32:11.072+0800: 0.628: [GC pause (G1 Evacuation Pause) (young) 444M->428M(512M), 0.0027849 secs]
2021-10-02T13:32:11.078+0800: 0.634: [GC pause (G1 Evacuation Pause) (mixed)-- 455M->440M(512M), 0.0083477 secs]
2021-10-02T13:32:11.090+0800: 0.645: [GC pause (G1 Evacuation Pause) (mixed)-- 466M->460M(512M), 0.0114954 secs]
2021-10-02T13:32:11.102+0800: 0.658: [GC pause (G1 Humongous Allocation) (young) (initial-mark) 466M->462M(512M), 0.0020857 secs]
2021-10-02T13:32:11.104+0800: 0.660: [GC concurrent-root-region-scan-start]
2021-10-02T13:32:11.104+0800: 0.660: [GC concurrent-root-region-scan-end, 0.0002353 secs]
2021-10-02T13:32:11.104+0800: 0.660: [GC concurrent-mark-start]
2021-10-02T13:32:11.105+0800: 0.661: [GC pause (G1 Evacuation Pause) (young)-- 470M->470M(512M), 0.0027185 secs]
2021-10-02T13:32:11.108+0800: 0.664: [GC pause (G1 Evacuation Pause) (young)-- 471M->471M(512M), 0.0010412 secs]
2021-10-02T13:32:11.110+0800: 0.665: [Full GC (Allocation Failure)  471M->314M(512M), 0.0695621 secs]
2021-10-02T13:32:11.179+0800: 0.735: [GC concurrent-mark-abort]
2021-10-02T13:32:11.180+0800: 0.736: [GC pause (G1 Humongous Allocation) (young) (initial-mark) 322M->316M(512M), 0.0017756 secs]
2021-10-02T13:32:11.182+0800: 0.738: [GC concurrent-root-region-scan-start]
2021-10-02T13:32:11.182+0800: 0.738: [GC concurrent-root-region-scan-end, 0.0003041 secs]
2021-10-02T13:32:11.182+0800: 0.738: [GC concurrent-mark-start]
2021-10-02T13:32:11.188+0800: 0.744: [GC pause (G1 Evacuation Pause) (young) 363M->328M(512M), 0.0034306 secs]
2021-10-02T13:32:11.196+0800: 0.752: [GC pause (G1 Evacuation Pause) (young) 370M->343M(512M), 0.0034058 secs]
2021-10-02T13:32:11.203+0800: 0.759: [GC pause (G1 Evacuation Pause) (young) 372M->354M(512M), 0.0029918 secs]
2021-10-02T13:32:11.208+0800: 0.765: [GC pause (G1 Evacuation Pause) (young) 378M->361M(512M), 0.0025027 secs]
2021-10-02T13:32:11.214+0800: 0.770: [GC pause (G1 Evacuation Pause) (young) 386M->372M(512M), 0.0028719 secs]
2021-10-02T13:32:11.220+0800: 0.776: [GC pause (G1 Evacuation Pause) (young) 400M->380M(512M), 0.0026274 secs]
2021-10-02T13:32:11.223+0800: 0.779: [GC concurrent-mark-end, 0.0409874 secs]
2021-10-02T13:32:11.223+0800: 0.780: [GC remark, 0.0019089 secs]
2021-10-02T13:32:11.225+0800: 0.782: [GC cleanup 385M->385M(512M), 0.0008062 secs]
2021-10-02T13:32:11.228+0800: 0.785: [GC pause (G1 Evacuation Pause) (young) 405M->388M(512M), 0.0025103 secs]
2021-10-02T13:32:11.234+0800: 0.790: [GC pause (G1 Evacuation Pause) (mixed)-- 414M->408M(512M), 0.0039193 secs]
2021-10-02T13:32:11.238+0800: 0.794: [GC pause (G1 Humongous Allocation) (young) (initial-mark) 411M->409M(512M), 0.0016820 secs]
2021-10-02T13:32:11.240+0800: 0.796: [GC concurrent-root-region-scan-start]
2021-10-02T13:32:11.240+0800: 0.796: [GC concurrent-root-region-scan-end, 0.0000678 secs]
2021-10-02T13:32:11.240+0800: 0.796: [GC concurrent-mark-start]
2021-10-02T13:32:11.242+0800: 0.798: [GC pause (G1 Evacuation Pause) (young)-- 425M->421M(512M), 0.0032578 secs]
2021-10-02T13:32:11.246+0800: 0.802: [GC pause (G1 Evacuation Pause) (young)-- 426M->425M(512M), 0.0020247 secs]
2021-10-02T13:32:11.248+0800: 0.805: [GC pause (G1 Evacuation Pause) (young)-- 427M->427M(512M), 0.0016205 secs]
2021-10-02T13:32:11.250+0800: 0.807: [Full GC (Allocation Failure)  427M->339M(512M), 0.0772303 secs]
2021-10-02T13:32:11.328+0800: 0.884: [GC concurrent-mark-abort]
2021-10-02T13:32:11.330+0800: 0.886: [GC pause (G1 Humongous Allocation) (young) (initial-mark) 354M->343M(512M), 0.0019100 secs]
2021-10-02T13:32:11.332+0800: 0.888: [GC concurrent-root-region-scan-start]
2021-10-02T13:32:11.332+0800: 0.888: [GC concurrent-root-region-scan-end, 0.0005379 secs]
2021-10-02T13:32:11.332+0800: 0.888: [GC concurrent-mark-start]
2021-10-02T13:32:11.336+0800: 0.892: [GC pause (G1 Evacuation Pause) (young) 376M->355M(512M), 0.0041095 secs]
2021-10-02T13:32:11.343+0800: 0.899: [GC pause (G1 Evacuation Pause) (young) 383M->367M(512M), 0.0032873 secs]
2021-10-02T13:32:11.349+0800: 0.905: [GC pause (G1 Evacuation Pause) (young) 392M->375M(512M), 0.0030876 secs]
2021-10-02T13:32:11.356+0800: 0.912: [GC pause (G1 Evacuation Pause) (young) 402M->384M(512M), 0.0033287 secs]
2021-10-02T13:32:11.364+0800: 0.920: [GC pause (G1 Evacuation Pause) (young)-- 410M->401M(512M), 0.0037274 secs]
2021-10-02T13:32:11.369+0800: 0.925: [GC pause (G1 Evacuation Pause) (young)-- 415M->411M(512M), 0.0050268 secs]
2021-10-02T13:32:11.375+0800: 0.931: [GC pause (G1 Humongous Allocation) (young)-- 416M->415M(512M), 0.0025408 secs]
2021-10-02T13:32:11.378+0800: 0.934: [GC pause (G1 Evacuation Pause) (young)-- 417M->416M(512M), 0.0014292 secs]
2021-10-02T13:32:11.380+0800: 0.935: [GC pause (G1 Evacuation Pause) (young)-- 417M->417M(512M), 0.0008565 secs]
2021-10-02T13:32:11.381+0800: 0.937: [Full GC (Allocation Failure)  417M->355M(512M), 0.0833363 secs]
2021-10-02T13:32:11.465+0800: 1.020: [GC concurrent-mark-abort]
2021-10-02T13:32:11.465+0800: 1.020: [GC pause (G1 Humongous Allocation) (young) (initial-mark) 356M->355M(512M), 0.0012442 secs]
2021-10-02T13:32:11.466+0800: 1.022: [GC concurrent-root-region-scan-start]
2021-10-02T13:32:11.466+0800: 1.022: [GC concurrent-root-region-scan-end, 0.0000123 secs]
2021-10-02T13:32:11.466+0800: 1.022: [GC concurrent-mark-start]
2021-10-02T13:32:11.472+0800: 1.027: [GC pause (G1 Evacuation Pause) (young) 386M->364M(512M), 0.0030659 secs]
2021-10-02T13:32:11.480+0800: 1.035: [GC pause (G1 Evacuation Pause) (young) 392M->375M(512M), 0.0036854 secs]
2021-10-02T13:32:11.487+0800: 1.043: [GC pause (G1 Evacuation Pause) (young) 402M->385M(512M), 0.0028641 secs]
2021-10-02T13:32:11.495+0800: 1.050: [GC pause (G1 Evacuation Pause) (young)-- 411M->408M(512M), 0.0056399 secs]
2021-10-02T13:32:11.502+0800: 1.058: [GC pause (G1 Evacuation Pause) (young)-- 419M->417M(512M), 0.0040161 secs]
2021-10-02T13:32:11.507+0800: 1.063: [GC pause (G1 Humongous Allocation) (young)-- 419M->419M(512M), 0.0014968 secs]
2021-10-02T13:32:11.509+0800: 1.064: [Full GC (Allocation Failure)  419M->365M(512M), 0.0821897 secs]
2021-10-02T13:32:11.591+0800: 1.147: [GC concurrent-mark-abort]
