Java HotSpot(TM) 64-Bit Server VM (25.77-b03) for windows-amd64 JRE (1.8.0_77-b03), built on Mar 20 2016 22:01:33 by "java_re" with MS VC++ 10.0 (VS2010)
Memory: 4k page, physical 33410456k(22908416k free), swap 35507608k(21948928k free)
CommandLine flags: -XX:InitialHeapSize=2147483648 -XX:MaxHeapSize=2147483648 -XX:+PrintGC -XX:+PrintGCDateStamps -XX:+PrintGCTimeStamps -XX:+UseCompressedClassPointers -XX:+UseCompressedOops -XX:+UseG1GC -XX:-UseLargePagesIndividualAllocation 
2021-10-02T13:33:02.162+0800: 0.234: [GC pause (G1 Evacuation Pause) (young) 128M->46M(2048M), 0.0075947 secs]
2021-10-02T13:33:02.187+0800: 0.260: [GC pause (G1 Evacuation Pause) (young) 156M->83M(2048M), 0.0068309 secs]
2021-10-02T13:33:02.208+0800: 0.280: [GC pause (G1 Evacuation Pause) (young) 189M->121M(2048M), 0.0069851 secs]
2021-10-02T13:33:02.235+0800: 0.307: [GC pause (G1 Evacuation Pause) (young) 234M->157M(2048M), 0.0072492 secs]
2021-10-02T13:33:02.253+0800: 0.326: [GC pause (G1 Evacuation Pause) (young) 265M->195M(2048M), 0.0078964 secs]
2021-10-02T13:33:02.291+0800: 0.364: [GC pause (G1 Evacuation Pause) (young) 357M->246M(2048M), 0.0097437 secs]
2021-10-02T13:33:02.387+0800: 0.459: [GC pause (G1 Evacuation Pause) (young) 575M->342M(2048M), 0.0160614 secs]
2021-10-02T13:33:02.425+0800: 0.497: [GC pause (G1 Evacuation Pause) (young) 533M->389M(2048M), 0.0119825 secs]
2021-10-02T13:33:02.482+0800: 0.555: [GC pause (G1 Evacuation Pause) (young) 700M->478M(2048M), 0.0133416 secs]
2021-10-02T13:33:02.577+0800: 0.649: [GC pause (G1 Evacuation Pause) (young) 893M->583M(2048M), 0.0190066 secs]
2021-10-02T13:33:02.689+0800: 0.762: [GC pause (G1 Evacuation Pause) (young) 1116M->700M(2048M), 0.0209541 secs]
2021-10-02T13:33:02.765+0800: 0.838: [GC pause (G1 Evacuation Pause) (young) 1201M->800M(2048M), 0.0210533 secs]
2021-10-02T13:33:02.838+0800: 0.910: [GC pause (G1 Humongous Allocation) (young) (initial-mark) 1242M->885M(2048M), 0.0173016 secs]
2021-10-02T13:33:02.855+0800: 0.928: [GC concurrent-root-region-scan-start]
2021-10-02T13:33:02.860+0800: 0.932: [GC concurrent-root-region-scan-end, 0.0046241 secs]
2021-10-02T13:33:02.860+0800: 0.932: [GC concurrent-mark-start]
2021-10-02T13:33:02.880+0800: 0.953: [GC concurrent-mark-end, 0.0204491 secs]
2021-10-02T13:33:02.880+0800: 0.953: [GC remark, 0.0029898 secs]
2021-10-02T13:33:02.884+0800: 0.956: [GC cleanup 1061M->870M(2048M), 0.0012944 secs]
2021-10-02T13:33:02.885+0800: 0.957: [GC concurrent-cleanup-start]
2021-10-02T13:33:02.885+0800: 0.958: [GC concurrent-cleanup-end, 0.0001183 secs]
2021-10-02T13:33:02.989+0800: 1.061: [GC pause (G1 Evacuation Pause) (young) 1387M->832M(2048M), 0.0213352 secs]
2021-10-02T13:33:03.014+0800: 1.087: [GC pause (G1 Evacuation Pause) (mixed) 864M->655M(2048M), 0.0118438 secs]
2021-10-02T13:33:03.038+0800: 1.111: [GC pause (G1 Evacuation Pause) (mixed) 764M->672M(2048M), 0.0060401 secs]
