Java HotSpot(TM) 64-Bit Server VM (25.77-b03) for windows-amd64 JRE (1.8.0_77-b03), built on Mar 20 2016 22:01:33 by "java_re" with MS VC++ 10.0 (VS2010)
Memory: 4k page, physical 33410456k(23077644k free), swap 35507608k(22088160k free)
CommandLine flags: -XX:InitialHeapSize=134217728 -XX:MaxHeapSize=134217728 -XX:+PrintGC -XX:+PrintGCDateStamps -XX:+PrintGCDetails -XX:+PrintGCTimeStamps -XX:+UseCompressedClassPointers -XX:+UseCompressedOops -XX:+UseG1GC -XX:-UseLargePagesIndividualAllocation 
2021-10-02T13:28:27.505+0800: 0.144: [GC pause (G1 Evacuation Pause) (young), 0.0022262 secs]
   [Parallel Time: 1.1 ms, GC Workers: 10]
      [GC Worker Start (ms): Min: 143.6, Avg: 143.7, Max: 143.7, Diff: 0.2]
      [Ext Root Scanning (ms): Min: 0.1, Avg: 0.3, Max: 0.9, Diff: 0.8, Sum: 2.9]
      [Update RS (ms): Min: 0.0, Avg: 0.0, Max: 0.0, Diff: 0.0, Sum: 0.0]
         [Processed Buffers: Min: 0, Avg: 0.0, Max: 0, Diff: 0, Sum: 0]
      [Scan RS (ms): Min: 0.0, Avg: 0.0, Max: 0.0, Diff: 0.0, Sum: 0.0]
      [Code Root Scanning (ms): Min: 0.0, Avg: 0.0, Max: 0.0, Diff: 0.0, Sum: 0.0]
      [Object Copy (ms): Min: 0.0, Avg: 0.5, Max: 0.7, Diff: 0.6, Sum: 5.0]
      [Termination (ms): Min: 0.0, Avg: 0.0, Max: 0.1, Diff: 0.1, Sum: 0.4]
         [Termination Attempts: Min: 1, Avg: 9.2, Max: 16, Diff: 15, Sum: 92]
      [GC Worker Other (ms): Min: 0.0, Avg: 0.0, Max: 0.1, Diff: 0.0, Sum: 0.3]
      [GC Worker Total (ms): Min: 0.8, Avg: 0.9, Max: 1.0, Diff: 0.2, Sum: 8.7]
      [GC Worker End (ms): Min: 144.5, Avg: 144.5, Max: 144.5, Diff: 0.0]
   [Code Root Fixup: 0.0 ms]
   [Code Root Purge: 0.0 ms]
   [Clear CT: 0.4 ms]
   [Other: 0.8 ms]
      [Choose CSet: 0.0 ms]
      [Ref Proc: 0.3 ms]
      [Ref Enq: 0.0 ms]
      [Redirty Cards: 0.4 ms]
      [Humongous Register: 0.0 ms]
      [Humongous Reclaim: 0.0 ms]
      [Free CSet: 0.0 ms]
   [Eden: 9216.0K(9216.0K)->0.0B(18.0M) Survivors: 0.0B->2048.0K Heap: 10.8M(128.0M)->5165.9K(128.0M)]
 [Times: user=0.00 sys=0.00, real=0.00 secs] 
2021-10-02T13:28:27.519+0800: 0.158: [GC pause (G1 Evacuation Pause) (young), 0.0038419 secs]
   [Parallel Time: 2.1 ms, GC Workers: 10]
      [GC Worker Start (ms): Min: 158.1, Avg: 158.2, Max: 158.2, Diff: 0.1]
      [Ext Root Scanning (ms): Min: 0.1, Avg: 0.1, Max: 0.2, Diff: 0.1, Sum: 1.1]
      [Update RS (ms): Min: 0.0, Avg: 0.1, Max: 0.2, Diff: 0.2, Sum: 0.9]
         [Processed Buffers: Min: 1, Avg: 1.1, Max: 2, Diff: 1, Sum: 11]
      [Scan RS (ms): Min: 0.0, Avg: 0.0, Max: 0.0, Diff: 0.0, Sum: 0.0]
      [Code Root Scanning (ms): Min: 0.0, Avg: 0.0, Max: 0.0, Diff: 0.0, Sum: 0.0]
      [Object Copy (ms): Min: 1.5, Avg: 1.5, Max: 1.6, Diff: 0.1, Sum: 15.5]
      [Termination (ms): Min: 0.0, Avg: 0.0, Max: 0.0, Diff: 0.0, Sum: 0.2]
         [Termination Attempts: Min: 56, Avg: 70.5, Max: 91, Diff: 35, Sum: 705]
      [GC Worker Other (ms): Min: 0.0, Avg: 0.0, Max: 0.0, Diff: 0.0, Sum: 0.1]
      [GC Worker Total (ms): Min: 1.7, Avg: 1.8, Max: 1.9, Diff: 0.2, Sum: 17.8]
      [GC Worker End (ms): Min: 159.9, Avg: 159.9, Max: 159.9, Diff: 0.0]
   [Code Root Fixup: 0.0 ms]
   [Code Root Purge: 0.0 ms]
   [Clear CT: 0.8 ms]
   [Other: 0.9 ms]
      [Choose CSet: 0.0 ms]
      [Ref Proc: 0.5 ms]
      [Ref Enq: 0.0 ms]
      [Redirty Cards: 0.3 ms]
      [Humongous Register: 0.0 ms]
      [Humongous Reclaim: 0.0 ms]
      [Free CSet: 0.0 ms]
   [Eden: 18.0M(18.0M)->0.0B(30.0M) Survivors: 2048.0K->3072.0K Heap: 28.5M(128.0M)->13.4M(128.0M)]
 [Times: user=0.00 sys=0.00, real=0.00 secs] 
2021-10-02T13:28:27.531+0800: 0.170: [GC pause (G1 Evacuation Pause) (young), 0.0040209 secs]
   [Parallel Time: 2.5 ms, GC Workers: 10]
      [GC Worker Start (ms): Min: 169.9, Avg: 170.0, Max: 170.1, Diff: 0.2]
      [Ext Root Scanning (ms): Min: 0.0, Avg: 0.1, Max: 0.2, Diff: 0.2, Sum: 0.7]
      [Update RS (ms): Min: 0.0, Avg: 0.1, Max: 0.3, Diff: 0.2, Sum: 0.8]
         [Processed Buffers: Min: 1, Avg: 1.1, Max: 2, Diff: 1, Sum: 11]
      [Scan RS (ms): Min: 0.0, Avg: 0.0, Max: 0.0, Diff: 0.0, Sum: 0.0]
      [Code Root Scanning (ms): Min: 0.0, Avg: 0.0, Max: 0.0, Diff: 0.0, Sum: 0.0]
      [Object Copy (ms): Min: 1.7, Avg: 1.9, Max: 1.9, Diff: 0.2, Sum: 18.5]
      [Termination (ms): Min: 0.0, Avg: 0.1, Max: 0.1, Diff: 0.0, Sum: 0.5]
         [Termination Attempts: Min: 100, Avg: 115.7, Max: 145, Diff: 45, Sum: 1157]
      [GC Worker Other (ms): Min: 0.0, Avg: 0.0, Max: 0.0, Diff: 0.0, Sum: 0.1]
      [GC Worker Total (ms): Min: 2.0, Avg: 2.1, Max: 2.2, Diff: 0.2, Sum: 20.8]
      [GC Worker End (ms): Min: 172.1, Avg: 172.1, Max: 172.1, Diff: 0.0]
   [Code Root Fixup: 0.0 ms]
   [Code Root Purge: 0.0 ms]
   [Clear CT: 0.7 ms]
   [Other: 0.8 ms]
      [Choose CSet: 0.0 ms]
      [Ref Proc: 0.5 ms]
      [Ref Enq: 0.0 ms]
      [Redirty Cards: 0.3 ms]
      [Humongous Register: 0.0 ms]
      [Humongous Reclaim: 0.0 ms]
      [Free CSet: 0.0 ms]
   [Eden: 30.0M(30.0M)->0.0B(57.0M) Survivors: 3072.0K->5120.0K Heap: 45.3M(128.0M)->27.7M(128.0M)]
 [Times: user=0.00 sys=0.00, real=0.00 secs] 
2021-10-02T13:28:27.559+0800: 0.197: [GC pause (G1 Evacuation Pause) (young) (to-space exhausted), 0.0038646 secs]
   [Parallel Time: 3.1 ms, GC Workers: 10]
      [GC Worker Start (ms): Min: 197.4, Avg: 197.4, Max: 197.5, Diff: 0.1]
      [Ext Root Scanning (ms): Min: 0.1, Avg: 0.1, Max: 0.1, Diff: 0.1, Sum: 1.0]
      [Update RS (ms): Min: 0.0, Avg: 0.1, Max: 0.1, Diff: 0.1, Sum: 0.7]
         [Processed Buffers: Min: 1, Avg: 1.9, Max: 3, Diff: 2, Sum: 19]
      [Scan RS (ms): Min: 0.0, Avg: 0.0, Max: 0.0, Diff: 0.0, Sum: 0.0]
      [Code Root Scanning (ms): Min: 0.0, Avg: 0.0, Max: 0.0, Diff: 0.0, Sum: 0.0]
      [Object Copy (ms): Min: 2.6, Avg: 2.6, Max: 2.6, Diff: 0.1, Sum: 26.0]
      [Termination (ms): Min: 0.0, Avg: 0.0, Max: 0.0, Diff: 0.0, Sum: 0.0]
         [Termination Attempts: Min: 7, Avg: 17.9, Max: 25, Diff: 18, Sum: 179]
      [GC Worker Other (ms): Min: 0.0, Avg: 0.0, Max: 0.0, Diff: 0.0, Sum: 0.2]
      [GC Worker Total (ms): Min: 2.8, Avg: 2.8, Max: 2.8, Diff: 0.1, Sum: 28.0]
      [GC Worker End (ms): Min: 200.2, Avg: 200.2, Max: 200.3, Diff: 0.0]
   [Code Root Fixup: 0.0 ms]
   [Code Root Purge: 0.0 ms]
   [Clear CT: 0.2 ms]
   [Other: 0.6 ms]
      [Evacuation Failure: 0.2 ms]
      [Choose CSet: 0.0 ms]
      [Ref Proc: 0.2 ms]
      [Ref Enq: 0.0 ms]
      [Redirty Cards: 0.1 ms]
      [Humongous Register: 0.0 ms]
      [Humongous Reclaim: 0.0 ms]
      [Free CSet: 0.0 ms]
   [Eden: 57.0M(57.0M)->0.0B(34.0M) Survivors: 5120.0K->8192.0K Heap: 98.0M(128.0M)->58.7M(128.0M)]
 [Times: user=0.00 sys=0.00, real=0.00 secs] 
2021-10-02T13:28:27.563+0800: 0.202: [GC pause (G1 Humongous Allocation) (young) (initial-mark), 0.0034537 secs]
   [Parallel Time: 1.7 ms, GC Workers: 10]
      [GC Worker Start (ms): Min: 201.8, Avg: 201.9, Max: 202.0, Diff: 0.2]
      [Ext Root Scanning (ms): Min: 0.0, Avg: 0.2, Max: 0.3, Diff: 0.3, Sum: 2.3]
      [Update RS (ms): Min: 0.0, Avg: 0.1, Max: 0.2, Diff: 0.2, Sum: 0.7]
         [Processed Buffers: Min: 0, Avg: 2.8, Max: 9, Diff: 9, Sum: 28]
      [Scan RS (ms): Min: 0.0, Avg: 0.0, Max: 0.0, Diff: 0.0, Sum: 0.0]
      [Code Root Scanning (ms): Min: 0.0, Avg: 0.0, Max: 0.0, Diff: 0.0, Sum: 0.0]
      [Object Copy (ms): Min: 1.0, Avg: 1.1, Max: 1.2, Diff: 0.2, Sum: 10.9]
      [Termination (ms): Min: 0.0, Avg: 0.0, Max: 0.1, Diff: 0.0, Sum: 0.3]
         [Termination Attempts: Min: 61, Avg: 78.6, Max: 87, Diff: 26, Sum: 786]
      [GC Worker Other (ms): Min: 0.0, Avg: 0.0, Max: 0.1, Diff: 0.0, Sum: 0.1]
      [GC Worker Total (ms): Min: 1.3, Avg: 1.4, Max: 1.5, Diff: 0.2, Sum: 14.4]
      [GC Worker End (ms): Min: 203.3, Avg: 203.3, Max: 203.3, Diff: 0.0]
   [Code Root Fixup: 0.0 ms]
   [Code Root Purge: 0.0 ms]
   [Clear CT: 0.8 ms]
   [Other: 1.0 ms]
      [Choose CSet: 0.0 ms]
      [Ref Proc: 0.4 ms]
      [Ref Enq: 0.0 ms]
      [Redirty Cards: 0.5 ms]
      [Humongous Register: 0.0 ms]
      [Humongous Reclaim: 0.0 ms]
      [Free CSet: 0.0 ms]
   [Eden: 4096.0K(34.0M)->0.0B(35.0M) Survivors: 8192.0K->1024.0K Heap: 62.6M(128.0M)->58.7M(128.0M)]
 [Times: user=0.00 sys=0.00, real=0.00 secs] 
2021-10-02T13:28:27.572+0800: 0.210: [GC pause (G1 Evacuation Pause) (young)2021-10-02T13:28:27.579+0800: 0.218: [GC concurrent-root-region-scan-start]
2021-10-02T13:28:27.579+0800: 0.218: [GC concurrent-root-region-scan-end, 0.0002217 secs]
2021-10-02T13:28:27.579+0800: 0.218: [GC concurrent-mark-start]
, 0.0111224 secs]
   [Root Region Scan Waiting: 8.0 ms]
   [Parallel Time: 2.1 ms, GC Workers: 10]
      [GC Worker Start (ms): Min: 218.2, Avg: 218.3, Max: 218.4, Diff: 0.2]
      [Ext Root Scanning (ms): Min: 0.0, Avg: 0.1, Max: 0.2, Diff: 0.1, Sum: 0.8]
      [Update RS (ms): Min: 0.5, Avg: 0.5, Max: 0.5, Diff: 0.0, Sum: 4.8]
         [Processed Buffers: Min: 7, Avg: 7.7, Max: 9, Diff: 2, Sum: 77]
      [Scan RS (ms): Min: 0.0, Avg: 0.0, Max: 0.0, Diff: 0.0, Sum: 0.0]
      [Code Root Scanning (ms): Min: 0.0, Avg: 0.0, Max: 0.0, Diff: 0.0, Sum: 0.0]
      [Object Copy (ms): Min: 1.2, Avg: 1.3, Max: 1.4, Diff: 0.2, Sum: 12.6]
      [Termination (ms): Min: 0.0, Avg: 0.1, Max: 0.2, Diff: 0.2, Sum: 1.4]
         [Termination Attempts: Min: 1, Avg: 11.9, Max: 16, Diff: 15, Sum: 119]
      [GC Worker Other (ms): Min: 0.0, Avg: 0.0, Max: 0.0, Diff: 0.0, Sum: 0.1]
      [GC Worker Total (ms): Min: 1.9, Avg: 2.0, Max: 2.1, Diff: 0.2, Sum: 19.8]
      [GC Worker End (ms): Min: 220.3, Avg: 220.3, Max: 220.3, Diff: 0.0]
   [Code Root Fixup: 0.0 ms]
   [Code Root Purge: 0.0 ms]
   [Clear CT: 0.1 ms]
   [Other: 0.9 ms]
      [Choose CSet: 0.0 ms]
      [Ref Proc: 0.2 ms]
      [Ref Enq: 0.0 ms]
      [Redirty Cards: 0.2 ms]
      [Humongous Register: 0.0 ms]
      [Humongous Reclaim: 0.4 ms]
      [Free CSet: 0.0 ms]
   [Eden: 35.0M(35.0M)->0.0B(23.0M) Survivors: 1024.0K->5120.0K Heap: 102.0M(128.0M)->74.2M(128.0M)]
 [Times: user=0.00 sys=0.00, real=0.01 secs] 
2021-10-02T13:28:27.586+0800: 0.225: [GC pause (G1 Evacuation Pause) (young), 0.0021677 secs]
   [Parallel Time: 1.7 ms, GC Workers: 10]
      [GC Worker Start (ms): Min: 225.3, Avg: 225.4, Max: 225.5, Diff: 0.2]
      [Ext Root Scanning (ms): Min: 0.0, Avg: 0.1, Max: 0.2, Diff: 0.2, Sum: 0.7]
      [Update RS (ms): Min: 0.1, Avg: 0.2, Max: 0.2, Diff: 0.1, Sum: 1.6]
         [Processed Buffers: Min: 1, Avg: 2.3, Max: 3, Diff: 2, Sum: 23]
      [Scan RS (ms): Min: 0.0, Avg: 0.0, Max: 0.0, Diff: 0.0, Sum: 0.1]
      [Code Root Scanning (ms): Min: 0.0, Avg: 0.0, Max: 0.0, Diff: 0.0, Sum: 0.0]
      [Object Copy (ms): Min: 1.2, Avg: 1.2, Max: 1.2, Diff: 0.0, Sum: 12.1]
      [Termination (ms): Min: 0.0, Avg: 0.0, Max: 0.1, Diff: 0.1, Sum: 0.4]
         [Termination Attempts: Min: 1, Avg: 21.8, Max: 28, Diff: 27, Sum: 218]
      [GC Worker Other (ms): Min: 0.0, Avg: 0.0, Max: 0.0, Diff: 0.0, Sum: 0.1]
      [GC Worker Total (ms): Min: 1.4, Avg: 1.5, Max: 1.6, Diff: 0.2, Sum: 14.9]
      [GC Worker End (ms): Min: 226.9, Avg: 226.9, Max: 226.9, Diff: 0.0]
   [Code Root Fixup: 0.0 ms]
   [Code Root Purge: 0.0 ms]
   [Clear CT: 0.2 ms]
   [Other: 0.3 ms]
      [Choose CSet: 0.0 ms]
      [Ref Proc: 0.1 ms]
      [Ref Enq: 0.0 ms]
      [Redirty Cards: 0.1 ms]
      [Humongous Register: 0.0 ms]
      [Humongous Reclaim: 0.0 ms]
      [Free CSet: 0.0 ms]
   [Eden: 23.0M(23.0M)->0.0B(14.0M) Survivors: 5120.0K->4096.0K Heap: 103.8M(128.0M)->86.0M(128.0M)]
 [Times: user=0.00 sys=0.02, real=0.00 secs] 
2021-10-02T13:28:27.589+0800: 0.229: [GC concurrent-mark-end, 0.0103706 secs]
2021-10-02T13:28:27.589+0800: 0.229: [GC remark 2021-10-02T13:28:27.589+0800: 0.229: [Finalize Marking, 0.0004780 secs] 2021-10-02T13:28:27.590+0800: 0.229: [GC ref-proc, 0.0002918 secs] 2021-10-02T13:28:27.590+0800: 0.229: [Unloading, 0.0004419 secs], 0.0019564 secs]
 [Times: user=0.00 sys=0.00, real=0.00 secs] 
2021-10-02T13:28:27.591+0800: 0.231: [GC cleanup 94M->94M(128M), 0.0008252 secs]
 [Times: user=0.00 sys=0.00, real=0.00 secs] 
2021-10-02T13:28:27.594+0800: 0.233: [GC pause (G1 Evacuation Pause) (young), 0.0027391 secs]
   [Parallel Time: 1.7 ms, GC Workers: 10]
      [GC Worker Start (ms): Min: 233.2, Avg: 233.2, Max: 233.3, Diff: 0.1]
      [Ext Root Scanning (ms): Min: 0.1, Avg: 0.1, Max: 0.1, Diff: 0.1, Sum: 1.0]
      [Update RS (ms): Min: 0.1, Avg: 0.2, Max: 0.2, Diff: 0.1, Sum: 1.5]
         [Processed Buffers: Min: 2, Avg: 2.4, Max: 3, Diff: 1, Sum: 24]
      [Scan RS (ms): Min: 0.0, Avg: 0.0, Max: 0.0, Diff: 0.0, Sum: 0.0]
      [Code Root Scanning (ms): Min: 0.0, Avg: 0.0, Max: 0.0, Diff: 0.0, Sum: 0.0]
      [Object Copy (ms): Min: 0.8, Avg: 0.9, Max: 1.3, Diff: 0.4, Sum: 9.4]
      [Termination (ms): Min: 0.0, Avg: 0.3, Max: 0.4, Diff: 0.4, Sum: 3.1]
         [Termination Attempts: Min: 11, Avg: 28.4, Max: 47, Diff: 36, Sum: 284]
      [GC Worker Other (ms): Min: 0.0, Avg: 0.0, Max: 0.0, Diff: 0.0, Sum: 0.1]
      [GC Worker Total (ms): Min: 1.5, Avg: 1.5, Max: 1.5, Diff: 0.1, Sum: 15.2]
      [GC Worker End (ms): Min: 234.7, Avg: 234.7, Max: 234.8, Diff: 0.0]
   [Code Root Fixup: 0.0 ms]
   [Code Root Purge: 0.0 ms]
   [Clear CT: 0.3 ms]
   [Other: 0.8 ms]
      [Choose CSet: 0.0 ms]
      [Ref Proc: 0.5 ms]
      [Ref Enq: 0.0 ms]
      [Redirty Cards: 0.2 ms]
      [Humongous Register: 0.0 ms]
      [Humongous Reclaim: 0.0 ms]
      [Free CSet: 0.0 ms]
   [Eden: 14.0M(14.0M)->0.0B(6144.0K) Survivors: 4096.0K->3072.0K Heap: 104.8M(128.0M)->93.6M(128.0M)]
 [Times: user=0.00 sys=0.00, real=0.00 secs] 
2021-10-02T13:28:27.598+0800: 0.237: [GC pause (G1 Evacuation Pause) (mixed), 0.0025111 secs]
   [Parallel Time: 1.4 ms, GC Workers: 10]
      [GC Worker Start (ms): Min: 237.2, Avg: 237.3, Max: 237.3, Diff: 0.1]
      [Ext Root Scanning (ms): Min: 0.1, Avg: 0.1, Max: 0.2, Diff: 0.1, Sum: 1.0]
      [Update RS (ms): Min: 0.0, Avg: 0.0, Max: 0.0, Diff: 0.0, Sum: 0.2]
         [Processed Buffers: Min: 0, Avg: 1.1, Max: 2, Diff: 2, Sum: 11]
      [Scan RS (ms): Min: 0.0, Avg: 0.0, Max: 0.0, Diff: 0.0, Sum: 0.0]
      [Code Root Scanning (ms): Min: 0.0, Avg: 0.0, Max: 0.0, Diff: 0.0, Sum: 0.0]
      [Object Copy (ms): Min: 0.8, Avg: 0.8, Max: 0.9, Diff: 0.1, Sum: 8.4]
      [Termination (ms): Min: 0.0, Avg: 0.1, Max: 0.1, Diff: 0.1, Sum: 0.7]
         [Termination Attempts: Min: 1, Avg: 15.1, Max: 21, Diff: 20, Sum: 151]
      [GC Worker Other (ms): Min: 0.0, Avg: 0.0, Max: 0.0, Diff: 0.0, Sum: 0.1]
      [GC Worker Total (ms): Min: 1.0, Avg: 1.0, Max: 1.1, Diff: 0.1, Sum: 10.4]
      [GC Worker End (ms): Min: 238.3, Avg: 238.3, Max: 238.3, Diff: 0.0]
   [Code Root Fixup: 0.0 ms]
   [Code Root Purge: 0.0 ms]
   [Clear CT: 0.4 ms]
   [Other: 0.7 ms]
      [Choose CSet: 0.0 ms]
      [Ref Proc: 0.3 ms]
      [Ref Enq: 0.0 ms]
      [Redirty Cards: 0.4 ms]
      [Humongous Register: 0.0 ms]
      [Humongous Reclaim: 0.0 ms]
      [Free CSet: 0.0 ms]
   [Eden: 6144.0K(6144.0K)->0.0B(10.0M) Survivors: 3072.0K->2048.0K Heap: 99.6M(128.0M)->89.1M(128.0M)]
 [Times: user=0.00 sys=0.00, real=0.00 secs] 
2021-10-02T13:28:27.601+0800: 0.240: [GC pause (G1 Humongous Allocation) (young) (initial-mark), 0.0016374 secs]
   [Parallel Time: 0.7 ms, GC Workers: 10]
      [GC Worker Start (ms): Min: 240.1, Avg: 240.1, Max: 240.2, Diff: 0.1]
      [Ext Root Scanning (ms): Min: 0.1, Avg: 0.1, Max: 0.1, Diff: 0.1, Sum: 1.0]
      [Update RS (ms): Min: 0.0, Avg: 0.0, Max: 0.0, Diff: 0.0, Sum: 0.1]
         [Processed Buffers: Min: 1, Avg: 1.3, Max: 2, Diff: 1, Sum: 13]
      [Scan RS (ms): Min: 0.0, Avg: 0.0, Max: 0.0, Diff: 0.0, Sum: 0.0]
      [Code Root Scanning (ms): Min: 0.0, Avg: 0.0, Max: 0.0, Diff: 0.0, Sum: 0.0]
      [Object Copy (ms): Min: 0.1, Avg: 0.4, Max: 0.5, Diff: 0.4, Sum: 3.8]
      [Termination (ms): Min: 0.1, Avg: 0.2, Max: 0.4, Diff: 0.4, Sum: 1.6]
         [Termination Attempts: Min: 1, Avg: 140.2, Max: 175, Diff: 174, Sum: 1402]
      [GC Worker Other (ms): Min: 0.0, Avg: 0.0, Max: 0.0, Diff: 0.0, Sum: 0.1]
      [GC Worker Total (ms): Min: 0.6, Avg: 0.7, Max: 0.7, Diff: 0.1, Sum: 6.6]
      [GC Worker End (ms): Min: 240.8, Avg: 240.8, Max: 240.8, Diff: 0.0]
   [Code Root Fixup: 0.0 ms]
   [Code Root Purge: 0.0 ms]
   [Clear CT: 0.3 ms]
   [Other: 0.6 ms]
      [Choose CSet: 0.0 ms]
      [Ref Proc: 0.3 ms]
      [Ref Enq: 0.0 ms]
      [Redirty Cards: 0.2 ms]
      [Humongous Register: 0.0 ms]
      [Humongous Reclaim: 0.0 ms]
      [Free CSet: 0.0 ms]
   [Eden: 2048.0K(10.0M)->0.0B(10.0M) Survivors: 2048.0K->1024.0K Heap: 90.4M(128.0M)->88.8M(128.0M)]
 [Times: user=0.00 sys=0.00, real=0.00 secs] 
2021-10-02T13:28:27.602+0800: 0.242: [GC concurrent-root-region-scan-start]
2021-10-02T13:28:27.603+0800: 0.242: [GC concurrent-root-region-scan-end, 0.0000757 secs]
2021-10-02T13:28:27.603+0800: 0.242: [GC concurrent-mark-start]
2021-10-02T13:28:27.604+0800: 0.244: [GC pause (G1 Evacuation Pause) (young), 0.0017675 secs]
   [Parallel Time: 1.0 ms, GC Workers: 10]
      [GC Worker Start (ms): Min: 243.7, Avg: 243.8, Max: 243.8, Diff: 0.1]
      [Ext Root Scanning (ms): Min: 0.1, Avg: 0.1, Max: 0.1, Diff: 0.1, Sum: 1.1]
      [Update RS (ms): Min: 0.1, Avg: 0.2, Max: 0.2, Diff: 0.1, Sum: 1.6]
         [Processed Buffers: Min: 2, Avg: 2.5, Max: 3, Diff: 1, Sum: 25]
      [Scan RS (ms): Min: 0.0, Avg: 0.0, Max: 0.0, Diff: 0.0, Sum: 0.0]
      [Code Root Scanning (ms): Min: 0.0, Avg: 0.0, Max: 0.0, Diff: 0.0, Sum: 0.0]
      [Object Copy (ms): Min: 0.2, Avg: 0.5, Max: 0.6, Diff: 0.4, Sum: 5.2]
      [Termination (ms): Min: 0.0, Avg: 0.1, Max: 0.4, Diff: 0.4, Sum: 0.7]
         [Termination Attempts: Min: 1, Avg: 85.8, Max: 114, Diff: 113, Sum: 858]
      [GC Worker Other (ms): Min: 0.0, Avg: 0.0, Max: 0.0, Diff: 0.0, Sum: 0.1]
      [GC Worker Total (ms): Min: 0.8, Avg: 0.9, Max: 0.9, Diff: 0.1, Sum: 8.6]
      [GC Worker End (ms): Min: 244.6, Avg: 244.6, Max: 244.6, Diff: 0.0]
   [Code Root Fixup: 0.0 ms]
   [Code Root Purge: 0.0 ms]
   [Clear CT: 0.4 ms]
   [Other: 0.3 ms]
      [Choose CSet: 0.0 ms]
      [Ref Proc: 0.1 ms]
      [Ref Enq: 0.0 ms]
      [Redirty Cards: 0.2 ms]
      [Humongous Register: 0.0 ms]
      [Humongous Reclaim: 0.0 ms]
      [Free CSet: 0.0 ms]
   [Eden: 10.0M(10.0M)->0.0B(6144.0K) Survivors: 1024.0K->2048.0K Heap: 102.5M(128.0M)->93.6M(128.0M)]
 [Times: user=0.00 sys=0.00, real=0.00 secs] 
2021-10-02T13:28:27.607+0800: 0.247: [GC pause (G1 Evacuation Pause) (young), 0.0020335 secs]
   [Parallel Time: 1.1 ms, GC Workers: 10]
      [GC Worker Start (ms): Min: 246.7, Avg: 246.8, Max: 246.9, Diff: 0.2]
      [Ext Root Scanning (ms): Min: 0.0, Avg: 0.1, Max: 0.2, Diff: 0.2, Sum: 0.8]
      [Update RS (ms): Min: 0.1, Avg: 0.1, Max: 0.1, Diff: 0.1, Sum: 0.9]
         [Processed Buffers: Min: 0, Avg: 1.9, Max: 3, Diff: 3, Sum: 19]
      [Scan RS (ms): Min: 0.0, Avg: 0.0, Max: 0.0, Diff: 0.0, Sum: 0.0]
      [Code Root Scanning (ms): Min: 0.0, Avg: 0.0, Max: 0.0, Diff: 0.0, Sum: 0.0]
      [Object Copy (ms): Min: 0.6, Avg: 0.6, Max: 0.6, Diff: 0.1, Sum: 6.2]
      [Termination (ms): Min: 0.0, Avg: 0.0, Max: 0.0, Diff: 0.0, Sum: 0.2]
         [Termination Attempts: Min: 33, Avg: 50.1, Max: 67, Diff: 34, Sum: 501]
      [GC Worker Other (ms): Min: 0.0, Avg: 0.0, Max: 0.0, Diff: 0.0, Sum: 0.1]
      [GC Worker Total (ms): Min: 0.7, Avg: 0.8, Max: 0.9, Diff: 0.2, Sum: 8.2]
      [GC Worker End (ms): Min: 247.6, Avg: 247.6, Max: 247.6, Diff: 0.0]
   [Code Root Fixup: 0.0 ms]
   [Code Root Purge: 0.0 ms]
   [Clear CT: 0.3 ms]
   [Other: 0.6 ms]
      [Choose CSet: 0.0 ms]
      [Ref Proc: 0.2 ms]
      [Ref Enq: 0.0 ms]
      [Redirty Cards: 0.3 ms]
      [Humongous Register: 0.0 ms]
      [Humongous Reclaim: 0.0 ms]
      [Free CSet: 0.0 ms]
   [Eden: 6144.0K(6144.0K)->0.0B(6144.0K) Survivors: 2048.0K->1024.0K Heap: 100.9M(128.0M)->97.0M(128.0M)]
 [Times: user=0.00 sys=0.00, real=0.00 secs] 
2021-10-02T13:28:27.610+0800: 0.250: [GC pause (G1 Evacuation Pause) (young), 0.0022071 secs]
   [Parallel Time: 1.5 ms, GC Workers: 10]
      [GC Worker Start (ms): Min: 249.8, Avg: 249.9, Max: 249.9, Diff: 0.1]
      [Ext Root Scanning (ms): Min: 0.0, Avg: 0.1, Max: 0.2, Diff: 0.1, Sum: 1.1]
      [Update RS (ms): Min: 0.0, Avg: 0.0, Max: 0.1, Diff: 0.1, Sum: 0.2]
         [Processed Buffers: Min: 0, Avg: 1.0, Max: 2, Diff: 2, Sum: 10]
      [Scan RS (ms): Min: 0.0, Avg: 0.0, Max: 0.0, Diff: 0.0, Sum: 0.0]
      [Code Root Scanning (ms): Min: 0.0, Avg: 0.0, Max: 0.0, Diff: 0.0, Sum: 0.0]
      [Object Copy (ms): Min: 0.6, Avg: 0.7, Max: 0.7, Diff: 0.1, Sum: 7.0]
      [Termination (ms): Min: 0.0, Avg: 0.0, Max: 0.0, Diff: 0.0, Sum: 0.4]
         [Termination Attempts: Min: 23, Avg: 51.7, Max: 63, Diff: 40, Sum: 517]
      [GC Worker Other (ms): Min: 0.0, Avg: 0.0, Max: 0.0, Diff: 0.0, Sum: 0.1]
      [GC Worker Total (ms): Min: 0.8, Avg: 0.9, Max: 0.9, Diff: 0.1, Sum: 8.8]
      [GC Worker End (ms): Min: 250.7, Avg: 250.7, Max: 250.7, Diff: 0.0]
   [Code Root Fixup: 0.0 ms]
   [Code Root Purge: 0.0 ms]
   [Clear CT: 0.3 ms]
   [Other: 0.4 ms]
      [Choose CSet: 0.0 ms]
      [Ref Proc: 0.2 ms]
      [Ref Enq: 0.0 ms]
      [Redirty Cards: 0.2 ms]
      [Humongous Register: 0.0 ms]
      [Humongous Reclaim: 0.0 ms]
      [Free CSet: 0.0 ms]
   [Eden: 6144.0K(6144.0K)->0.0B(6144.0K) Survivors: 1024.0K->1024.0K Heap: 103.0M(128.0M)->99.8M(128.0M)]
 [Times: user=0.00 sys=0.00, real=0.00 secs] 
2021-10-02T13:28:27.614+0800: 0.253: [GC pause (G1 Evacuation Pause) (young), 0.0019047 secs]
   [Parallel Time: 1.1 ms, GC Workers: 10]
      [GC Worker Start (ms): Min: 253.4, Avg: 253.5, Max: 253.5, Diff: 0.1]
      [Ext Root Scanning (ms): Min: 0.1, Avg: 0.1, Max: 0.1, Diff: 0.1, Sum: 1.0]
      [Update RS (ms): Min: 0.1, Avg: 0.1, Max: 0.1, Diff: 0.1, Sum: 1.2]
         [Processed Buffers: Min: 2, Avg: 2.4, Max: 3, Diff: 1, Sum: 24]
      [Scan RS (ms): Min: 0.0, Avg: 0.0, Max: 0.0, Diff: 0.0, Sum: 0.0]
      [Code Root Scanning (ms): Min: 0.0, Avg: 0.0, Max: 0.0, Diff: 0.0, Sum: 0.0]
      [Object Copy (ms): Min: 0.5, Avg: 0.5, Max: 0.5, Diff: 0.1, Sum: 5.1]
      [Termination (ms): Min: 0.0, Avg: 0.0, Max: 0.0, Diff: 0.0, Sum: 0.2]
         [Termination Attempts: Min: 52, Avg: 71.8, Max: 84, Diff: 32, Sum: 718]
      [GC Worker Other (ms): Min: 0.0, Avg: 0.0, Max: 0.0, Diff: 0.0, Sum: 0.1]
      [GC Worker Total (ms): Min: 0.7, Avg: 0.7, Max: 0.8, Diff: 0.1, Sum: 7.5]
      [GC Worker End (ms): Min: 254.2, Avg: 254.2, Max: 254.2, Diff: 0.0]
   [Code Root Fixup: 0.0 ms]
   [Code Root Purge: 0.0 ms]
   [Clear CT: 0.3 ms]
   [Other: 0.5 ms]
      [Choose CSet: 0.0 ms]
      [Ref Proc: 0.3 ms]
      [Ref Enq: 0.0 ms]
      [Redirty Cards: 0.2 ms]
      [Humongous Register: 0.0 ms]
      [Humongous Reclaim: 0.0 ms]
      [Free CSet: 0.0 ms]
   [Eden: 6144.0K(6144.0K)->0.0B(6144.0K) Survivors: 1024.0K->1024.0K Heap: 107.8M(128.0M)->103.5M(128.0M)]
 [Times: user=0.00 sys=0.00, real=0.00 secs] 
2021-10-02T13:28:27.617+0800: 0.256: [GC concurrent-mark-end, 0.0141655 secs]
2021-10-02T13:28:27.617+0800: 0.256: [GC remark 2021-10-02T13:28:27.617+0800: 0.256: [Finalize Marking, 0.0002227 secs] 2021-10-02T13:28:27.617+0800: 0.256: [GC ref-proc, 0.0002800 secs] 2021-10-02T13:28:27.617+0800: 0.257: [Unloading, 0.0005035 secs], 0.0012463 secs]
 [Times: user=0.00 sys=0.00, real=0.00 secs] 
2021-10-02T13:28:27.618+0800: 0.257: [GC pause (G1 Evacuation Pause) (young) (to-space exhausted), 0.0017133 secs]
   [Parallel Time: 0.8 ms, GC Workers: 10]
      [GC Worker Start (ms): Min: 257.5, Avg: 257.5, Max: 257.6, Diff: 0.1]
      [Ext Root Scanning (ms): Min: 0.0, Avg: 0.1, Max: 0.1, Diff: 0.1, Sum: 0.8]
      [Update RS (ms): Min: 0.1, Avg: 0.1, Max: 0.1, Diff: 0.1, Sum: 1.1]
         [Processed Buffers: Min: 1, Avg: 2.5, Max: 3, Diff: 2, Sum: 25]
      [Scan RS (ms): Min: 0.0, Avg: 0.0, Max: 0.0, Diff: 0.0, Sum: 0.0]
      [Code Root Scanning (ms): Min: 0.0, Avg: 0.0, Max: 0.0, Diff: 0.0, Sum: 0.0]
      [Object Copy (ms): Min: 0.1, Avg: 0.3, Max: 0.4, Diff: 0.3, Sum: 2.6]
      [Termination (ms): Min: 0.0, Avg: 0.2, Max: 0.4, Diff: 0.4, Sum: 1.9]
         [Termination Attempts: Min: 1, Avg: 1.3, Max: 3, Diff: 2, Sum: 13]
      [GC Worker Other (ms): Min: 0.0, Avg: 0.0, Max: 0.0, Diff: 0.0, Sum: 0.0]
      [GC Worker Total (ms): Min: 0.6, Avg: 0.7, Max: 0.7, Diff: 0.1, Sum: 6.6]
      [GC Worker End (ms): Min: 258.2, Avg: 258.2, Max: 258.2, Diff: 0.0]
   [Code Root Fixup: 0.0 ms]
   [Code Root Purge: 0.0 ms]
   [Clear CT: 0.1 ms]
   [Other: 0.8 ms]
      [Evacuation Failure: 0.5 ms]
      [Choose CSet: 0.0 ms]
      [Ref Proc: 0.1 ms]
      [Ref Enq: 0.0 ms]
      [Redirty Cards: 0.1 ms]
      [Humongous Register: 0.0 ms]
      [Humongous Reclaim: 0.0 ms]
      [Free CSet: 0.0 ms]
   [Eden: 6144.0K(6144.0K)->0.0B(6144.0K) Survivors: 1024.0K->1024.0K Heap: 111.3M(128.0M)->108.5M(128.0M)]
 [Times: user=0.02 sys=0.00, real=0.00 secs] 
2021-10-02T13:28:27.620+0800: 0.259: [GC cleanup 108M->108M(128M), 0.0004663 secs]
 [Times: user=0.00 sys=0.00, real=0.00 secs] 
2021-10-02T13:28:27.621+0800: 0.261: [GC pause (G1 Evacuation Pause) (young) (to-space exhausted), 0.0010095 secs]
   [Parallel Time: 0.4 ms, GC Workers: 10]
      [GC Worker Start (ms): Min: 260.6, Avg: 260.6, Max: 260.7, Diff: 0.1]
      [Ext Root Scanning (ms): Min: 0.1, Avg: 0.1, Max: 0.1, Diff: 0.1, Sum: 1.0]
      [Update RS (ms): Min: 0.1, Avg: 0.1, Max: 0.1, Diff: 0.0, Sum: 1.2]
         [Processed Buffers: Min: 0, Avg: 2.3, Max: 4, Diff: 4, Sum: 23]
      [Scan RS (ms): Min: 0.0, Avg: 0.0, Max: 0.0, Diff: 0.0, Sum: 0.0]
      [Code Root Scanning (ms): Min: 0.0, Avg: 0.0, Max: 0.0, Diff: 0.0, Sum: 0.0]
      [Object Copy (ms): Min: 0.0, Avg: 0.1, Max: 0.1, Diff: 0.1, Sum: 0.8]
      [Termination (ms): Min: 0.0, Avg: 0.0, Max: 0.1, Diff: 0.1, Sum: 0.4]
         [Termination Attempts: Min: 1, Avg: 1.0, Max: 1, Diff: 0, Sum: 10]
      [GC Worker Other (ms): Min: 0.0, Avg: 0.0, Max: 0.0, Diff: 0.0, Sum: 0.0]
      [GC Worker Total (ms): Min: 0.3, Avg: 0.3, Max: 0.4, Diff: 0.1, Sum: 3.5]
      [GC Worker End (ms): Min: 261.0, Avg: 261.0, Max: 261.0, Diff: 0.0]
   [Code Root Fixup: 0.0 ms]
   [Code Root Purge: 0.0 ms]
   [Clear CT: 0.1 ms]
   [Other: 0.5 ms]
      [Evacuation Failure: 0.1 ms]
      [Choose CSet: 0.0 ms]
      [Ref Proc: 0.2 ms]
      [Ref Enq: 0.0 ms]
      [Redirty Cards: 0.1 ms]
      [Humongous Register: 0.0 ms]
      [Humongous Reclaim: 0.0 ms]
      [Free CSet: 0.0 ms]
   [Eden: 4096.0K(6144.0K)->0.0B(6144.0K) Survivors: 1024.0K->0.0B Heap: 113.8M(128.0M)->112.8M(128.0M)]
 [Times: user=0.00 sys=0.00, real=0.00 secs] 
2021-10-02T13:28:27.623+0800: 0.262: [GC pause (G1 Evacuation Pause) (mixed) (to-space exhausted), 0.0024235 secs]
   [Parallel Time: 1.0 ms, GC Workers: 10]
      [GC Worker Start (ms): Min: 261.9, Avg: 262.0, Max: 262.1, Diff: 0.2]
      [Ext Root Scanning (ms): Min: 0.0, Avg: 0.1, Max: 0.1, Diff: 0.1, Sum: 0.8]
      [Update RS (ms): Min: 0.0, Avg: 0.0, Max: 0.1, Diff: 0.1, Sum: 0.2]
         [Processed Buffers: Min: 0, Avg: 1.4, Max: 3, Diff: 3, Sum: 14]
      [Scan RS (ms): Min: 0.0, Avg: 0.0, Max: 0.0, Diff: 0.0, Sum: 0.0]
      [Code Root Scanning (ms): Min: 0.0, Avg: 0.0, Max: 0.0, Diff: 0.0, Sum: 0.0]
      [Object Copy (ms): Min: 0.6, Avg: 0.6, Max: 0.7, Diff: 0.1, Sum: 6.5]
      [Termination (ms): Min: 0.0, Avg: 0.0, Max: 0.1, Diff: 0.1, Sum: 0.4]
         [Termination Attempts: Min: 1, Avg: 1.0, Max: 1, Diff: 0, Sum: 10]
      [GC Worker Other (ms): Min: 0.0, Avg: 0.0, Max: 0.0, Diff: 0.0, Sum: 0.1]
      [GC Worker Total (ms): Min: 0.7, Avg: 0.8, Max: 0.9, Diff: 0.2, Sum: 7.9]
      [GC Worker End (ms): Min: 262.8, Avg: 262.8, Max: 262.8, Diff: 0.0]
   [Code Root Fixup: 0.0 ms]
   [Code Root Purge: 0.0 ms]
   [Clear CT: 0.2 ms]
   [Other: 1.2 ms]
      [Evacuation Failure: 0.5 ms]
      [Choose CSet: 0.0 ms]
      [Ref Proc: 0.3 ms]
      [Ref Enq: 0.0 ms]
      [Redirty Cards: 0.4 ms]
      [Humongous Register: 0.0 ms]
      [Humongous Reclaim: 0.0 ms]
      [Free CSet: 0.0 ms]
   [Eden: 1024.0K(6144.0K)->0.0B(6144.0K) Survivors: 0.0B->0.0B Heap: 113.8M(128.0M)->113.8M(128.0M)]
 [Times: user=0.00 sys=0.00, real=0.00 secs] 
2021-10-02T13:28:27.625+0800: 0.264: [Full GC (Allocation Failure)  113M->91M(128M), 0.0192226 secs]
   [Eden: 0.0B(6144.0K)->0.0B(6144.0K) Survivors: 0.0B->0.0B Heap: 113.8M(128.0M)->91.8M(128.0M)], [Metaspace: 3354K->3354K(1056768K)]
 [Times: user=0.02 sys=0.00, real=0.02 secs] 
2021-10-02T13:28:27.645+0800: 0.284: [GC pause (G1 Humongous Allocation) (young) (initial-mark), 0.0012028 secs]
   [Parallel Time: 0.4 ms, GC Workers: 10]
      [GC Worker Start (ms): Min: 284.3, Avg: 284.3, Max: 284.4, Diff: 0.1]
      [Ext Root Scanning (ms): Min: 0.1, Avg: 0.1, Max: 0.1, Diff: 0.1, Sum: 0.9]
      [Update RS (ms): Min: 0.0, Avg: 0.0, Max: 0.0, Diff: 0.0, Sum: 0.1]
         [Processed Buffers: Min: 0, Avg: 0.2, Max: 1, Diff: 1, Sum: 2]
      [Scan RS (ms): Min: 0.0, Avg: 0.0, Max: 0.0, Diff: 0.0, Sum: 0.0]
      [Code Root Scanning (ms): Min: 0.0, Avg: 0.0, Max: 0.0, Diff: 0.0, Sum: 0.0]
      [Object Copy (ms): Min: 0.0, Avg: 0.0, Max: 0.1, Diff: 0.1, Sum: 0.2]
      [Termination (ms): Min: 0.0, Avg: 0.1, Max: 0.1, Diff: 0.1, Sum: 0.6]
         [Termination Attempts: Min: 1, Avg: 1.8, Max: 4, Diff: 3, Sum: 18]
      [GC Worker Other (ms): Min: 0.0, Avg: 0.0, Max: 0.0, Diff: 0.0, Sum: 0.0]
      [GC Worker Total (ms): Min: 0.1, Avg: 0.2, Max: 0.2, Diff: 0.1, Sum: 1.9]
      [GC Worker End (ms): Min: 284.5, Avg: 284.5, Max: 284.5, Diff: 0.0]
   [Code Root Fixup: 0.0 ms]
   [Code Root Purge: 0.0 ms]
   [Clear CT: 0.3 ms]
   [Other: 0.5 ms]
      [Choose CSet: 0.0 ms]
      [Ref Proc: 0.2 ms]
      [Ref Enq: 0.0 ms]
      [Redirty Cards: 0.3 ms]
      [Humongous Register: 0.0 ms]
      [Humongous Reclaim: 0.0 ms]
      [Free CSet: 0.0 ms]
   [Eden: 3072.0K(6144.0K)->0.0B(6144.0K) Survivors: 0.0B->1024.0K Heap: 94.7M(128.0M)->92.6M(128.0M)]
 [Times: user=0.00 sys=0.00, real=0.00 secs] 
2021-10-02T13:28:27.646+0800: 0.286: [GC concurrent-root-region-scan-start]
2021-10-02T13:28:27.646+0800: 0.286: [GC concurrent-root-region-scan-end, 0.0001119 secs]
2021-10-02T13:28:27.646+0800: 0.286: [GC concurrent-mark-start]
2021-10-02T13:28:27.647+0800: 0.286: [GC pause (G1 Evacuation Pause) (young) (to-space exhausted), 0.0013756 secs]
   [Parallel Time: 0.6 ms, GC Workers: 10]
      [GC Worker Start (ms): Min: 286.5, Avg: 286.6, Max: 286.6, Diff: 0.1]
      [Ext Root Scanning (ms): Min: 0.0, Avg: 0.1, Max: 0.1, Diff: 0.1, Sum: 0.8]
      [Update RS (ms): Min: 0.1, Avg: 0.1, Max: 0.1, Diff: 0.1, Sum: 0.8]
         [Processed Buffers: Min: 1, Avg: 2.0, Max: 3, Diff: 2, Sum: 20]
      [Scan RS (ms): Min: 0.0, Avg: 0.0, Max: 0.0, Diff: 0.0, Sum: 0.0]
      [Code Root Scanning (ms): Min: 0.0, Avg: 0.0, Max: 0.0, Diff: 0.0, Sum: 0.0]
      [Object Copy (ms): Min: 0.1, Avg: 0.2, Max: 0.2, Diff: 0.1, Sum: 1.6]
      [Termination (ms): Min: 0.0, Avg: 0.0, Max: 0.0, Diff: 0.0, Sum: 0.2]
         [Termination Attempts: Min: 28, Avg: 51.0, Max: 58, Diff: 30, Sum: 510]
      [GC Worker Other (ms): Min: 0.0, Avg: 0.0, Max: 0.0, Diff: 0.0, Sum: 0.1]
      [GC Worker Total (ms): Min: 0.3, Avg: 0.4, Max: 0.4, Diff: 0.1, Sum: 3.5]
      [GC Worker End (ms): Min: 286.9, Avg: 286.9, Max: 286.9, Diff: 0.0]
   [Code Root Fixup: 0.0 ms]
   [Code Root Purge: 0.0 ms]
   [Clear CT: 0.3 ms]
   [Other: 0.6 ms]
      [Evacuation Failure: 0.1 ms]
      [Choose CSet: 0.0 ms]
      [Ref Proc: 0.3 ms]
      [Ref Enq: 0.0 ms]
      [Redirty Cards: 0.1 ms]
      [Humongous Register: 0.0 ms]
      [Humongous Reclaim: 0.0 ms]
      [Free CSet: 0.0 ms]
   [Eden: 6144.0K(6144.0K)->0.0B(6144.0K) Survivors: 1024.0K->1024.0K Heap: 99.9M(128.0M)->100.2M(128.0M)]
 [Times: user=0.00 sys=0.00, real=0.00 secs] 
2021-10-02T13:28:27.649+0800: 0.288: [GC pause (G1 Evacuation Pause) (young) (to-space exhausted), 0.0009207 secs]
   [Parallel Time: 0.3 ms, GC Workers: 10]
      [GC Worker Start (ms): Min: 288.3, Avg: 288.4, Max: 288.4, Diff: 0.1]
      [Ext Root Scanning (ms): Min: 0.1, Avg: 0.1, Max: 0.1, Diff: 0.1, Sum: 1.0]
      [Update RS (ms): Min: 0.0, Avg: 0.0, Max: 0.0, Diff: 0.0, Sum: 0.2]
         [Processed Buffers: Min: 0, Avg: 1.6, Max: 3, Diff: 3, Sum: 16]
      [Scan RS (ms): Min: 0.0, Avg: 0.0, Max: 0.0, Diff: 0.0, Sum: 0.0]
      [Code Root Scanning (ms): Min: 0.0, Avg: 0.0, Max: 0.0, Diff: 0.0, Sum: 0.0]
      [Object Copy (ms): Min: 0.0, Avg: 0.0, Max: 0.2, Diff: 0.2, Sum: 0.3]
      [Termination (ms): Min: 0.0, Avg: 0.1, Max: 0.2, Diff: 0.2, Sum: 1.2]
         [Termination Attempts: Min: 1, Avg: 1.0, Max: 1, Diff: 0, Sum: 10]
      [GC Worker Other (ms): Min: 0.0, Avg: 0.0, Max: 0.0, Diff: 0.0, Sum: 0.0]
      [GC Worker Total (ms): Min: 0.2, Avg: 0.3, Max: 0.3, Diff: 0.1, Sum: 2.7]
      [GC Worker End (ms): Min: 288.6, Avg: 288.6, Max: 288.6, Diff: 0.0]
   [Code Root Fixup: 0.0 ms]
   [Code Root Purge: 0.0 ms]
   [Clear CT: 0.1 ms]
   [Other: 0.5 ms]
      [Evacuation Failure: 0.2 ms]
      [Choose CSet: 0.0 ms]
      [Ref Proc: 0.1 ms]
      [Ref Enq: 0.0 ms]
      [Redirty Cards: 0.1 ms]
      [Humongous Register: 0.0 ms]
      [Humongous Reclaim: 0.0 ms]
      [Free CSet: 0.0 ms]
   [Eden: 1024.0K(6144.0K)->0.0B(6144.0K) Survivors: 1024.0K->0.0B Heap: 101.2M(128.0M)->101.2M(128.0M)]
 [Times: user=0.00 sys=0.00, real=0.00 secs] 
2021-10-02T13:28:27.650+0800: 0.290: [Full GC (Allocation Failure)  101M->93M(128M), 0.0168548 secs]
   [Eden: 0.0B(6144.0K)->0.0B(6144.0K) Survivors: 0.0B->0.0B Heap: 101.2M(128.0M)->93.4M(128.0M)], [Metaspace: 3354K->3354K(1056768K)]
 [Times: user=0.17 sys=0.00, real=0.02 secs] 
2021-10-02T13:28:27.667+0800: 0.307: [GC concurrent-mark-abort]
2021-10-02T13:28:27.668+0800: 0.307: [GC pause (G1 Evacuation Pause) (young), 0.0016394 secs]
   [Parallel Time: 1.0 ms, GC Workers: 10]
      [GC Worker Start (ms): Min: 307.3, Avg: 307.3, Max: 307.4, Diff: 0.1]
      [Ext Root Scanning (ms): Min: 0.0, Avg: 0.1, Max: 0.1, Diff: 0.1, Sum: 0.8]
      [Update RS (ms): Min: 0.0, Avg: 0.0, Max: 0.1, Diff: 0.1, Sum: 0.1]
         [Processed Buffers: Min: 0, Avg: 0.2, Max: 1, Diff: 1, Sum: 2]
      [Scan RS (ms): Min: 0.0, Avg: 0.0, Max: 0.0, Diff: 0.0, Sum: 0.0]
      [Code Root Scanning (ms): Min: 0.0, Avg: 0.0, Max: 0.0, Diff: 0.0, Sum: 0.0]
      [Object Copy (ms): Min: 0.4, Avg: 0.5, Max: 0.6, Diff: 0.2, Sum: 5.2]
      [Termination (ms): Min: 0.0, Avg: 0.1, Max: 0.1, Diff: 0.1, Sum: 0.7]
         [Termination Attempts: Min: 80, Avg: 102.8, Max: 133, Diff: 53, Sum: 1028]
      [GC Worker Other (ms): Min: 0.0, Avg: 0.0, Max: 0.0, Diff: 0.0, Sum: 0.1]
      [GC Worker Total (ms): Min: 0.6, Avg: 0.7, Max: 0.7, Diff: 0.1, Sum: 6.9]
      [GC Worker End (ms): Min: 308.0, Avg: 308.0, Max: 308.0, Diff: 0.0]
   [Code Root Fixup: 0.0 ms]
   [Code Root Purge: 0.0 ms]
   [Clear CT: 0.2 ms]
   [Other: 0.4 ms]
      [Choose CSet: 0.0 ms]
      [Ref Proc: 0.2 ms]
      [Ref Enq: 0.0 ms]
      [Redirty Cards: 0.1 ms]
      [Humongous Register: 0.0 ms]
      [Humongous Reclaim: 0.0 ms]
      [Free CSet: 0.0 ms]
   [Eden: 6144.0K(6144.0K)->0.0B(7168.0K) Survivors: 0.0B->1024.0K Heap: 99.4M(128.0M)->95.6M(128.0M)]
 [Times: user=0.00 sys=0.00, real=0.00 secs] 
2021-10-02T13:28:27.670+0800: 0.309: [GC pause (G1 Humongous Allocation) (young) (initial-mark), 0.0012606 secs]
   [Parallel Time: 0.8 ms, GC Workers: 10]
      [GC Worker Start (ms): Min: 309.3, Avg: 309.3, Max: 309.3, Diff: 0.1]
      [Ext Root Scanning (ms): Min: 0.1, Avg: 0.1, Max: 0.1, Diff: 0.1, Sum: 1.0]
      [Update RS (ms): Min: 0.0, Avg: 0.0, Max: 0.0, Diff: 0.0, Sum: 0.1]
         [Processed Buffers: Min: 0, Avg: 0.9, Max: 1, Diff: 1, Sum: 9]
      [Scan RS (ms): Min: 0.0, Avg: 0.0, Max: 0.0, Diff: 0.0, Sum: 0.0]
      [Code Root Scanning (ms): Min: 0.0, Avg: 0.0, Max: 0.0, Diff: 0.0, Sum: 0.0]
      [Object Copy (ms): Min: 0.4, Avg: 0.5, Max: 0.6, Diff: 0.2, Sum: 5.2]
      [Termination (ms): Min: 0.0, Avg: 0.1, Max: 0.2, Diff: 0.2, Sum: 0.7]
         [Termination Attempts: Min: 64, Avg: 81.1, Max: 129, Diff: 65, Sum: 811]
      [GC Worker Other (ms): Min: 0.0, Avg: 0.0, Max: 0.0, Diff: 0.0, Sum: 0.1]
      [GC Worker Total (ms): Min: 0.7, Avg: 0.7, Max: 0.7, Diff: 0.1, Sum: 7.1]
      [GC Worker End (ms): Min: 310.0, Avg: 310.0, Max: 310.0, Diff: 0.0]
   [Code Root Fixup: 0.0 ms]
   [Code Root Purge: 0.0 ms]
   [Clear CT: 0.1 ms]
   [Other: 0.3 ms]
      [Choose CSet: 0.0 ms]
      [Ref Proc: 0.1 ms]
      [Ref Enq: 0.0 ms]
      [Redirty Cards: 0.1 ms]
      [Humongous Register: 0.0 ms]
      [Humongous Reclaim: 0.0 ms]
      [Free CSet: 0.0 ms]
   [Eden: 3072.0K(7168.0K)->0.0B(7168.0K) Survivors: 1024.0K->1024.0K Heap: 98.2M(128.0M)->97.1M(128.0M)]
 [Times: user=0.00 sys=0.00, real=0.00 secs] 
2021-10-02T13:28:27.671+0800: 0.311: [GC concurrent-root-region-scan-start]
2021-10-02T13:28:27.672+0800: 0.311: [GC concurrent-root-region-scan-end, 0.0002866 secs]
2021-10-02T13:28:27.672+0800: 0.311: [GC concurrent-mark-start]
2021-10-02T13:28:27.672+0800: 0.312: [GC pause (G1 Evacuation Pause) (young) (to-space exhausted), 0.0027520 secs]
   [Parallel Time: 1.3 ms, GC Workers: 10]
      [GC Worker Start (ms): Min: 311.6, Avg: 311.6, Max: 311.7, Diff: 0.1]
      [Ext Root Scanning (ms): Min: 0.0, Avg: 0.1, Max: 0.1, Diff: 0.1, Sum: 0.8]
      [Update RS (ms): Min: 0.0, Avg: 0.0, Max: 0.1, Diff: 0.1, Sum: 0.4]
         [Processed Buffers: Min: 1, Avg: 1.4, Max: 2, Diff: 1, Sum: 14]
      [Scan RS (ms): Min: 0.0, Avg: 0.0, Max: 0.0, Diff: 0.0, Sum: 0.0]
      [Code Root Scanning (ms): Min: 0.0, Avg: 0.0, Max: 0.0, Diff: 0.0, Sum: 0.0]
      [Object Copy (ms): Min: 0.4, Avg: 0.8, Max: 1.0, Diff: 0.6, Sum: 7.7]
      [Termination (ms): Min: 0.0, Avg: 0.2, Max: 0.6, Diff: 0.6, Sum: 2.2]
         [Termination Attempts: Min: 1, Avg: 1.0, Max: 1, Diff: 0, Sum: 10]
      [GC Worker Other (ms): Min: 0.0, Avg: 0.0, Max: 0.0, Diff: 0.0, Sum: 0.0]
      [GC Worker Total (ms): Min: 1.1, Avg: 1.1, Max: 1.2, Diff: 0.1, Sum: 11.2]
      [GC Worker End (ms): Min: 312.8, Avg: 312.8, Max: 312.8, Diff: 0.0]
   [Code Root Fixup: 0.0 ms]
   [Code Root Purge: 0.0 ms]
   [Clear CT: 0.3 ms]
   [Other: 1.2 ms]
      [Evacuation Failure: 0.6 ms]
      [Choose CSet: 0.0 ms]
      [Ref Proc: 0.3 ms]
      [Ref Enq: 0.0 ms]
      [Redirty Cards: 0.3 ms]
      [Humongous Register: 0.0 ms]
      [Humongous Reclaim: 0.0 ms]
      [Free CSet: 0.0 ms]
   [Eden: 5120.0K(7168.0K)->0.0B(7168.0K) Survivors: 1024.0K->0.0B Heap: 102.7M(128.0M)->102.9M(128.0M)]
 [Times: user=0.00 sys=0.00, real=0.00 secs] 
2021-10-02T13:28:27.676+0800: 0.315: [Full GC (Allocation Failure)  102M->97M(128M), 0.0143562 secs]
   [Eden: 0.0B(7168.0K)->0.0B(6144.0K) Survivors: 0.0B->0.0B Heap: 102.9M(128.0M)->97.2M(128.0M)], [Metaspace: 3354K->3354K(1056768K)]
 [Times: user=0.02 sys=0.00, real=0.01 secs] 
2021-10-02T13:28:27.690+0800: 0.329: [GC concurrent-mark-abort]
2021-10-02T13:28:27.691+0800: 0.330: [GC pause (G1 Evacuation Pause) (young) (to-space exhausted), 0.0028156 secs]
   [Parallel Time: 1.1 ms, GC Workers: 10]
      [GC Worker Start (ms): Min: 329.7, Avg: 329.8, Max: 329.9, Diff: 0.1]
      [Ext Root Scanning (ms): Min: 0.1, Avg: 0.1, Max: 0.2, Diff: 0.1, Sum: 0.9]
      [Update RS (ms): Min: 0.0, Avg: 0.0, Max: 0.1, Diff: 0.1, Sum: 0.4]
         [Processed Buffers: Min: 0, Avg: 0.6, Max: 1, Diff: 1, Sum: 6]
      [Scan RS (ms): Min: 0.0, Avg: 0.0, Max: 0.0, Diff: 0.0, Sum: 0.0]
      [Code Root Scanning (ms): Min: 0.0, Avg: 0.0, Max: 0.0, Diff: 0.0, Sum: 0.0]
      [Object Copy (ms): Min: 0.0, Avg: 0.4, Max: 0.9, Diff: 0.9, Sum: 4.0]
      [Termination (ms): Min: 0.0, Avg: 0.4, Max: 0.8, Diff: 0.8, Sum: 4.4]
         [Termination Attempts: Min: 1, Avg: 1.7, Max: 3, Diff: 2, Sum: 17]
      [GC Worker Other (ms): Min: 0.0, Avg: 0.0, Max: 0.0, Diff: 0.0, Sum: 0.0]
      [GC Worker Total (ms): Min: 0.9, Avg: 1.0, Max: 1.1, Diff: 0.1, Sum: 9.7]
      [GC Worker End (ms): Min: 330.8, Avg: 330.8, Max: 330.8, Diff: 0.0]
   [Code Root Fixup: 0.0 ms]
   [Code Root Purge: 0.0 ms]
   [Clear CT: 0.5 ms]
   [Other: 1.2 ms]
      [Evacuation Failure: 0.6 ms]
      [Choose CSet: 0.0 ms]
      [Ref Proc: 0.2 ms]
      [Ref Enq: 0.0 ms]
      [Redirty Cards: 0.4 ms]
      [Humongous Register: 0.0 ms]
      [Humongous Reclaim: 0.0 ms]
      [Free CSet: 0.0 ms]
   [Eden: 4096.0K(6144.0K)->0.0B(7168.0K) Survivors: 0.0B->0.0B Heap: 101.8M(128.0M)->101.8M(128.0M)]
 [Times: user=0.00 sys=0.00, real=0.00 secs] 
2021-10-02T13:28:27.694+0800: 0.333: [Full GC (Allocation Failure)  101M->99M(128M), 0.0117095 secs]
   [Eden: 0.0B(7168.0K)->0.0B(6144.0K) Survivors: 0.0B->0.0B Heap: 101.8M(128.0M)->99.3M(128.0M)], [Metaspace: 3354K->3354K(1056768K)]
 [Times: user=0.02 sys=0.00, real=0.01 secs] 
2021-10-02T13:28:27.706+0800: 0.345: [GC pause (G1 Humongous Allocation) (young) (initial-mark) (to-space exhausted), 0.0012233 secs]
   [Parallel Time: 0.3 ms, GC Workers: 10]
      [GC Worker Start (ms): Min: 344.7, Avg: 344.8, Max: 344.9, Diff: 0.1]
      [Ext Root Scanning (ms): Min: 0.0, Avg: 0.1, Max: 0.2, Diff: 0.1, Sum: 0.9]
      [Update RS (ms): Min: 0.0, Avg: 0.0, Max: 0.1, Diff: 0.1, Sum: 0.1]
         [Processed Buffers: Min: 0, Avg: 0.2, Max: 1, Diff: 1, Sum: 2]
      [Scan RS (ms): Min: 0.0, Avg: 0.0, Max: 0.0, Diff: 0.0, Sum: 0.0]
      [Code Root Scanning (ms): Min: 0.0, Avg: 0.0, Max: 0.0, Diff: 0.0, Sum: 0.0]
      [Object Copy (ms): Min: 0.0, Avg: 0.0, Max: 0.0, Diff: 0.0, Sum: 0.0]
      [Termination (ms): Min: 0.0, Avg: 0.0, Max: 0.1, Diff: 0.1, Sum: 0.5]
         [Termination Attempts: Min: 1, Avg: 1.1, Max: 2, Diff: 1, Sum: 11]
      [GC Worker Other (ms): Min: 0.0, Avg: 0.0, Max: 0.0, Diff: 0.0, Sum: 0.0]
      [GC Worker Total (ms): Min: 0.1, Avg: 0.2, Max: 0.2, Diff: 0.1, Sum: 1.6]
      [GC Worker End (ms): Min: 345.0, Avg: 345.0, Max: 345.0, Diff: 0.0]
   [Code Root Fixup: 0.0 ms]
   [Code Root Purge: 0.0 ms]
   [Clear CT: 0.2 ms]
   [Other: 0.6 ms]
      [Evacuation Failure: 0.2 ms]
      [Choose CSet: 0.0 ms]
      [Ref Proc: 0.2 ms]
      [Ref Enq: 0.0 ms]
      [Redirty Cards: 0.2 ms]
      [Humongous Register: 0.0 ms]
      [Humongous Reclaim: 0.0 ms]
      [Free CSet: 0.0 ms]
   [Eden: 2048.0K(6144.0K)->0.0B(7168.0K) Survivors: 0.0B->0.0B Heap: 101.0M(128.0M)->100.0M(128.0M)]
 [Times: user=0.00 sys=0.00, real=0.00 secs] 
2021-10-02T13:28:27.707+0800: 0.346: [GC concurrent-root-region-scan-start]
2021-10-02T13:28:27.707+0800: 0.346: [GC concurrent-root-region-scan-end, 0.0000078 secs]
2021-10-02T13:28:27.707+0800: 0.346: [GC concurrent-mark-start]
2021-10-02T13:28:27.707+0800: 0.346: [GC pause (G1 Evacuation Pause) (young), 0.0008046 secs]
   [Parallel Time: 0.3 ms, GC Workers: 10]
      [GC Worker Start (ms): Min: 346.3, Avg: 346.4, Max: 346.6, Diff: 0.3]
      [Ext Root Scanning (ms): Min: 0.0, Avg: 0.1, Max: 0.1, Diff: 0.1, Sum: 0.9]
      [Update RS (ms): Min: 0.0, Avg: 0.0, Max: 0.1, Diff: 0.1, Sum: 0.5]
         [Processed Buffers: Min: 0, Avg: 0.9, Max: 2, Diff: 2, Sum: 9]
      [Scan RS (ms): Min: 0.0, Avg: 0.0, Max: 0.0, Diff: 0.0, Sum: 0.0]
      [Code Root Scanning (ms): Min: 0.0, Avg: 0.0, Max: 0.0, Diff: 0.0, Sum: 0.0]
      [Object Copy (ms): Min: 0.0, Avg: 0.0, Max: 0.0, Diff: 0.0, Sum: 0.0]
      [Termination (ms): Min: 0.0, Avg: 0.1, Max: 0.1, Diff: 0.1, Sum: 0.6]
         [Termination Attempts: Min: 1, Avg: 1.0, Max: 1, Diff: 0, Sum: 10]
      [GC Worker Other (ms): Min: 0.0, Avg: 0.0, Max: 0.0, Diff: 0.0, Sum: 0.0]
      [GC Worker Total (ms): Min: 0.0, Avg: 0.2, Max: 0.3, Diff: 0.3, Sum: 2.0]
      [GC Worker End (ms): Min: 346.6, Avg: 346.6, Max: 346.6, Diff: 0.0]
   [Code Root Fixup: 0.0 ms]
   [Code Root Purge: 0.0 ms]
   [Clear CT: 0.1 ms]
   [Other: 0.4 ms]
      [Choose CSet: 0.0 ms]
      [Ref Proc: 0.2 ms]
      [Ref Enq: 0.0 ms]
      [Redirty Cards: 0.1 ms]
      [Humongous Register: 0.0 ms]
      [Humongous Reclaim: 0.0 ms]
      [Free CSet: 0.0 ms]
   [Eden: 0.0B(7168.0K)->0.0B(6144.0K) Survivors: 0.0B->0.0B Heap: 100.7M(128.0M)->100.7M(128.0M)]
 [Times: user=0.00 sys=0.00, real=0.00 secs] 
2021-10-02T13:28:27.708+0800: 0.347: [GC pause (G1 Evacuation Pause) (young), 0.0008231 secs]
   [Parallel Time: 0.3 ms, GC Workers: 10]
      [GC Worker Start (ms): Min: 347.3, Avg: 347.4, Max: 347.5, Diff: 0.2]
      [Ext Root Scanning (ms): Min: 0.0, Avg: 0.1, Max: 0.1, Diff: 0.1, Sum: 0.8]
      [Update RS (ms): Min: 0.0, Avg: 0.0, Max: 0.1, Diff: 0.1, Sum: 0.1]
         [Processed Buffers: Min: 0, Avg: 0.2, Max: 1, Diff: 1, Sum: 2]
      [Scan RS (ms): Min: 0.0, Avg: 0.0, Max: 0.0, Diff: 0.0, Sum: 0.0]
      [Code Root Scanning (ms): Min: 0.0, Avg: 0.0, Max: 0.0, Diff: 0.0, Sum: 0.0]
      [Object Copy (ms): Min: 0.0, Avg: 0.0, Max: 0.0, Diff: 0.0, Sum: 0.0]
      [Termination (ms): Min: 0.0, Avg: 0.0, Max: 0.1, Diff: 0.1, Sum: 0.5]
         [Termination Attempts: Min: 1, Avg: 1.0, Max: 1, Diff: 0, Sum: 10]
      [GC Worker Other (ms): Min: 0.0, Avg: 0.0, Max: 0.0, Diff: 0.0, Sum: 0.0]
      [GC Worker Total (ms): Min: 0.0, Avg: 0.1, Max: 0.2, Diff: 0.2, Sum: 1.4]
      [GC Worker End (ms): Min: 347.5, Avg: 347.5, Max: 347.5, Diff: 0.0]
   [Code Root Fixup: 0.0 ms]
   [Code Root Purge: 0.0 ms]
   [Clear CT: 0.1 ms]
   [Other: 0.4 ms]
      [Choose CSet: 0.0 ms]
      [Ref Proc: 0.3 ms]
      [Ref Enq: 0.0 ms]
      [Redirty Cards: 0.1 ms]
      [Humongous Register: 0.0 ms]
      [Humongous Reclaim: 0.0 ms]
      [Free CSet: 0.0 ms]
   [Eden: 0.0B(6144.0K)->0.0B(6144.0K) Survivors: 0.0B->0.0B Heap: 100.7M(128.0M)->100.7M(128.0M)]
 [Times: user=0.00 sys=0.00, real=0.00 secs] 
2021-10-02T13:28:27.709+0800: 0.348: [Full GC (Allocation Failure)  100M->100M(128M), 0.0126511 secs]
   [Eden: 0.0B(6144.0K)->0.0B(6144.0K) Survivors: 0.0B->0.0B Heap: 100.7M(128.0M)->100.0M(128.0M)], [Metaspace: 3354K->3354K(1056768K)]
 [Times: user=0.02 sys=0.00, real=0.01 secs] 
2021-10-02T13:28:27.722+0800: 0.361: [GC concurrent-mark-abort]
2021-10-02T13:28:27.722+0800: 0.361: [GC pause (G1 Evacuation Pause) (young) (to-space exhausted), 0.0014392 secs]
   [Parallel Time: 0.6 ms, GC Workers: 10]
      [GC Worker Start (ms): Min: 361.3, Avg: 361.4, Max: 361.5, Diff: 0.2]
      [Ext Root Scanning (ms): Min: 0.0, Avg: 0.1, Max: 0.2, Diff: 0.2, Sum: 1.0]
      [Update RS (ms): Min: 0.0, Avg: 0.0, Max: 0.1, Diff: 0.1, Sum: 0.1]
         [Processed Buffers: Min: 0, Avg: 0.2, Max: 1, Diff: 1, Sum: 2]
      [Scan RS (ms): Min: 0.0, Avg: 0.0, Max: 0.0, Diff: 0.0, Sum: 0.0]
      [Code Root Scanning (ms): Min: 0.0, Avg: 0.0, Max: 0.0, Diff: 0.0, Sum: 0.0]
      [Object Copy (ms): Min: 0.0, Avg: 0.0, Max: 0.3, Diff: 0.3, Sum: 0.3]
      [Termination (ms): Min: 0.0, Avg: 0.3, Max: 0.3, Diff: 0.3, Sum: 2.7]
         [Termination Attempts: Min: 1, Avg: 1.1, Max: 2, Diff: 1, Sum: 11]
      [GC Worker Other (ms): Min: 0.0, Avg: 0.0, Max: 0.0, Diff: 0.0, Sum: 0.1]
      [GC Worker Total (ms): Min: 0.3, Avg: 0.4, Max: 0.5, Diff: 0.2, Sum: 4.3]
      [GC Worker End (ms): Min: 361.8, Avg: 361.8, Max: 361.8, Diff: 0.0]
   [Code Root Fixup: 0.0 ms]
   [Code Root Purge: 0.0 ms]
   [Clear CT: 0.2 ms]
   [Other: 0.7 ms]
      [Evacuation Failure: 0.4 ms]
      [Choose CSet: 0.0 ms]
      [Ref Proc: 0.2 ms]
      [Ref Enq: 0.0 ms]
      [Redirty Cards: 0.1 ms]
      [Humongous Register: 0.0 ms]
      [Humongous Reclaim: 0.0 ms]
      [Free CSet: 0.0 ms]
   [Eden: 1024.0K(6144.0K)->0.0B(6144.0K) Survivors: 0.0B->0.0B Heap: 101.0M(128.0M)->101.0M(128.0M)]
 [Times: user=0.00 sys=0.00, real=0.00 secs] 
2021-10-02T13:28:27.724+0800: 0.363: [Full GC (Allocation Failure)  101M->100M(128M), 0.0120609 secs]
   [Eden: 0.0B(6144.0K)->0.0B(6144.0K) Survivors: 0.0B->0.0B Heap: 101.0M(128.0M)->100.3M(128.0M)], [Metaspace: 3354K->3354K(1056768K)]
 [Times: user=0.02 sys=0.00, real=0.01 secs] 
2021-10-02T13:28:27.736+0800: 0.375: [GC pause (G1 Humongous Allocation) (young) (initial-mark) (to-space exhausted), 0.0025372 secs]
   [Parallel Time: 0.9 ms, GC Workers: 10]
      [GC Worker Start (ms): Min: 375.2, Avg: 375.3, Max: 375.3, Diff: 0.1]
      [Ext Root Scanning (ms): Min: 0.0, Avg: 0.1, Max: 0.2, Diff: 0.1, Sum: 0.8]
      [Update RS (ms): Min: 0.0, Avg: 0.0, Max: 0.0, Diff: 0.0, Sum: 0.1]
         [Processed Buffers: Min: 0, Avg: 0.2, Max: 1, Diff: 1, Sum: 2]
      [Scan RS (ms): Min: 0.0, Avg: 0.0, Max: 0.0, Diff: 0.0, Sum: 0.0]
      [Code Root Scanning (ms): Min: 0.0, Avg: 0.0, Max: 0.0, Diff: 0.0, Sum: 0.0]
      [Object Copy (ms): Min: 0.0, Avg: 0.1, Max: 0.5, Diff: 0.5, Sum: 1.1]
      [Termination (ms): Min: 0.0, Avg: 0.4, Max: 0.5, Diff: 0.5, Sum: 4.0]
         [Termination Attempts: Min: 1, Avg: 1.8, Max: 3, Diff: 2, Sum: 18]
      [GC Worker Other (ms): Min: 0.0, Avg: 0.0, Max: 0.0, Diff: 0.0, Sum: 0.1]
      [GC Worker Total (ms): Min: 0.6, Avg: 0.6, Max: 0.7, Diff: 0.1, Sum: 6.1]
      [GC Worker End (ms): Min: 375.9, Avg: 375.9, Max: 375.9, Diff: 0.0]
   [Code Root Fixup: 0.0 ms]
   [Code Root Purge: 0.0 ms]
   [Clear CT: 0.3 ms]
   [Other: 1.3 ms]
      [Evacuation Failure: 0.7 ms]
      [Choose CSet: 0.0 ms]
      [Ref Proc: 0.2 ms]
      [Ref Enq: 0.0 ms]
      [Redirty Cards: 0.3 ms]
      [Humongous Register: 0.0 ms]
      [Humongous Reclaim: 0.0 ms]
      [Free CSet: 0.0 ms]
   [Eden: 1024.0K(6144.0K)->0.0B(6144.0K) Survivors: 0.0B->0.0B Heap: 100.9M(128.0M)->100.9M(128.0M)]
 [Times: user=0.00 sys=0.00, real=0.00 secs] 
2021-10-02T13:28:27.739+0800: 0.378: [GC concurrent-root-region-scan-start]
2021-10-02T13:28:27.739+0800: 0.378: [GC concurrent-root-region-scan-end, 0.0000086 secs]
2021-10-02T13:28:27.739+0800: 0.378: [GC concurrent-mark-start]
2021-10-02T13:28:27.739+0800: 0.378: [GC pause (G1 Humongous Allocation) (young), 0.0010557 secs]
   [Parallel Time: 0.4 ms, GC Workers: 10]
      [GC Worker Start (ms): Min: 377.9, Avg: 378.0, Max: 378.0, Diff: 0.1]
      [Ext Root Scanning (ms): Min: 0.0, Avg: 0.1, Max: 0.2, Diff: 0.1, Sum: 1.0]
      [Update RS (ms): Min: 0.0, Avg: 0.1, Max: 0.1, Diff: 0.1, Sum: 0.5]
         [Processed Buffers: Min: 0, Avg: 1.0, Max: 2, Diff: 2, Sum: 10]
      [Scan RS (ms): Min: 0.0, Avg: 0.0, Max: 0.0, Diff: 0.0, Sum: 0.0]
      [Code Root Scanning (ms): Min: 0.0, Avg: 0.0, Max: 0.0, Diff: 0.0, Sum: 0.0]
      [Object Copy (ms): Min: 0.0, Avg: 0.0, Max: 0.0, Diff: 0.0, Sum: 0.0]
      [Termination (ms): Min: 0.0, Avg: 0.1, Max: 0.1, Diff: 0.1, Sum: 0.8]
         [Termination Attempts: Min: 1, Avg: 1.0, Max: 1, Diff: 0, Sum: 10]
      [GC Worker Other (ms): Min: 0.0, Avg: 0.0, Max: 0.0, Diff: 0.0, Sum: 0.0]
      [GC Worker Total (ms): Min: 0.2, Avg: 0.2, Max: 0.3, Diff: 0.1, Sum: 2.4]
      [GC Worker End (ms): Min: 378.2, Avg: 378.2, Max: 378.2, Diff: 0.0]
   [Code Root Fixup: 0.0 ms]
   [Code Root Purge: 0.0 ms]
   [Clear CT: 0.3 ms]
   [Other: 0.4 ms]
      [Choose CSet: 0.0 ms]
      [Ref Proc: 0.1 ms]
      [Ref Enq: 0.0 ms]
      [Redirty Cards: 0.3 ms]
      [Humongous Register: 0.0 ms]
      [Humongous Reclaim: 0.0 ms]
      [Free CSet: 0.0 ms]
   [Eden: 0.0B(6144.0K)->0.0B(6144.0K) Survivors: 0.0B->0.0B Heap: 100.9M(128.0M)->100.9M(128.0M)]
 [Times: user=0.00 sys=0.00, real=0.00 secs] 
2021-10-02T13:28:27.740+0800: 0.379: [Full GC (Allocation Failure)  100M->100M(128M), 0.0119633 secs]
   [Eden: 0.0B(6144.0K)->0.0B(6144.0K) Survivors: 0.0B->0.0B Heap: 100.9M(128.0M)->100.8M(128.0M)], [Metaspace: 3354K->3354K(1056768K)]
 [Times: user=0.02 sys=0.00, real=0.01 secs] 
2021-10-02T13:28:27.752+0800: 0.391: [Full GC (Allocation Failure)  100M->100M(128M), 0.0123110 secs]
   [Eden: 0.0B(6144.0K)->0.0B(6144.0K) Survivors: 0.0B->0.0B Heap: 100.8M(128.0M)->100.8M(128.0M)], [Metaspace: 3354K->3354K(1056768K)]
 [Times: user=0.01 sys=0.00, real=0.01 secs] 
2021-10-02T13:28:27.765+0800: 0.404: [GC concurrent-mark-abort]
2021-10-02T13:28:27.765+0800: 0.404: [GC pause (G1 Evacuation Pause) (young), 0.0014931 secs]
   [Parallel Time: 0.6 ms, GC Workers: 10]
      [GC Worker Start (ms): Min: 403.8, Avg: 403.9, Max: 404.0, Diff: 0.2]
      [Ext Root Scanning (ms): Min: 0.0, Avg: 0.1, Max: 0.2, Diff: 0.2, Sum: 0.9]
      [Update RS (ms): Min: 0.0, Avg: 0.0, Max: 0.1, Diff: 0.1, Sum: 0.1]
         [Processed Buffers: Min: 0, Avg: 0.3, Max: 1, Diff: 1, Sum: 3]
      [Scan RS (ms): Min: 0.0, Avg: 0.0, Max: 0.0, Diff: 0.0, Sum: 0.0]
      [Code Root Scanning (ms): Min: 0.0, Avg: 0.0, Max: 0.0, Diff: 0.0, Sum: 0.0]
      [Object Copy (ms): Min: 0.0, Avg: 0.0, Max: 0.0, Diff: 0.0, Sum: 0.0]
      [Termination (ms): Min: 0.0, Avg: 0.1, Max: 0.1, Diff: 0.1, Sum: 0.5]
         [Termination Attempts: Min: 1, Avg: 1.0, Max: 1, Diff: 0, Sum: 10]
      [GC Worker Other (ms): Min: 0.0, Avg: 0.0, Max: 0.0, Diff: 0.0, Sum: 0.0]
      [GC Worker Total (ms): Min: 0.0, Avg: 0.2, Max: 0.2, Diff: 0.2, Sum: 1.6]
      [GC Worker End (ms): Min: 404.0, Avg: 404.1, Max: 404.1, Diff: 0.0]
   [Code Root Fixup: 0.0 ms]
   [Code Root Purge: 0.0 ms]
   [Clear CT: 0.4 ms]
   [Other: 0.6 ms]
      [Choose CSet: 0.0 ms]
      [Ref Proc: 0.2 ms]
      [Ref Enq: 0.0 ms]
      [Redirty Cards: 0.3 ms]
      [Humongous Register: 0.0 ms]
      [Humongous Reclaim: 0.0 ms]
      [Free CSet: 0.0 ms]
   [Eden: 0.0B(6144.0K)->0.0B(6144.0K) Survivors: 0.0B->0.0B Heap: 100.8M(128.0M)->100.8M(128.0M)]
 [Times: user=0.00 sys=0.00, real=0.00 secs] 
2021-10-02T13:28:27.766+0800: 0.405: [GC pause (G1 Evacuation Pause) (young) (initial-mark), 0.0009982 secs]
   [Parallel Time: 0.4 ms, GC Workers: 10]
      [GC Worker Start (ms): Min: 405.4, Avg: 405.5, Max: 405.6, Diff: 0.2]
      [Ext Root Scanning (ms): Min: 0.0, Avg: 0.1, Max: 0.2, Diff: 0.2, Sum: 1.3]
      [Update RS (ms): Min: 0.0, Avg: 0.0, Max: 0.1, Diff: 0.1, Sum: 0.1]
         [Processed Buffers: Min: 0, Avg: 0.2, Max: 1, Diff: 1, Sum: 2]
      [Scan RS (ms): Min: 0.0, Avg: 0.0, Max: 0.0, Diff: 0.0, Sum: 0.0]
      [Code Root Scanning (ms): Min: 0.0, Avg: 0.0, Max: 0.0, Diff: 0.0, Sum: 0.0]
      [Object Copy (ms): Min: 0.0, Avg: 0.0, Max: 0.0, Diff: 0.0, Sum: 0.0]
      [Termination (ms): Min: 0.0, Avg: 0.0, Max: 0.1, Diff: 0.1, Sum: 0.3]
         [Termination Attempts: Min: 1, Avg: 1.0, Max: 1, Diff: 0, Sum: 10]
      [GC Worker Other (ms): Min: 0.0, Avg: 0.0, Max: 0.0, Diff: 0.0, Sum: 0.0]
      [GC Worker Total (ms): Min: 0.1, Avg: 0.2, Max: 0.2, Diff: 0.2, Sum: 1.7]
      [GC Worker End (ms): Min: 405.7, Avg: 405.7, Max: 405.7, Diff: 0.0]
   [Code Root Fixup: 0.0 ms]
   [Code Root Purge: 0.0 ms]
   [Clear CT: 0.2 ms]
   [Other: 0.4 ms]
      [Choose CSet: 0.0 ms]
      [Ref Proc: 0.2 ms]
      [Ref Enq: 0.0 ms]
      [Redirty Cards: 0.1 ms]
      [Humongous Register: 0.0 ms]
      [Humongous Reclaim: 0.0 ms]
      [Free CSet: 0.0 ms]
   [Eden: 0.0B(6144.0K)->0.0B(6144.0K) Survivors: 0.0B->0.0B Heap: 100.8M(128.0M)->100.8M(128.0M)]
 [Times: user=0.00 sys=0.00, real=0.00 secs] 
2021-10-02T13:28:27.768+0800: 0.407: [GC concurrent-root-region-scan-start]
2021-10-02T13:28:27.768+0800: 0.407: [GC concurrent-root-region-scan-end, 0.0000092 secs]
2021-10-02T13:28:27.768+0800: 0.407: [GC concurrent-mark-start]
2021-10-02T13:28:27.768+0800: 0.407: [Full GC (Allocation Failure)  100M->765K(128M), 0.0029361 secs]
   [Eden: 0.0B(6144.0K)->0.0B(76.0M) Survivors: 0.0B->0.0B Heap: 100.8M(128.0M)->765.2K(128.0M)], [Metaspace: 3354K->3354K(1056768K)]
 [Times: user=0.00 sys=0.00, real=0.00 secs] 
2021-10-02T13:28:27.771+0800: 0.410: [GC concurrent-mark-abort]
Heap
 garbage-first heap   total 131072K, used 765K [0x00000000f8000000, 0x00000000f8100400, 0x0000000100000000)
  region size 1024K, 1 young (1024K), 0 survivors (0K)
 Metaspace       used 3384K, capacity 4500K, committed 4864K, reserved 1056768K
  class space    used 372K, capacity 388K, committed 512K, reserved 1048576K
