Java HotSpot(TM) 64-Bit Server VM (25.77-b03) for windows-amd64 JRE (1.8.0_77-b03), built on Mar 20 2016 22:01:33 by "java_re" with MS VC++ 10.0 (VS2010)
Memory: 4k page, physical 33410456k(22907228k free), swap 35507608k(21939052k free)
CommandLine flags: -XX:InitialHeapSize=1073741824 -XX:MaxHeapSize=1073741824 -XX:+PrintGC -XX:+PrintGCDateStamps -XX:+PrintGCTimeStamps -XX:+UseCompressedClassPointers -XX:+UseCompressedOops -XX:+UseG1GC -XX:-UseLargePagesIndividualAllocation 
2021-10-02T13:32:40.668+0800: 0.198: [GC pause (G1 Evacuation Pause) (young) 61M->21M(1024M), 0.0050032 secs]
2021-10-02T13:32:40.690+0800: 0.220: [GC pause (G1 Evacuation Pause) (young) 82M->42M(1024M), 0.0034607 secs]
2021-10-02T13:32:40.705+0800: 0.235: [GC pause (G1 Evacuation Pause) (young) 101M->63M(1024M), 0.0042469 secs]
2021-10-02T13:32:40.728+0800: 0.258: [GC pause (G1 Evacuation Pause) (young) 136M->85M(1024M), 0.0050987 secs]
2021-10-02T13:32:41.017+0800: 0.547: [GC pause (G1 Evacuation Pause) (young)-- 818M->419M(1024M), 0.0297189 secs]
2021-10-02T13:32:41.063+0800: 0.593: [GC pause (G1 Evacuation Pause) (young) 546M->448M(1024M), 0.0117254 secs]
2021-10-02T13:32:41.075+0800: 0.605: [GC pause (G1 Humongous Allocation) (young) (initial-mark) 454M->448M(1024M), 0.0041024 secs]
2021-10-02T13:32:41.079+0800: 0.609: [GC concurrent-root-region-scan-start]
2021-10-02T13:32:41.079+0800: 0.610: [GC concurrent-root-region-scan-end, 0.0002777 secs]
2021-10-02T13:32:41.079+0800: 0.610: [GC concurrent-mark-start]
2021-10-02T13:32:41.101+0800: 0.631: [GC concurrent-mark-end, 0.0215804 secs]
2021-10-02T13:32:41.101+0800: 0.631: [GC remark, 0.0022472 secs]
2021-10-02T13:32:41.104+0800: 0.634: [GC cleanup 601M->588M(1024M), 0.0012253 secs]
2021-10-02T13:32:41.105+0800: 0.635: [GC concurrent-cleanup-start]
2021-10-02T13:32:41.105+0800: 0.635: [GC concurrent-cleanup-end, 0.0000142 secs]
2021-10-02T13:32:41.134+0800: 0.664: [GC pause (G1 Evacuation Pause) (young) 776M->543M(1024M), 0.0102785 secs]
2021-10-02T13:32:41.147+0800: 0.677: [GC pause (G1 Evacuation Pause) (mixed) 562M->457M(1024M), 0.0060688 secs]
2021-10-02T13:32:41.159+0800: 0.688: [GC pause (G1 Evacuation Pause) (mixed) 513M->436M(1024M), 0.0041277 secs]
2021-10-02T13:32:41.163+0800: 0.693: [GC pause (G1 Humongous Allocation) (young) (initial-mark) 439M->438M(1024M), 0.0024197 secs]
2021-10-02T13:32:41.166+0800: 0.696: [GC concurrent-root-region-scan-start]
2021-10-02T13:32:41.166+0800: 0.696: [GC concurrent-root-region-scan-end, 0.0006709 secs]
2021-10-02T13:32:41.166+0800: 0.696: [GC concurrent-mark-start]
2021-10-02T13:32:41.187+0800: 0.717: [GC concurrent-mark-end, 0.0209675 secs]
2021-10-02T13:32:41.187+0800: 0.717: [GC remark, 0.0022057 secs]
2021-10-02T13:32:41.190+0800: 0.720: [GC cleanup 615M->606M(1024M), 0.0011234 secs]
2021-10-02T13:32:41.191+0800: 0.721: [GC concurrent-cleanup-start]
2021-10-02T13:32:41.191+0800: 0.721: [GC concurrent-cleanup-end, 0.0000124 secs]
2021-10-02T13:32:41.213+0800: 0.743: [GC pause (G1 Evacuation Pause) (young) 797M->529M(1024M), 0.0101789 secs]
2021-10-02T13:32:41.225+0800: 0.754: [GC pause (G1 Evacuation Pause) (mixed) 544M->466M(1024M), 0.0082815 secs]
2021-10-02T13:32:41.232+0800: 0.763: [GC pause (G1 Humongous Allocation) (young) (initial-mark) 471M->469M(1024M), 0.0020160 secs]
2021-10-02T13:32:41.235+0800: 0.765: [GC concurrent-root-region-scan-start]
2021-10-02T13:32:41.235+0800: 0.766: [GC concurrent-root-region-scan-end, 0.0004246 secs]
2021-10-02T13:32:41.235+0800: 0.766: [GC concurrent-mark-start]
2021-10-02T13:32:41.262+0800: 0.792: [GC concurrent-mark-end, 0.0265130 secs]
2021-10-02T13:32:41.262+0800: 0.792: [GC remark, 0.0019755 secs]
2021-10-02T13:32:41.264+0800: 0.794: [GC cleanup 650M->647M(1024M), 0.0008170 secs]
2021-10-02T13:32:41.265+0800: 0.795: [GC concurrent-cleanup-start]
2021-10-02T13:32:41.265+0800: 0.795: [GC concurrent-cleanup-end, 0.0000099 secs]
2021-10-02T13:32:41.285+0800: 0.815: [GC pause (G1 Evacuation Pause) (young) 805M->559M(1024M), 0.0100000 secs]
2021-10-02T13:32:41.297+0800: 0.827: [GC pause (G1 Evacuation Pause) (mixed) 577M->499M(1024M), 0.0084936 secs]
2021-10-02T13:32:41.305+0800: 0.836: [GC pause (G1 Humongous Allocation) (young) (initial-mark) 500M->498M(1024M), 0.0019362 secs]
2021-10-02T13:32:41.307+0800: 0.838: [GC concurrent-root-region-scan-start]
2021-10-02T13:32:41.308+0800: 0.838: [GC concurrent-root-region-scan-end, 0.0004688 secs]
2021-10-02T13:32:41.308+0800: 0.838: [GC concurrent-mark-start]
2021-10-02T13:32:41.331+0800: 0.861: [GC concurrent-mark-end, 0.0225445 secs]
2021-10-02T13:32:41.331+0800: 0.861: [GC remark, 0.0017950 secs]
2021-10-02T13:32:41.333+0800: 0.863: [GC cleanup 699M->694M(1024M), 0.0008452 secs]
2021-10-02T13:32:41.333+0800: 0.864: [GC concurrent-cleanup-start]
2021-10-02T13:32:41.333+0800: 0.864: [GC concurrent-cleanup-end, 0.0000092 secs]
2021-10-02T13:32:41.352+0800: 0.882: [GC pause (G1 Evacuation Pause) (young) 830M->592M(1024M), 0.0099991 secs]
2021-10-02T13:32:41.364+0800: 0.894: [GC pause (G1 Evacuation Pause) (mixed) 610M->528M(1024M), 0.0076681 secs]
2021-10-02T13:32:41.372+0800: 0.902: [GC pause (G1 Humongous Allocation) (young) (initial-mark) 529M->528M(1024M), 0.0016329 secs]
2021-10-02T13:32:41.374+0800: 0.904: [GC concurrent-root-region-scan-start]
2021-10-02T13:32:41.374+0800: 0.904: [GC concurrent-root-region-scan-end, 0.0002680 secs]
2021-10-02T13:32:41.374+0800: 0.904: [GC concurrent-mark-start]
2021-10-02T13:32:41.401+0800: 0.932: [GC concurrent-mark-end, 0.0275695 secs]
2021-10-02T13:32:41.402+0800: 0.932: [GC remark, 0.0015430 secs]
2021-10-02T13:32:41.403+0800: 0.933: [GC cleanup 780M->777M(1024M), 0.0006808 secs]
2021-10-02T13:32:41.404+0800: 0.934: [GC concurrent-cleanup-start]
2021-10-02T13:32:41.404+0800: 0.934: [GC concurrent-cleanup-end, 0.0000083 secs]
2021-10-02T13:32:41.411+0800: 0.942: [GC pause (G1 Evacuation Pause) (young) 840M->611M(1024M), 0.0096324 secs]
2021-10-02T13:32:41.423+0800: 0.954: [GC pause (G1 Evacuation Pause) (mixed) 635M->550M(1024M), 0.0088186 secs]
2021-10-02T13:32:41.439+0800: 0.969: [GC pause (G1 Evacuation Pause) (mixed) 608M->564M(1024M), 0.0034752 secs]
2021-10-02T13:32:41.443+0800: 0.973: [GC pause (G1 Humongous Allocation) (young) (initial-mark) 565M->565M(1024M), 0.0020137 secs]
2021-10-02T13:32:41.445+0800: 0.975: [GC concurrent-root-region-scan-start]
2021-10-02T13:32:41.445+0800: 0.976: [GC concurrent-root-region-scan-end, 0.0007191 secs]
2021-10-02T13:32:41.445+0800: 0.976: [GC concurrent-mark-start]
2021-10-02T13:32:41.482+0800: 1.012: [GC concurrent-mark-end, 0.0360722 secs]
2021-10-02T13:32:41.482+0800: 1.012: [GC remark, 0.0017466 secs]
2021-10-02T13:32:41.484+0800: 1.014: [GC cleanup 807M->801M(1024M), 0.0006561 secs]
2021-10-02T13:32:41.484+0800: 1.014: [GC concurrent-cleanup-start]
2021-10-02T13:32:41.484+0800: 1.014: [GC concurrent-cleanup-end, 0.0000153 secs]
2021-10-02T13:32:41.489+0800: 1.019: [GC pause (G1 Evacuation Pause) (young) 835M->633M(1024M), 0.0088386 secs]
2021-10-02T13:32:41.501+0800: 1.031: [GC pause (G1 Evacuation Pause) (mixed) 659M->572M(1024M), 0.0076108 secs]
2021-10-02T13:32:41.515+0800: 1.045: [GC pause (G1 Evacuation Pause) (mixed) 630M->567M(1024M), 0.0055883 secs]
2021-10-02T13:32:41.520+0800: 1.050: [GC pause (G1 Humongous Allocation) (young) (initial-mark) 568M->568M(1024M), 0.0015024 secs]
2021-10-02T13:32:41.522+0800: 1.052: [GC concurrent-root-region-scan-start]
2021-10-02T13:32:41.523+0800: 1.053: [GC concurrent-root-region-scan-end, 0.0006847 secs]
2021-10-02T13:32:41.523+0800: 1.053: [GC concurrent-mark-start]
2021-10-02T13:32:41.554+0800: 1.084: [GC pause (G1 Evacuation Pause) (young) 832M->636M(1024M), 0.0079994 secs]
2021-10-02T13:32:41.564+0800: 1.094: [GC concurrent-mark-end, 0.0417206 secs]
2021-10-02T13:32:41.565+0800: 1.094: [GC remark, 0.0019551 secs]
2021-10-02T13:32:41.567+0800: 1.096: [GC cleanup 658M->657M(1024M), 0.0006618 secs]
2021-10-02T13:32:41.567+0800: 1.097: [GC concurrent-cleanup-start]
2021-10-02T13:32:41.567+0800: 1.097: [GC concurrent-cleanup-end, 0.0000091 secs]
2021-10-02T13:32:41.587+0800: 1.116: [GC pause (G1 Evacuation Pause) (young) 822M->686M(1024M), 0.0085698 secs]
2021-10-02T13:32:41.598+0800: 1.129: [GC pause (G1 Evacuation Pause) (mixed) 718M->623M(1024M), 0.0079385 secs]
2021-10-02T13:32:41.613+0800: 1.143: [GC pause (G1 Evacuation Pause) (mixed) 678M->623M(1024M), 0.0048748 secs]
2021-10-02T13:32:41.618+0800: 1.149: [GC pause (G1 Humongous Allocation) (young) (initial-mark) 624M->623M(1024M), 0.0016662 secs]
2021-10-02T13:32:41.620+0800: 1.150: [GC concurrent-root-region-scan-start]
2021-10-02T13:32:41.620+0800: 1.151: [GC concurrent-root-region-scan-end, 0.0005286 secs]
2021-10-02T13:32:41.620+0800: 1.151: [GC concurrent-mark-start]
2021-10-02T13:32:41.653+0800: 1.184: [GC concurrent-mark-end, 0.0331494 secs]
2021-10-02T13:32:41.654+0800: 1.184: [GC remark, 0.0016135 secs]
2021-10-02T13:32:41.655+0800: 1.186: [GC cleanup 665M->661M(1024M), 0.0006340 secs]
2021-10-02T13:32:41.656+0800: 1.186: [GC concurrent-cleanup-start]
2021-10-02T13:32:41.656+0800: 1.186: [GC concurrent-cleanup-end, 0.0000088 secs]
