Java HotSpot(TM) 64-Bit Server VM (25.77-b03) for windows-amd64 JRE (1.8.0_77-b03), built on Mar 20 2016 22:01:33 by "java_re" with MS VC++ 10.0 (VS2010)
Memory: 4k page, physical 33410456k(22834508k free), swap 35507608k(21843504k free)
CommandLine flags: -XX:InitialHeapSize=268435456 -XX:MaxHeapSize=268435456 -XX:+PrintGC -XX:+PrintGCDateStamps -XX:+PrintGCTimeStamps -XX:+UseCompressedClassPointers -XX:+UseCompressedOops -XX:+UseG1GC -XX:-UseLargePagesIndividualAllocation 
2021-10-02T13:31:06.867+0800: 0.143: [GC pause (G1 Evacuation Pause) (young) 13M->5331K(256M), 0.0019917 secs]
2021-10-02T13:31:06.881+0800: 0.157: [GC pause (G1 Evacuation Pause) (young) 28M->12M(256M), 0.0032382 secs]
2021-10-02T13:31:06.908+0800: 0.184: [GC pause (G1 Evacuation Pause) (young) 80M->37M(256M), 0.0045389 secs]
2021-10-02T13:31:06.924+0800: 0.200: [GC pause (G1 Evacuation Pause) (young) 105M->64M(256M), 0.0066629 secs]
2021-10-02T13:31:06.947+0800: 0.222: [GC pause (G1 Evacuation Pause) (young) 148M->99M(256M), 0.0056021 secs]
2021-10-02T13:31:06.958+0800: 0.234: [GC pause (G1 Humongous Allocation) (young) (initial-mark) 148M->119M(256M), 0.0046341 secs]
2021-10-02T13:31:06.963+0800: 0.239: [GC concurrent-root-region-scan-start]
2021-10-02T13:31:06.964+0800: 0.240: [GC concurrent-root-region-scan-end, 0.0009512 secs]
2021-10-02T13:31:06.964+0800: 0.240: [GC concurrent-mark-start]
2021-10-02T13:31:06.972+0800: 0.248: [GC concurrent-mark-end, 0.0081223 secs]
2021-10-02T13:31:06.972+0800: 0.248: [GC remark, 0.0013062 secs]
2021-10-02T13:31:06.974+0800: 0.249: [GC cleanup 162M->162M(256M), 0.0005567 secs]
2021-10-02T13:31:06.981+0800: 0.257: [GC pause (G1 Evacuation Pause) (young) 199M->145M(256M), 0.0046664 secs]
2021-10-02T13:31:06.987+0800: 0.262: [GC pause (G1 Humongous Allocation) (young) (initial-mark) 150M->146M(256M), 0.0020965 secs]
2021-10-02T13:31:06.989+0800: 0.264: [GC concurrent-root-region-scan-start]
2021-10-02T13:31:06.989+0800: 0.265: [GC concurrent-root-region-scan-end, 0.0002718 secs]
2021-10-02T13:31:06.989+0800: 0.265: [GC concurrent-mark-start]
2021-10-02T13:31:06.998+0800: 0.274: [GC pause (G1 Evacuation Pause) (young) 201M->164M(256M), 0.0027572 secs]
2021-10-02T13:31:07.003+0800: 0.278: [GC concurrent-mark-end, 0.0137411 secs]
2021-10-02T13:31:07.003+0800: 0.278: [GC remark, 0.0017155 secs]
2021-10-02T13:31:07.005+0800: 0.280: [GC cleanup 180M->180M(256M), 0.0004790 secs]
2021-10-02T13:31:07.009+0800: 0.284: [GC pause (G1 Evacuation Pause) (young) 206M->182M(256M), 0.0032806 secs]
2021-10-02T13:31:07.014+0800: 0.289: [GC pause (G1 Evacuation Pause) (mixed) 189M->178M(256M), 0.0021902 secs]
2021-10-02T13:31:07.015+0800: 0.291: [GC pause (G1 Humongous Allocation) (young) (initial-mark) 178M->178M(256M), 0.0012932 secs]
2021-10-02T13:31:07.016+0800: 0.293: [GC concurrent-root-region-scan-start]
2021-10-02T13:31:07.017+0800: 0.293: [GC concurrent-root-region-scan-end, 0.0004546 secs]
2021-10-02T13:31:07.017+0800: 0.293: [GC concurrent-mark-start]
2021-10-02T13:31:07.020+0800: 0.297: [GC pause (G1 Evacuation Pause) (young) 205M->191M(256M), 0.0022656 secs]
2021-10-02T13:31:07.025+0800: 0.301: [GC pause (G1 Evacuation Pause) (young) 202M->194M(256M), 0.0017252 secs]
2021-10-02T13:31:07.029+0800: 0.305: [GC pause (G1 Evacuation Pause) (young) 206M->199M(256M), 0.0016910 secs]
2021-10-02T13:31:07.032+0800: 0.309: [GC pause (G1 Evacuation Pause) (young) 210M->203M(256M), 0.0016951 secs]
2021-10-02T13:31:07.036+0800: 0.313: [GC pause (G1 Evacuation Pause) (young) 219M->206M(256M), 0.0016916 secs]
2021-10-02T13:31:07.038+0800: 0.315: [GC concurrent-mark-end, 0.0217222 secs]
2021-10-02T13:31:07.039+0800: 0.315: [GC remark, 0.0010982 secs]
2021-10-02T13:31:07.040+0800: 0.316: [GC cleanup 209M->209M(256M), 0.0005354 secs]
2021-10-02T13:31:07.042+0800: 0.318: [GC pause (G1 Evacuation Pause) (young) 216M->209M(256M), 0.0013466 secs]
2021-10-02T13:31:07.045+0800: 0.321: [GC pause (G1 Evacuation Pause) (mixed)-- 220M->220M(256M), 0.0047441 secs]
2021-10-02T13:31:07.050+0800: 0.326: [GC pause (G1 Humongous Allocation) (young) (initial-mark) 222M->220M(256M), 0.0014361 secs]
2021-10-02T13:31:07.051+0800: 0.328: [GC concurrent-root-region-scan-start]
2021-10-02T13:31:07.051+0800: 0.328: [GC concurrent-root-region-scan-end, 0.0001324 secs]
2021-10-02T13:31:07.051+0800: 0.328: [GC concurrent-mark-start]
2021-10-02T13:31:07.052+0800: 0.329: [GC pause (G1 Evacuation Pause) (young)-- 228M->224M(256M), 0.0016956 secs]
2021-10-02T13:31:07.055+0800: 0.331: [GC pause (G1 Evacuation Pause) (young)-- 229M->228M(256M), 0.0009421 secs]
2021-10-02T13:31:07.056+0800: 0.333: [GC pause (G1 Humongous Allocation) (young)-- 229M->229M(256M), 0.0008331 secs]
2021-10-02T13:31:07.057+0800: 0.334: [Full GC (Allocation Failure)  229M->173M(256M), 0.0392332 secs]
2021-10-02T13:31:07.097+0800: 0.373: [GC concurrent-mark-abort]
2021-10-02T13:31:07.098+0800: 0.374: [GC pause (G1 Humongous Allocation) (young) (initial-mark) 181M->176M(256M), 0.0012203 secs]
2021-10-02T13:31:07.099+0800: 0.375: [GC concurrent-root-region-scan-start]
2021-10-02T13:31:07.099+0800: 0.375: [GC concurrent-root-region-scan-end, 0.0002596 secs]
2021-10-02T13:31:07.099+0800: 0.375: [GC concurrent-mark-start]
2021-10-02T13:31:07.101+0800: 0.377: [GC pause (G1 Evacuation Pause) (young) 192M->181M(256M), 0.0016628 secs]
2021-10-02T13:31:07.105+0800: 0.381: [GC pause (G1 Evacuation Pause) (young) 195M->188M(256M), 0.0017665 secs]
2021-10-02T13:31:07.109+0800: 0.385: [GC pause (G1 Evacuation Pause) (young) 201M->194M(256M), 0.0016893 secs]
2021-10-02T13:31:07.112+0800: 0.388: [GC pause (G1 Evacuation Pause) (young)-- 204M->198M(256M), 0.0014870 secs]
2021-10-02T13:31:07.115+0800: 0.391: [GC pause (G1 Humongous Allocation) (young)-- 207M->205M(256M), 0.0025671 secs]
2021-10-02T13:31:07.119+0800: 0.395: [GC pause (G1 Evacuation Pause) (young)-- 208M->207M(256M), 0.0031654 secs]
2021-10-02T13:31:07.122+0800: 0.398: [GC pause (G1 Humongous Allocation) (young)-- 208M->208M(256M), 0.0008330 secs]
2021-10-02T13:31:07.123+0800: 0.400: [Full GC (Allocation Failure)  208M->191M(256M), 0.0435893 secs]
2021-10-02T13:31:07.167+0800: 0.443: [GC concurrent-mark-abort]
2021-10-02T13:31:07.167+0800: 0.444: [GC pause (G1 Humongous Allocation) (young) (initial-mark) 195M->192M(256M), 0.0009666 secs]
2021-10-02T13:31:07.169+0800: 0.445: [GC concurrent-root-region-scan-start]
2021-10-02T13:31:07.169+0800: 0.445: [GC concurrent-root-region-scan-end, 0.0001954 secs]
2021-10-02T13:31:07.169+0800: 0.445: [GC concurrent-mark-start]
2021-10-02T13:31:07.170+0800: 0.446: [GC pause (G1 Humongous Allocation) (young)-- 204M->200M(256M), 0.0019232 secs]
2021-10-02T13:31:07.173+0800: 0.449: [GC pause (G1 Humongous Allocation) (young)-- 205M->204M(256M), 0.0025153 secs]
2021-10-02T13:31:07.176+0800: 0.452: [GC pause (G1 Evacuation Pause) (young)-- 205M->205M(256M), 0.0013110 secs]
2021-10-02T13:31:07.178+0800: 0.454: [GC pause (G1 Evacuation Pause) (young)-- 206M->206M(256M), 0.0007849 secs]
2021-10-02T13:31:07.179+0800: 0.455: [Full GC (Allocation Failure)  206M->194M(256M), 0.0361286 secs]
2021-10-02T13:31:07.215+0800: 0.491: [GC concurrent-mark-abort]
2021-10-02T13:31:07.215+0800: 0.491: [GC pause (G1 Humongous Allocation) (young) (initial-mark) 194M->194M(256M), 0.0013168 secs]
2021-10-02T13:31:07.216+0800: 0.492: [GC concurrent-root-region-scan-start]
2021-10-02T13:31:07.216+0800: 0.492: [GC concurrent-root-region-scan-end, 0.0000369 secs]
2021-10-02T13:31:07.216+0800: 0.492: [GC concurrent-mark-start]
2021-10-02T13:31:07.218+0800: 0.494: [GC pause (G1 Evacuation Pause) (young)-- 206M->202M(256M), 0.0019377 secs]
2021-10-02T13:31:07.221+0800: 0.497: [GC pause (G1 Evacuation Pause) (young)-- 206M->206M(256M), 0.0014292 secs]
2021-10-02T13:31:07.222+0800: 0.498: [Full GC (Allocation Failure)  206M->196M(256M), 0.0370307 secs]
2021-10-02T13:31:07.260+0800: 0.536: [GC concurrent-mark-abort]
2021-10-02T13:31:07.260+0800: 0.536: [GC pause (G1 Humongous Allocation) (young) (initial-mark) 204M->199M(256M), 0.0018049 secs]
2021-10-02T13:31:07.262+0800: 0.538: [GC concurrent-root-region-scan-start]
2021-10-02T13:31:07.263+0800: 0.538: [GC concurrent-root-region-scan-end, 0.0002197 secs]
2021-10-02T13:31:07.263+0800: 0.538: [GC concurrent-mark-start]
2021-10-02T13:31:07.263+0800: 0.539: [GC pause (G1 Humongous Allocation) (young)-- 206M->205M(256M), 0.0023477 secs]
2021-10-02T13:31:07.266+0800: 0.542: [GC pause (G1 Evacuation Pause) (young)-- 206M->205M(256M), 0.0016521 secs]
2021-10-02T13:31:07.268+0800: 0.544: [GC pause (G1 Humongous Allocation) (young) 206M->205M(256M), 0.0014393 secs]
2021-10-02T13:31:07.270+0800: 0.546: [GC pause (G1 Evacuation Pause) (young) 206M->205M(256M), 0.0014628 secs]
2021-10-02T13:31:07.272+0800: 0.548: [GC pause (G1 Evacuation Pause) (young)-- 206M->206M(256M), 0.0008865 secs]
2021-10-02T13:31:07.273+0800: 0.549: [Full GC (Allocation Failure)  206M->200M(256M), 0.0358691 secs]
2021-10-02T13:31:07.309+0800: 0.585: [GC concurrent-mark-abort]
2021-10-02T13:31:07.310+0800: 0.585: [GC pause (G1 Humongous Allocation) (young) (initial-mark) 201M->200M(256M), 0.0017097 secs]
2021-10-02T13:31:07.311+0800: 0.587: [GC concurrent-root-region-scan-start]
2021-10-02T13:31:07.311+0800: 0.587: [GC concurrent-root-region-scan-end, 0.0001459 secs]
2021-10-02T13:31:07.311+0800: 0.587: [GC concurrent-mark-start]
2021-10-02T13:31:07.312+0800: 0.588: [GC pause (G1 Evacuation Pause) (young)-- 206M->206M(256M), 0.0031064 secs]
2021-10-02T13:31:07.316+0800: 0.591: [Full GC (Allocation Failure)  206M->203M(256M), 0.0249687 secs]
2021-10-02T13:31:07.341+0800: 0.616: [GC concurrent-mark-abort]
2021-10-02T13:31:07.341+0800: 0.617: [GC pause (G1 Evacuation Pause) (young)-- 205M->205M(256M), 0.0019806 secs]
2021-10-02T13:31:07.343+0800: 0.619: [Full GC (Allocation Failure)  205M->204M(256M), 0.0232936 secs]
2021-10-02T13:31:07.367+0800: 0.643: [GC pause (G1 Evacuation Pause) (young)-- 205M->205M(256M), 0.0021602 secs]
2021-10-02T13:31:07.369+0800: 0.645: [Full GC (Allocation Failure)  205M->204M(256M), 0.0234280 secs]
2021-10-02T13:31:07.392+0800: 0.668: [GC pause (G1 Evacuation Pause) (young)-- 205M->205M(256M), 0.0024489 secs]
2021-10-02T13:31:07.395+0800: 0.671: [Full GC (Allocation Failure)  205M->204M(256M), 0.0237300 secs]
2021-10-02T13:31:07.419+0800: 0.695: [GC pause (G1 Evacuation Pause) (young)-- 205M->205M(256M), 0.0016774 secs]
2021-10-02T13:31:07.420+0800: 0.697: [Full GC (Allocation Failure)  205M->204M(256M), 0.0233044 secs]
2021-10-02T13:31:07.444+0800: 0.720: [Full GC (Allocation Failure)  204M->204M(256M), 0.0240890 secs]
2021-10-02T13:31:07.468+0800: 0.744: [GC pause (G1 Evacuation Pause) (young) 204M->204M(256M), 0.0014404 secs]
2021-10-02T13:31:07.470+0800: 0.746: [GC pause (G1 Evacuation Pause) (young) (initial-mark) 204M->204M(256M), 0.0011748 secs]
2021-10-02T13:31:07.471+0800: 0.747: [GC concurrent-root-region-scan-start]
2021-10-02T13:31:07.471+0800: 0.747: [GC concurrent-root-region-scan-end, 0.0000080 secs]
2021-10-02T13:31:07.471+0800: 0.747: [GC concurrent-mark-start]
2021-10-02T13:31:07.471+0800: 0.747: [Full GC (Allocation Failure)  204M->765K(256M), 0.0029725 secs]
2021-10-02T13:31:07.474+0800: 0.750: [GC concurrent-mark-abort]
