Java HotSpot(TM) 64-Bit Server VM (25.77-b03) for windows-amd64 JRE (1.8.0_77-b03), built on Mar 20 2016 22:01:33 by "java_re" with MS VC++ 10.0 (VS2010)
Memory: 4k page, physical 33410456k(22952640k free), swap 35507608k(21988616k free)
CommandLine flags: -XX:InitialHeapSize=1073741824 -XX:MaxHeapSize=1073741824 -XX:+PrintGC -XX:+PrintGCDateStamps -XX:+PrintGCDetails -XX:+PrintGCTimeStamps -XX:+UseCompressedClassPointers -XX:+UseCompressedOops -XX:-UseLargePagesIndividualAllocation -XX:+UseParallelGC 
2021-10-02T13:17:23.782+0800: 0.285: [GC (Allocation Failure) [PSYoungGen: 262144K->43516K(305664K)] 262144K->93030K(1005056K), 0.0128338 secs] [Times: user=0.03 sys=0.13, real=0.01 secs] 
2021-10-02T13:17:23.825+0800: 0.329: [GC (Allocation Failure) [PSYoungGen: 305660K->43516K(305664K)] 355174K->173159K(1005056K), 0.0206034 secs] [Times: user=0.06 sys=0.08, real=0.02 secs] 
2021-10-02T13:17:23.872+0800: 0.376: [GC (Allocation Failure) [PSYoungGen: 305660K->43509K(305664K)] 435303K->257601K(1005056K), 0.0151965 secs] [Times: user=0.00 sys=0.16, real=0.02 secs] 
2021-10-02T13:17:23.916+0800: 0.419: [GC (Allocation Failure) [PSYoungGen: 305653K->43514K(305664K)] 519745K->341146K(1005056K), 0.0162449 secs] [Times: user=0.16 sys=0.00, real=0.02 secs] 
2021-10-02T13:17:23.958+0800: 0.462: [GC (Allocation Failure) [PSYoungGen: 305400K->43508K(305664K)] 603032K->422015K(1005056K), 0.0149733 secs] [Times: user=0.08 sys=0.08, real=0.02 secs] 
2021-10-02T13:17:24.002+0800: 0.505: [GC (Allocation Failure) [PSYoungGen: 305652K->43514K(160256K)] 684159K->499231K(859648K), 0.0177065 secs] [Times: user=0.06 sys=0.06, real=0.02 secs] 
2021-10-02T13:17:24.035+0800: 0.539: [GC (Allocation Failure) [PSYoungGen: 160250K->68160K(232960K)] 615967K->532725K(932352K), 0.0087232 secs] [Times: user=0.14 sys=0.01, real=0.01 secs] 
2021-10-02T13:17:24.057+0800: 0.560: [GC (Allocation Failure) [PSYoungGen: 184663K->88200K(232960K)] 649228K->562927K(932352K), 0.0101812 secs] [Times: user=0.00 sys=0.00, real=0.01 secs] 
2021-10-02T13:17:24.079+0800: 0.583: [GC (Allocation Failure) [PSYoungGen: 204936K->106238K(232960K)] 679663K->597494K(932352K), 0.0134639 secs] [Times: user=0.13 sys=0.02, real=0.01 secs] 
2021-10-02T13:17:24.104+0800: 0.608: [GC (Allocation Failure) [PSYoungGen: 222398K->81230K(232960K)] 713654K->629125K(932352K), 0.0152318 secs] [Times: user=0.00 sys=0.00, real=0.01 secs] 
2021-10-02T13:17:24.131+0800: 0.635: [GC (Allocation Failure) [PSYoungGen: 197925K->40328K(232960K)] 745820K->663969K(932352K), 0.0139044 secs] [Times: user=0.02 sys=0.13, real=0.01 secs] 
2021-10-02T13:17:24.145+0800: 0.649: [Full GC (Ergonomics) [PSYoungGen: 40328K->0K(232960K)] [ParOldGen: 623640K->377018K(699392K)] 663969K->377018K(932352K), [Metaspace: 3355K->3355K(1056768K)], 0.0719653 secs] [Times: user=0.50 sys=0.00, real=0.07 secs] 
2021-10-02T13:17:24.230+0800: 0.734: [GC (Allocation Failure) [PSYoungGen: 116546K->41765K(232960K)] 493564K->418784K(932352K), 0.0048147 secs] [Times: user=0.00 sys=0.00, real=0.00 secs] 
2021-10-02T13:17:24.247+0800: 0.751: [GC (Allocation Failure) [PSYoungGen: 158501K->41302K(232960K)] 535520K->456682K(932352K), 0.0083499 secs] [Times: user=0.00 sys=0.00, real=0.01 secs] 
2021-10-02T13:17:24.269+0800: 0.772: [GC (Allocation Failure) [PSYoungGen: 158038K->41666K(232960K)] 573418K->495370K(932352K), 0.0094117 secs] [Times: user=0.14 sys=0.00, real=0.01 secs] 
2021-10-02T13:17:24.292+0800: 0.795: [GC (Allocation Failure) [PSYoungGen: 158311K->40542K(232960K)] 612015K->530779K(932352K), 0.0090416 secs] [Times: user=0.00 sys=0.00, real=0.01 secs] 
2021-10-02T13:17:24.313+0800: 0.816: [GC (Allocation Failure) [PSYoungGen: 157278K->40338K(232960K)] 647515K->567666K(932352K), 0.0083614 secs] [Times: user=0.00 sys=0.00, real=0.01 secs] 
2021-10-02T13:17:24.333+0800: 0.836: [GC (Allocation Failure) [PSYoungGen: 157074K->42463K(232960K)] 684402K->606883K(932352K), 0.0082239 secs] [Times: user=0.09 sys=0.00, real=0.01 secs] 
2021-10-02T13:17:24.352+0800: 0.855: [GC (Allocation Failure) [PSYoungGen: 159199K->44994K(232960K)] 723619K->648789K(932352K), 0.0085465 secs] [Times: user=0.16 sys=0.00, real=0.01 secs] 
2021-10-02T13:17:24.372+0800: 0.875: [GC (Allocation Failure) [PSYoungGen: 161537K->41094K(232960K)] 765333K->685170K(932352K), 0.0085075 secs] [Times: user=0.00 sys=0.00, real=0.01 secs] 
2021-10-02T13:17:24.381+0800: 0.884: [Full GC (Ergonomics) [PSYoungGen: 41094K->0K(232960K)] [ParOldGen: 644076K->409448K(699392K)] 685170K->409448K(932352K), [Metaspace: 3355K->3355K(1056768K)], 0.0738028 secs] [Times: user=0.48 sys=0.00, real=0.07 secs] 
2021-10-02T13:17:24.467+0800: 0.971: [GC (Allocation Failure) [PSYoungGen: 116736K->35373K(232960K)] 526184K->444822K(932352K), 0.0042932 secs] [Times: user=0.00 sys=0.00, real=0.00 secs] 
2021-10-02T13:17:24.484+0800: 0.987: [GC (Allocation Failure) [PSYoungGen: 152109K->46951K(232960K)] 561558K->488112K(932352K), 0.0085598 secs] [Times: user=0.00 sys=0.00, real=0.01 secs] 
2021-10-02T13:17:24.504+0800: 1.008: [GC (Allocation Failure) [PSYoungGen: 163687K->41217K(232960K)] 604848K->525268K(932352K), 0.0083347 secs] [Times: user=0.16 sys=0.00, real=0.01 secs] 
2021-10-02T13:17:24.524+0800: 1.027: [GC (Allocation Failure) [PSYoungGen: 157896K->41579K(232960K)] 641947K->562262K(932352K), 0.0078815 secs] [Times: user=0.16 sys=0.00, real=0.01 secs] 
2021-10-02T13:17:24.543+0800: 1.047: [GC (Allocation Failure) [PSYoungGen: 158000K->41882K(232960K)] 678683K->597333K(932352K), 0.0080718 secs] [Times: user=0.00 sys=0.00, real=0.01 secs] 
2021-10-02T13:17:24.563+0800: 1.067: [GC (Allocation Failure) [PSYoungGen: 158618K->44566K(232960K)] 714069K->638323K(932352K), 0.0085370 secs] [Times: user=0.00 sys=0.00, real=0.01 secs] 
2021-10-02T13:17:24.582+0800: 1.085: [GC (Allocation Failure) [PSYoungGen: 161276K->48816K(232960K)] 755033K->681413K(932352K), 0.0090395 secs] [Times: user=0.16 sys=0.00, real=0.01 secs] 
2021-10-02T13:17:24.604+0800: 1.107: [GC (Allocation Failure) [PSYoungGen: 165181K->40144K(232960K)] 797777K->716874K(932352K), 0.0101552 secs] [Times: user=0.00 sys=0.00, real=0.01 secs] 
2021-10-02T13:17:24.614+0800: 1.118: [Full GC (Ergonomics) [PSYoungGen: 40144K->0K(232960K)] [ParOldGen: 676729K->430310K(699392K)] 716874K->430310K(932352K), [Metaspace: 3849K->3849K(1056768K)], 0.0815521 secs] [Times: user=0.58 sys=0.00, real=0.08 secs] 
Heap
 PSYoungGen      total 232960K, used 5178K [0x00000000eab00000, 0x0000000100000000, 0x0000000100000000)
  eden space 116736K, 4% used [0x00000000eab00000,0x00000000eb00eb58,0x00000000f1d00000)
  from space 116224K, 0% used [0x00000000f1d00000,0x00000000f1d00000,0x00000000f8e80000)
  to   space 113152K, 0% used [0x00000000f9180000,0x00000000f9180000,0x0000000100000000)
 ParOldGen       total 699392K, used 430310K [0x00000000c0000000, 0x00000000eab00000, 0x00000000eab00000)
  object space 699392K, 61% used [0x00000000c0000000,0x00000000da439800,0x00000000eab00000)
 Metaspace       used 3856K, capacity 4572K, committed 4864K, reserved 1056768K
  class space    used 429K, capacity 460K, committed 512K, reserved 1048576K
