Java HotSpot(TM) 64-Bit Server VM (25.77-b03) for windows-amd64 JRE (1.8.0_77-b03), built on Mar 20 2016 22:01:33 by "java_re" with MS VC++ 10.0 (VS2010)
Memory: 4k page, physical 33410456k(22977020k free), swap 35507608k(21989188k free)
CommandLine flags: -XX:InitialHeapSize=2147483648 -XX:MaxHeapSize=2147483648 -XX:+PrintGC -XX:+PrintGCDateStamps -XX:+PrintGCDetails -XX:+PrintGCTimeStamps -XX:+UseCompressedClassPointers -XX:+UseCompressedOops -XX:-UseLargePagesIndividualAllocation -XX:+UseParallelGC 
2021-10-02T13:16:54.855+0800: 0.364: [GC (Allocation Failure) [PSYoungGen: 524513K->87037K(611840K)] 524513K->150124K(2010112K), 0.0196291 secs] [Times: user=0.06 sys=0.09, real=0.02 secs] 
2021-10-02T13:16:54.933+0800: 0.443: [GC (Allocation Failure) [PSYoungGen: 611837K->87038K(611840K)] 674924K->276279K(2010112K), 0.0304326 secs] [Times: user=0.22 sys=0.09, real=0.03 secs] 
2021-10-02T13:16:55.013+0800: 0.522: [GC (Allocation Failure) [PSYoungGen: 611838K->87030K(611840K)] 801079K->407191K(2010112K), 0.0259853 secs] [Times: user=0.09 sys=0.06, real=0.03 secs] 
2021-10-02T13:16:55.090+0800: 0.599: [GC (Allocation Failure) [PSYoungGen: 611830K->87039K(611840K)] 931991K->536735K(2010112K), 0.0259914 secs] [Times: user=0.09 sys=0.06, real=0.03 secs] 
2021-10-02T13:16:55.168+0800: 0.677: [GC (Allocation Failure) [PSYoungGen: 611180K->87018K(611840K)] 1060876K->666062K(2010112K), 0.0265559 secs] [Times: user=0.05 sys=0.09, real=0.03 secs] 
2021-10-02T13:16:55.246+0800: 0.755: [GC (Allocation Failure) [PSYoungGen: 611818K->87036K(320000K)] 1190862K->796160K(1718272K), 0.0260488 secs] [Times: user=0.06 sys=0.08, real=0.03 secs] 
2021-10-02T13:16:55.295+0800: 0.803: [GC (Allocation Failure) [PSYoungGen: 319956K->143526K(465920K)] 1029079K->860403K(1864192K), 0.0153884 secs] [Times: user=0.16 sys=0.00, real=0.01 secs] 
2021-10-02T13:16:55.332+0800: 0.841: [GC (Allocation Failure) [PSYoungGen: 376486K->181512K(465920K)] 1093363K->915770K(1864192K), 0.0194358 secs] [Times: user=0.16 sys=0.00, real=0.02 secs] 
2021-10-02T13:16:55.375+0800: 0.884: [GC (Allocation Failure) [PSYoungGen: 414472K->202355K(465920K)] 1148730K->968114K(1864192K), 0.0238450 secs] [Times: user=0.16 sys=0.00, real=0.02 secs] 
2021-10-02T13:16:55.422+0800: 0.931: [GC (Allocation Failure) [PSYoungGen: 435315K->144380K(465920K)] 1201074K->1008726K(1864192K), 0.0259234 secs] [Times: user=0.27 sys=0.05, real=0.03 secs] 
2021-10-02T13:16:55.472+0800: 0.981: [GC (Allocation Failure) [PSYoungGen: 377340K->82849K(465920K)] 1241686K->1063604K(1864192K), 0.0240792 secs] [Times: user=0.16 sys=0.13, real=0.03 secs] 
2021-10-02T13:16:55.519+0800: 1.028: [GC (Allocation Failure) [PSYoungGen: 315809K->73506K(465920K)] 1296564K->1121136K(1864192K), 0.0155554 secs] [Times: user=0.09 sys=0.06, real=0.01 secs] 
2021-10-02T13:16:55.555+0800: 1.064: [GC (Allocation Failure) [PSYoungGen: 306466K->79576K(465920K)] 1354096K->1186009K(1864192K), 0.0148182 secs] [Times: user=0.08 sys=0.06, real=0.01 secs] 
2021-10-02T13:16:55.593+0800: 1.102: [GC (Allocation Failure) [PSYoungGen: 312152K->79768K(465920K)] 1418585K->1253659K(1864192K), 0.0155493 secs] [Times: user=0.08 sys=0.08, real=0.02 secs] 
Heap
 PSYoungGen      total 465920K, used 209916K [0x00000000d5580000, 0x0000000100000000, 0x0000000100000000)
  eden space 232960K, 55% used [0x00000000d5580000,0x00000000dd499010,0x00000000e3900000)
  from space 232960K, 34% used [0x00000000f1c80000,0x00000000f6a66140,0x0000000100000000)
  to   space 232960K, 0% used [0x00000000e3900000,0x00000000e3900000,0x00000000f1c80000)
 ParOldGen       total 1398272K, used 1173891K [0x0000000080000000, 0x00000000d5580000, 0x00000000d5580000)
  object space 1398272K, 83% used [0x0000000080000000,0x00000000c7a60d30,0x00000000d5580000)
 Metaspace       used 3855K, capacity 4572K, committed 4864K, reserved 1056768K
  class space    used 429K, capacity 460K, committed 512K, reserved 1048576K
