Java HotSpot(TM) 64-Bit Server VM (25.77-b03) for windows-amd64 JRE (1.8.0_77-b03), built on Mar 20 2016 22:01:33 by "java_re" with MS VC++ 10.0 (VS2010)
Memory: 4k page, physical 33410456k(22933616k free), swap 35507608k(21952116k free)
CommandLine flags: -XX:InitialHeapSize=268435456 -XX:MaxHeapSize=268435456 -XX:+PrintGC -XX:+PrintGCDateStamps -XX:+PrintGCDetails -XX:+PrintGCTimeStamps -XX:+UseCompressedClassPointers -XX:+UseCompressedOops -XX:-UseLargePagesIndividualAllocation -XX:+UseParallelGC 
2021-10-02T13:18:58.587+0800: 0.183: [GC (Allocation Failure) [PSYoungGen: 65536K->10736K(76288K)] 65536K->20481K(251392K), 0.0047262 secs] [Times: user=0.08 sys=0.08, real=0.00 secs] 
2021-10-02T13:18:58.602+0800: 0.199: [GC (Allocation Failure) [PSYoungGen: 76228K->10735K(76288K)] 85972K->45207K(251392K), 0.0106033 secs] [Times: user=0.00 sys=0.00, real=0.01 secs] 
2021-10-02T13:18:58.622+0800: 0.219: [GC (Allocation Failure) [PSYoungGen: 76210K->10743K(76288K)] 110682K->68051K(251392K), 0.0052879 secs] [Times: user=0.00 sys=0.00, real=0.01 secs] 
2021-10-02T13:18:58.635+0800: 0.231: [GC (Allocation Failure) [PSYoungGen: 76279K->10739K(76288K)] 133587K->88880K(251392K), 0.0049153 secs] [Times: user=0.00 sys=0.00, real=0.01 secs] 
2021-10-02T13:18:58.646+0800: 0.242: [GC (Allocation Failure) [PSYoungGen: 76275K->10743K(76288K)] 154416K->116942K(251392K), 0.0053830 secs] [Times: user=0.13 sys=0.03, real=0.01 secs] 
2021-10-02T13:18:58.658+0800: 0.255: [GC (Allocation Failure) [PSYoungGen: 76279K->10744K(40448K)] 182478K->136225K(215552K), 0.0044610 secs] [Times: user=0.00 sys=0.00, real=0.01 secs] 
2021-10-02T13:18:58.666+0800: 0.263: [GC (Allocation Failure) [PSYoungGen: 40440K->19488K(58368K)] 165921K->148474K(233472K), 0.0034380 secs] [Times: user=0.11 sys=0.00, real=0.00 secs] 
2021-10-02T13:18:58.675+0800: 0.271: [GC (Allocation Failure) [PSYoungGen: 48954K->26796K(58368K)] 177940K->158663K(233472K), 0.0035478 secs] [Times: user=0.00 sys=0.00, real=0.00 secs] 
2021-10-02T13:18:58.684+0800: 0.280: [GC (Allocation Failure) [PSYoungGen: 56400K->28608K(58368K)] 188268K->168411K(233472K), 0.0048190 secs] [Times: user=0.00 sys=0.00, real=0.00 secs] 
2021-10-02T13:18:58.692+0800: 0.288: [GC (Allocation Failure) [PSYoungGen: 58004K->20556K(58368K)] 197807K->179271K(233472K), 0.0049957 secs] [Times: user=0.00 sys=0.00, real=0.01 secs] 
2021-10-02T13:18:58.697+0800: 0.293: [Full GC (Ergonomics) [PSYoungGen: 20556K->0K(58368K)] [ParOldGen: 158715K->154367K(175104K)] 179271K->154367K(233472K), [Metaspace: 3357K->3357K(1056768K)], 0.0294745 secs] [Times: user=0.31 sys=0.00, real=0.03 secs] 
2021-10-02T13:18:58.730+0800: 0.326: [Full GC (Ergonomics) [PSYoungGen: 29666K->0K(58368K)] [ParOldGen: 154367K->162012K(175104K)] 184034K->162012K(233472K), [Metaspace: 3357K->3357K(1056768K)], 0.0233958 secs] [Times: user=0.16 sys=0.00, real=0.02 secs] 
2021-10-02T13:18:58.756+0800: 0.352: [Full GC (Ergonomics) [PSYoungGen: 29644K->0K(58368K)] [ParOldGen: 162012K->170489K(175104K)] 191657K->170489K(233472K), [Metaspace: 3357K->3357K(1056768K)], 0.0287634 secs] [Times: user=0.31 sys=0.00, real=0.03 secs] 
2021-10-02T13:18:58.788+0800: 0.384: [Full GC (Ergonomics) [PSYoungGen: 29606K->4577K(58368K)] [ParOldGen: 170489K->174772K(175104K)] 200095K->179350K(233472K), [Metaspace: 3357K->3357K(1056768K)], 0.0292462 secs] [Times: user=0.31 sys=0.00, real=0.03 secs] 
2021-10-02T13:18:58.820+0800: 0.415: [Full GC (Ergonomics) [PSYoungGen: 29650K->14066K(58368K)] [ParOldGen: 174772K->174736K(175104K)] 204422K->188803K(233472K), [Metaspace: 3357K->3357K(1056768K)], 0.0279668 secs] [Times: user=0.31 sys=0.00, real=0.03 secs] 
2021-10-02T13:18:58.849+0800: 0.445: [Full GC (Ergonomics) [PSYoungGen: 29578K->15380K(58368K)] [ParOldGen: 174736K->174727K(175104K)] 204315K->190107K(233472K), [Metaspace: 3357K->3357K(1056768K)], 0.0225609 secs] [Times: user=0.03 sys=0.00, real=0.02 secs] 
2021-10-02T13:18:58.873+0800: 0.469: [Full GC (Ergonomics) [PSYoungGen: 29569K->17657K(58368K)] [ParOldGen: 174727K->174611K(175104K)] 204296K->192269K(233472K), [Metaspace: 3357K->3357K(1056768K)], 0.0258821 secs] [Times: user=0.16 sys=0.00, real=0.03 secs] 
2021-10-02T13:18:58.900+0800: 0.496: [Full GC (Ergonomics) [PSYoungGen: 29696K->18494K(58368K)] [ParOldGen: 174611K->174644K(175104K)] 204307K->193138K(233472K), [Metaspace: 3357K->3357K(1056768K)], 0.0312591 secs] [Times: user=0.31 sys=0.00, real=0.03 secs] 
2021-10-02T13:18:58.933+0800: 0.529: [Full GC (Ergonomics) [PSYoungGen: 29549K->19810K(58368K)] [ParOldGen: 174644K->175043K(175104K)] 204194K->194854K(233472K), [Metaspace: 3357K->3357K(1056768K)], 0.0251091 secs] [Times: user=0.16 sys=0.00, real=0.02 secs] 
2021-10-02T13:18:58.959+0800: 0.555: [Full GC (Ergonomics) [PSYoungGen: 29530K->23709K(58368K)] [ParOldGen: 175043K->174682K(175104K)] 204574K->198391K(233472K), [Metaspace: 3357K->3357K(1056768K)], 0.0240502 secs] [Times: user=0.03 sys=0.00, real=0.02 secs] 
2021-10-02T13:18:58.984+0800: 0.580: [Full GC (Ergonomics) [PSYoungGen: 29455K->24175K(58368K)] [ParOldGen: 174682K->174984K(175104K)] 204138K->199160K(233472K), [Metaspace: 3357K->3357K(1056768K)], 0.0350177 secs] [Times: user=0.31 sys=0.00, real=0.04 secs] 
2021-10-02T13:18:59.020+0800: 0.616: [Full GC (Ergonomics) [PSYoungGen: 29497K->26164K(58368K)] [ParOldGen: 174984K->174929K(175104K)] 204481K->201093K(233472K), [Metaspace: 3357K->3357K(1056768K)], 0.0386296 secs] [Times: user=0.20 sys=0.02, real=0.04 secs] 
2021-10-02T13:18:59.059+0800: 0.655: [Full GC (Ergonomics) [PSYoungGen: 29455K->28118K(58368K)] [ParOldGen: 174929K->174929K(175104K)] 204385K->203048K(233472K), [Metaspace: 3357K->3357K(1056768K)], 0.0119130 secs] [Times: user=0.00 sys=0.00, real=0.01 secs] 
2021-10-02T13:18:59.071+0800: 0.667: [Full GC (Ergonomics) [PSYoungGen: 29696K->28868K(58368K)] [ParOldGen: 174929K->174858K(175104K)] 204625K->203726K(233472K), [Metaspace: 3357K->3357K(1056768K)], 0.0106180 secs] [Times: user=0.16 sys=0.00, real=0.01 secs] 
2021-10-02T13:18:59.082+0800: 0.678: [Full GC (Ergonomics) [PSYoungGen: 29663K->29218K(58368K)] [ParOldGen: 174858K->174858K(175104K)] 204522K->204077K(233472K), [Metaspace: 3357K->3357K(1056768K)], 0.0089576 secs] [Times: user=0.14 sys=0.00, real=0.01 secs] 
2021-10-02T13:18:59.091+0800: 0.687: [Full GC (Ergonomics) [PSYoungGen: 29576K->29255K(58368K)] [ParOldGen: 174858K->174858K(175104K)] 204434K->204113K(233472K), [Metaspace: 3357K->3357K(1056768K)], 0.0091270 secs] [Times: user=0.00 sys=0.00, real=0.01 secs] 
2021-10-02T13:18:59.100+0800: 0.697: [Full GC (Ergonomics) [PSYoungGen: 29563K->29255K(58368K)] [ParOldGen: 174858K->174858K(175104K)] 204421K->204113K(233472K), [Metaspace: 3357K->3357K(1056768K)], 0.0096979 secs] [Times: user=0.13 sys=0.00, real=0.01 secs] 
2021-10-02T13:18:59.110+0800: 0.706: [Full GC (Ergonomics) [PSYoungGen: 29654K->29332K(58368K)] [ParOldGen: 174858K->174858K(175104K)] 204512K->204191K(233472K), [Metaspace: 3357K->3357K(1056768K)], 0.0089509 secs] [Times: user=0.00 sys=0.00, real=0.01 secs] 
2021-10-02T13:18:59.119+0800: 0.716: [Full GC (Ergonomics) [PSYoungGen: 29593K->29332K(58368K)] [ParOldGen: 174858K->174858K(175104K)] 204452K->204191K(233472K), [Metaspace: 3357K->3357K(1056768K)], 0.0094251 secs] [Times: user=0.01 sys=0.02, real=0.01 secs] 
2021-10-02T13:18:59.129+0800: 0.725: [Full GC (Ergonomics) [PSYoungGen: 29627K->29332K(58368K)] [ParOldGen: 174858K->174858K(175104K)] 204486K->204191K(233472K), [Metaspace: 3357K->3357K(1056768K)], 0.0085244 secs] [Times: user=0.16 sys=0.00, real=0.01 secs] 
2021-10-02T13:18:59.138+0800: 0.734: [Full GC (Ergonomics) [PSYoungGen: 29676K->29404K(58368K)] [ParOldGen: 174858K->174858K(175104K)] 204535K->204263K(233472K), [Metaspace: 3357K->3357K(1056768K)], 0.0108880 secs] [Times: user=0.00 sys=0.00, real=0.01 secs] 
2021-10-02T13:18:59.149+0800: 0.745: [Full GC (Ergonomics) [PSYoungGen: 29685K->29099K(58368K)] [ParOldGen: 174858K->174858K(175104K)] 204544K->203958K(233472K), [Metaspace: 3357K->3357K(1056768K)], 0.0124590 secs] [Times: user=0.16 sys=0.00, real=0.01 secs] 
2021-10-02T13:18:59.162+0800: 0.758: [Full GC (Ergonomics) [PSYoungGen: 29454K->29099K(58368K)] [ParOldGen: 174858K->174858K(175104K)] 204313K->203958K(233472K), [Metaspace: 3357K->3357K(1056768K)], 0.0104995 secs] [Times: user=0.16 sys=0.00, real=0.01 secs] 
2021-10-02T13:18:59.172+0800: 0.768: [Full GC (Ergonomics) [PSYoungGen: 29394K->29394K(58368K)] [ParOldGen: 174858K->174858K(175104K)] 204253K->204253K(233472K), [Metaspace: 3357K->3357K(1056768K)], 0.0109735 secs] [Times: user=0.02 sys=0.00, real=0.01 secs] 
2021-10-02T13:18:59.183+0800: 0.779: [Full GC (Allocation Failure) [PSYoungGen: 29394K->29394K(58368K)] [ParOldGen: 174858K->174833K(175104K)] 204253K->204227K(233472K), [Metaspace: 3357K->3357K(1056768K)], 0.0391623 secs] [Times: user=0.16 sys=0.00, real=0.04 secs] 
Heap
 PSYoungGen      total 58368K, used 29696K [0x00000000fab00000, 0x0000000100000000, 0x0000000100000000)
  eden space 29696K, 100% used [0x00000000fab00000,0x00000000fc800000,0x00000000fc800000)
  from space 28672K, 0% used [0x00000000fe400000,0x00000000fe400000,0x0000000100000000)
  to   space 28672K, 0% used [0x00000000fc800000,0x00000000fc800000,0x00000000fe400000)
 ParOldGen       total 175104K, used 174833K [0x00000000f0000000, 0x00000000fab00000, 0x00000000fab00000)
  object space 175104K, 99% used [0x00000000f0000000,0x00000000faabc4e8,0x00000000fab00000)
 Metaspace       used 3387K, capacity 4500K, committed 4864K, reserved 1056768K
  class space    used 372K, capacity 388K, committed 512K, reserved 1048576K
