Java HotSpot(TM) 64-Bit Server VM (25.77-b03) for windows-amd64 JRE (1.8.0_77-b03), built on Mar 20 2016 22:01:33 by "java_re" with MS VC++ 10.0 (VS2010)
Memory: 4k page, physical 33410456k(23573900k free), swap 35507608k(22581724k free)
CommandLine flags: -XX:InitialHeapSize=4294967296 -XX:MaxHeapSize=4294967296 -XX:+PrintGC -XX:+PrintGCDateStamps -XX:+PrintGCDetails -XX:+PrintGCTimeStamps -XX:+UseCompressedClassPointers -XX:+UseCompressedOops -XX:-UseLargePagesIndividualAllocation -XX:+UseSerialGC 
2021-10-02T13:06:13.173+0800: 0.613: [GC (Allocation Failure) 2021-10-02T13:06:13.173+0800: 0.613: [DefNew: 1118528K->139775K(1258304K), 0.1365260 secs] 1118528K->257230K(4054528K), 0.1366816 secs] [Times: user=0.08 sys=0.06, real=0.14 secs] 
2021-10-02T13:06:13.439+0800: 0.879: [GC (Allocation Failure) 2021-10-02T13:06:13.439+0800: 0.879: [DefNew: 1258303K->139775K(1258304K), 0.1752302 secs] 1375758K->444727K(4054528K), 0.1752851 secs] [Times: user=0.09 sys=0.08, real=0.18 secs] 
Heap
 def new generation   total 1258304K, used 1064614K [0x00000006c0000000, 0x0000000715550000, 0x0000000715550000)
  eden space 1118528K,  82% used [0x00000006c0000000, 0x00000006f87298e8, 0x0000000704450000)
  from space 139776K,  99% used [0x0000000704450000, 0x000000070cccfff0, 0x000000070ccd0000)
  to   space 139776K,   0% used [0x000000070ccd0000, 0x000000070ccd0000, 0x0000000715550000)
 tenured generation   total 2796224K, used 304951K [0x0000000715550000, 0x00000007c0000000, 0x00000007c0000000)
   the space 2796224K,  10% used [0x0000000715550000, 0x0000000727f1dea0, 0x0000000727f1e000, 0x00000007c0000000)
 Metaspace       used 3854K, capacity 4572K, committed 4864K, reserved 1056768K
  class space    used 429K, capacity 460K, committed 512K, reserved 1048576K
