Java HotSpot(TM) 64-Bit Server VM (25.77-b03) for windows-amd64 JRE (1.8.0_77-b03), built on Mar 20 2016 22:01:33 by "java_re" with MS VC++ 10.0 (VS2010)
Memory: 4k page, physical 33410456k(23585996k free), swap 35507608k(22598652k free)
CommandLine flags: -XX:InitialHeapSize=536870912 -XX:MaxHeapSize=536870912 -XX:+PrintGC -XX:+PrintGCDateStamps -XX:+PrintGCDetails -XX:+PrintGCTimeStamps -XX:+UseCompressedClassPointers -XX:+UseCompressedOops -XX:-UseLargePagesIndividualAllocation -XX:+UseSerialGC 
2021-10-02T13:07:36.584+0800: 0.194: [GC (Allocation Failure) 2021-10-02T13:07:36.584+0800: 0.194: [DefNew: 139776K->17472K(157248K), 0.0269663 secs] 139776K->47281K(506816K), 0.0271168 secs] [Times: user=0.03 sys=0.00, real=0.03 secs] 
2021-10-02T13:07:36.627+0800: 0.237: [GC (Allocation Failure) 2021-10-02T13:07:36.627+0800: 0.237: [DefNew: 157248K->17469K(157248K), 0.0332772 secs] 187057K->93073K(506816K), 0.0333347 secs] [Times: user=0.03 sys=0.00, real=0.03 secs] 
2021-10-02T13:07:36.676+0800: 0.286: [GC (Allocation Failure) 2021-10-02T13:07:36.676+0800: 0.286: [DefNew: 156985K->17468K(157248K), 0.0296729 secs] 232589K->142349K(506816K), 0.0297330 secs] [Times: user=0.03 sys=0.00, real=0.03 secs] 
2021-10-02T13:07:36.720+0800: 0.331: [GC (Allocation Failure) 2021-10-02T13:07:36.720+0800: 0.331: [DefNew: 156888K->17470K(157248K), 0.0264533 secs] 281768K->186477K(506816K), 0.0265088 secs] [Times: user=0.03 sys=0.00, real=0.03 secs] 
2021-10-02T13:07:36.762+0800: 0.373: [GC (Allocation Failure) 2021-10-02T13:07:36.762+0800: 0.373: [DefNew: 157156K->17469K(157248K), 0.0273594 secs] 326163K->230724K(506816K), 0.0274158 secs] [Times: user=0.01 sys=0.00, real=0.03 secs] 
2021-10-02T13:07:36.804+0800: 0.414: [GC (Allocation Failure) 2021-10-02T13:07:36.804+0800: 0.414: [DefNew: 157245K->17471K(157248K), 0.0300334 secs] 370500K->281917K(506816K), 0.0300886 secs] [Times: user=0.02 sys=0.01, real=0.03 secs] 
2021-10-02T13:07:36.847+0800: 0.457: [GC (Allocation Failure) 2021-10-02T13:07:36.847+0800: 0.457: [DefNew: 157247K->17470K(157248K), 0.0286235 secs] 421693K->331263K(506816K), 0.0286737 secs] [Times: user=0.03 sys=0.00, real=0.03 secs] 
2021-10-02T13:07:36.889+0800: 0.499: [GC (Allocation Failure) 2021-10-02T13:07:36.889+0800: 0.499: [DefNew: 157246K->157246K(157248K), 0.0000168 secs]2021-10-02T13:07:36.889+0800: 0.499: [Tenured: 313792K->287117K(349568K), 0.0513287 secs] 471039K->287117K(506816K), [Metaspace: 3354K->3354K(1056768K)], 0.0514146 secs] [Times: user=0.05 sys=0.00, real=0.05 secs] 
2021-10-02T13:07:36.954+0800: 0.564: [GC (Allocation Failure) 2021-10-02T13:07:36.954+0800: 0.564: [DefNew: 139776K->17471K(157248K), 0.0104759 secs] 426893K->332660K(506816K), 0.0105405 secs] [Times: user=0.02 sys=0.00, real=0.01 secs] 
2021-10-02T13:07:36.977+0800: 0.587: [GC (Allocation Failure) 2021-10-02T13:07:36.977+0800: 0.587: [DefNew: 156829K->156829K(157248K), 0.0000148 secs]2021-10-02T13:07:36.977+0800: 0.587: [Tenured: 315188K->328748K(349568K), 0.0650963 secs] 472018K->328748K(506816K), [Metaspace: 3355K->3355K(1056768K)], 0.0651744 secs] [Times: user=0.08 sys=0.00, real=0.07 secs] 
2021-10-02T13:07:37.060+0800: 0.670: [GC (Allocation Failure) 2021-10-02T13:07:37.060+0800: 0.670: [DefNew: 139776K->139776K(157248K), 0.0000159 secs]2021-10-02T13:07:37.060+0800: 0.670: [Tenured: 328748K->337370K(349568K), 0.0646089 secs] 468524K->337370K(506816K), [Metaspace: 3355K->3355K(1056768K)], 0.0646906 secs] [Times: user=0.06 sys=0.00, real=0.06 secs] 
2021-10-02T13:07:37.137+0800: 0.748: [GC (Allocation Failure) 2021-10-02T13:07:37.137+0800: 0.748: [DefNew: 139776K->139776K(157248K), 0.0000154 secs]2021-10-02T13:07:37.137+0800: 0.748: [Tenured: 337370K->332971K(349568K), 0.0696806 secs] 477146K->332971K(506816K), [Metaspace: 3355K->3355K(1056768K)], 0.0697621 secs] [Times: user=0.06 sys=0.00, real=0.07 secs] 
2021-10-02T13:07:37.221+0800: 0.832: [GC (Allocation Failure) 2021-10-02T13:07:37.221+0800: 0.832: [DefNew: 139462K->139462K(157248K), 0.0000155 secs]2021-10-02T13:07:37.221+0800: 0.832: [Tenured: 332971K->349315K(349568K), 0.0559005 secs] 472433K->369049K(506816K), [Metaspace: 3355K->3355K(1056768K)], 0.0560272 secs] [Times: user=0.06 sys=0.00, real=0.06 secs] 
2021-10-02T13:07:37.292+0800: 0.902: [Full GC (Allocation Failure) 2021-10-02T13:07:37.292+0800: 0.902: [Tenured: 349315K->349526K(349568K), 0.0654788 secs] 506545K->380624K(506816K), [Metaspace: 3355K->3355K(1056768K)], 0.0655482 secs] [Times: user=0.06 sys=0.00, real=0.07 secs] 
2021-10-02T13:07:37.371+0800: 0.981: [Full GC (Allocation Failure) 2021-10-02T13:07:37.371+0800: 0.981: [Tenured: 349526K->349206K(349568K), 0.0695633 secs] 506233K->386850K(506816K), [Metaspace: 3355K->3355K(1056768K)], 0.0696275 secs] [Times: user=0.06 sys=0.00, real=0.07 secs] 
2021-10-02T13:07:37.452+0800: 1.063: [Full GC (Allocation Failure) 2021-10-02T13:07:37.452+0800: 1.063: [Tenured: 349413K->348983K(349568K), 0.0717195 secs] 506460K->374244K(506816K), [Metaspace: 3718K->3718K(1056768K)], 0.0717840 secs] [Times: user=0.06 sys=0.00, real=0.07 secs] 
Heap
 def new generation   total 157248K, used 30897K [0x00000000e0000000, 0x00000000eaaa0000, 0x00000000eaaa0000)
  eden space 139776K,  22% used [0x00000000e0000000, 0x00000000e1e2c580, 0x00000000e8880000)
  from space 17472K,   0% used [0x00000000e8880000, 0x00000000e8880000, 0x00000000e9990000)
  to   space 17472K,   0% used [0x00000000e9990000, 0x00000000e9990000, 0x00000000eaaa0000)
 tenured generation   total 349568K, used 348983K [0x00000000eaaa0000, 0x0000000100000000, 0x0000000100000000)
   the space 349568K,  99% used [0x00000000eaaa0000, 0x00000000fff6dc78, 0x00000000fff6de00, 0x0000000100000000)
 Metaspace       used 3739K, capacity 4540K, committed 4864K, reserved 1056768K
  class space    used 418K, capacity 428K, committed 512K, reserved 1048576K
