Java HotSpot(TM) 64-Bit Server VM (25.77-b03) for windows-amd64 JRE (1.8.0_77-b03), built on Mar 20 2016 22:01:33 by "java_re" with MS VC++ 10.0 (VS2010)
Memory: 4k page, physical 33410456k(23591944k free), swap 35507608k(22599772k free)
CommandLine flags: -XX:InitialHeapSize=268435456 -XX:MaxHeapSize=268435456 -XX:+PrintGC -XX:+PrintGCDateStamps -XX:+PrintGCDetails -XX:+PrintGCTimeStamps -XX:+UseCompressedClassPointers -XX:+UseCompressedOops -XX:-UseLargePagesIndividualAllocation -XX:+UseSerialGC 
2021-10-02T13:06:58.801+0800: 0.163: [GC (Allocation Failure) 2021-10-02T13:06:58.801+0800: 0.163: [DefNew: 69490K->8704K(78656K), 0.0130407 secs] 69490K->23253K(253440K), 0.0132108 secs] [Times: user=0.02 sys=0.00, real=0.01 secs] 
2021-10-02T13:06:58.828+0800: 0.190: [GC (Allocation Failure) 2021-10-02T13:06:58.828+0800: 0.190: [DefNew: 78639K->8700K(78656K), 0.0181217 secs] 93188K->47574K(253440K), 0.0181742 secs] [Times: user=0.01 sys=0.00, real=0.02 secs] 
2021-10-02T13:06:58.853+0800: 0.215: [GC (Allocation Failure) 2021-10-02T13:06:58.853+0800: 0.215: [DefNew: 78652K->8694K(78656K), 0.0153730 secs] 117526K->73945K(253440K), 0.0154296 secs] [Times: user=0.00 sys=0.01, real=0.02 secs] 
2021-10-02T13:06:58.876+0800: 0.238: [GC (Allocation Failure) 2021-10-02T13:06:58.876+0800: 0.238: [DefNew: 78646K->8675K(78656K), 0.0167972 secs] 143897K->101466K(253440K), 0.0168525 secs] [Times: user=0.00 sys=0.02, real=0.02 secs] 
2021-10-02T13:06:58.900+0800: 0.263: [GC (Allocation Failure) 2021-10-02T13:06:58.900+0800: 0.263: [DefNew: 78627K->8695K(78656K), 0.0148038 secs] 171418K->124949K(253440K), 0.0148596 secs] [Times: user=0.02 sys=0.00, real=0.01 secs] 
2021-10-02T13:06:58.922+0800: 0.285: [GC (Allocation Failure) 2021-10-02T13:06:58.922+0800: 0.285: [DefNew: 78629K->8703K(78656K), 0.0126174 secs] 194882K->146122K(253440K), 0.0126749 secs] [Times: user=0.02 sys=0.00, real=0.01 secs] 
2021-10-02T13:06:58.942+0800: 0.305: [GC (Allocation Failure) 2021-10-02T13:06:58.942+0800: 0.305: [DefNew: 78365K->8688K(78656K), 0.0155445 secs] 215785K->172150K(253440K), 0.0155965 secs] [Times: user=0.00 sys=0.01, real=0.02 secs] 
2021-10-02T13:06:58.964+0800: 0.327: [GC (Allocation Failure) 2021-10-02T13:06:58.964+0800: 0.327: [DefNew: 77994K->77994K(78656K), 0.0000149 secs]2021-10-02T13:06:58.964+0800: 0.327: [Tenured: 163462K->174755K(174784K), 0.0353359 secs] 241456K->176600K(253440K), [Metaspace: 3351K->3351K(1056768K)], 0.0354193 secs] [Times: user=0.01 sys=0.02, real=0.04 secs] 
2021-10-02T13:06:59.008+0800: 0.370: [Full GC (Allocation Failure) 2021-10-02T13:06:59.008+0800: 0.370: [Tenured: 174755K->174693K(174784K), 0.0385343 secs] 253398K->193985K(253440K), [Metaspace: 3351K->3351K(1056768K)], 0.0385915 secs] [Times: user=0.05 sys=0.00, real=0.04 secs] 
2021-10-02T13:06:59.053+0800: 0.416: [Full GC (Allocation Failure) 2021-10-02T13:06:59.053+0800: 0.416: [Tenured: 174693K->174643K(174784K), 0.0372710 secs] 253322K->207944K(253440K), [Metaspace: 3351K->3351K(1056768K)], 0.0373272 secs] [Times: user=0.05 sys=0.00, real=0.04 secs] 
2021-10-02T13:06:59.095+0800: 0.458: [Full GC (Allocation Failure) 2021-10-02T13:06:59.095+0800: 0.458: [Tenured: 174643K->174756K(174784K), 0.0430419 secs] 253074K->210339K(253440K), [Metaspace: 3351K->3351K(1056768K)], 0.0431002 secs] [Times: user=0.05 sys=0.00, real=0.04 secs] 
2021-10-02T13:06:59.143+0800: 0.505: [Full GC (Allocation Failure) 2021-10-02T13:06:59.143+0800: 0.505: [Tenured: 174756K->174756K(174784K), 0.0256794 secs] 253118K->225252K(253440K), [Metaspace: 3351K->3351K(1056768K)], 0.0257369 secs] [Times: user=0.03 sys=0.00, real=0.03 secs] 
2021-10-02T13:06:59.172+0800: 0.534: [Full GC (Allocation Failure) 2021-10-02T13:06:59.172+0800: 0.534: [Tenured: 174756K->174598K(174784K), 0.0450362 secs] 253401K->233223K(253440K), [Metaspace: 3351K->3351K(1056768K)], 0.0450930 secs] [Times: user=0.05 sys=0.00, real=0.05 secs] 
2021-10-02T13:06:59.219+0800: 0.581: [Full GC (Allocation Failure) 2021-10-02T13:06:59.219+0800: 0.581: [Tenured: 174751K->174715K(174784K), 0.0380003 secs] 253281K->238405K(253440K), [Metaspace: 3351K->3351K(1056768K)], 0.0380575 secs] [Times: user=0.03 sys=0.00, real=0.04 secs] 
2021-10-02T13:06:59.260+0800: 0.622: [Full GC (Allocation Failure) 2021-10-02T13:06:59.260+0800: 0.622: [Tenured: 174715K->174612K(174784K), 0.0452638 secs] 253263K->230536K(253440K), [Metaspace: 3351K->3351K(1056768K)], 0.0453299 secs] [Times: user=0.05 sys=0.00, real=0.04 secs] 
2021-10-02T13:06:59.307+0800: 0.670: [Full GC (Allocation Failure) 2021-10-02T13:06:59.307+0800: 0.670: [Tenured: 174612K->174612K(174784K), 0.0272012 secs] 253130K->236715K(253440K), [Metaspace: 3351K->3351K(1056768K)], 0.0272638 secs] [Times: user=0.02 sys=0.00, real=0.03 secs] 
2021-10-02T13:06:59.336+0800: 0.699: [Full GC (Allocation Failure) 2021-10-02T13:06:59.336+0800: 0.699: [Tenured: 174612K->174612K(174784K), 0.0298543 secs] 253220K->241096K(253440K), [Metaspace: 3351K->3351K(1056768K)], 0.0299129 secs] [Times: user=0.03 sys=0.00, real=0.03 secs] 
2021-10-02T13:06:59.368+0800: 0.731: [Full GC (Allocation Failure) 2021-10-02T13:06:59.368+0800: 0.731: [Tenured: 174778K->174778K(174784K), 0.0322088 secs] 253427K->245621K(253440K), [Metaspace: 3351K->3351K(1056768K)], 0.0322685 secs] [Times: user=0.03 sys=0.00, real=0.03 secs] 
2021-10-02T13:06:59.401+0800: 0.764: [Full GC (Allocation Failure) 2021-10-02T13:06:59.401+0800: 0.764: [Tenured: 174778K->174735K(174784K), 0.0507818 secs] 253414K->240297K(253440K), [Metaspace: 3351K->3351K(1056768K)], 0.0508340 secs] [Times: user=0.05 sys=0.00, real=0.05 secs] 
2021-10-02T13:06:59.454+0800: 0.816: [Full GC (Allocation Failure) 2021-10-02T13:06:59.454+0800: 0.817: [Tenured: 174735K->174735K(174784K), 0.0298501 secs] 252760K->245381K(253440K), [Metaspace: 3351K->3351K(1056768K)], 0.0299080 secs] [Times: user=0.03 sys=0.00, real=0.03 secs] 
2021-10-02T13:06:59.485+0800: 0.847: [Full GC (Allocation Failure) 2021-10-02T13:06:59.485+0800: 0.847: [Tenured: 174735K->174735K(174784K), 0.0299994 secs] 253387K->246865K(253440K), [Metaspace: 3351K->3351K(1056768K)], 0.0300503 secs] [Times: user=0.03 sys=0.00, real=0.03 secs] 
2021-10-02T13:06:59.516+0800: 0.878: [Full GC (Allocation Failure) 2021-10-02T13:06:59.516+0800: 0.878: [Tenured: 174735K->174735K(174784K), 0.0281084 secs] 253361K->248761K(253440K), [Metaspace: 3351K->3351K(1056768K)], 0.0281656 secs] [Times: user=0.03 sys=0.00, real=0.03 secs] 
2021-10-02T13:06:59.545+0800: 0.907: [Full GC (Allocation Failure) 2021-10-02T13:06:59.545+0800: 0.907: [Tenured: 174735K->174757K(174784K), 0.0594630 secs] 253331K->247279K(253440K), [Metaspace: 3351K->3351K(1056768K)], 0.0595235 secs] [Times: user=0.05 sys=0.00, real=0.06 secs] 
2021-10-02T13:06:59.605+0800: 0.967: [Full GC (Allocation Failure) 2021-10-02T13:06:59.605+0800: 0.967: [Tenured: 174757K->174757K(174784K), 0.0317806 secs] 253268K->248531K(253440K), [Metaspace: 3351K->3351K(1056768K)], 0.0318447 secs] [Times: user=0.03 sys=0.00, real=0.03 secs] 
2021-10-02T13:06:59.638+0800: 1.000: [Full GC (Allocation Failure) 2021-10-02T13:06:59.638+0800: 1.000: [Tenured: 174757K->174757K(174784K), 0.0308609 secs] 253328K->249485K(253440K), [Metaspace: 3351K->3351K(1056768K)], 0.0309282 secs] [Times: user=0.03 sys=0.00, real=0.03 secs] 
2021-10-02T13:06:59.669+0800: 1.032: [Full GC (Allocation Failure) 2021-10-02T13:06:59.669+0800: 1.032: [Tenured: 174757K->174757K(174784K), 0.0309531 secs] 253411K->250916K(253440K), [Metaspace: 3355K->3355K(1056768K)], 0.0310175 secs] [Times: user=0.03 sys=0.00, real=0.03 secs] 
2021-10-02T13:06:59.700+0800: 1.063: [Full GC (Allocation Failure) 2021-10-02T13:06:59.700+0800: 1.063: [Tenured: 174757K->174477K(174784K), 0.0492391 secs] 253291K->248541K(253440K), [Metaspace: 3365K->3365K(1056768K)], 0.0492958 secs] [Times: user=0.05 sys=0.00, real=0.05 secs] 
2021-10-02T13:06:59.750+0800: 1.113: [Full GC (Allocation Failure) 2021-10-02T13:06:59.750+0800: 1.113: [Tenured: 174652K->174652K(174784K), 0.0238330 secs] 253214K->249938K(253440K), [Metaspace: 3410K->3410K(1056768K)], 0.0238934 secs] [Times: user=0.02 sys=0.00, real=0.02 secs] 
Heap
 def new generation   total 78656K, used 75467K [0x00000000f0000000, 0x00000000f5550000, 0x00000000f5550000)
  eden space 69952K, 100% used [0x00000000f0000000, 0x00000000f4450000, 0x00000000f4450000)
  from space 8704K,  63% used [0x00000000f4cd0000, 0x00000000f5232ec0, 0x00000000f5550000)
  to   space 8704K,   0% used [0x00000000f4450000, 0x00000000f4450000, 0x00000000f4cd0000)
 tenured generation   total 174784K, used 174652K [0x00000000f5550000, 0x0000000100000000, 0x0000000100000000)
   the space 174784K,  99% used [0x00000000f5550000, 0x00000000fffdf098, 0x00000000fffdf200, 0x0000000100000000)
 Metaspace       used 3442K, capacity 4500K, committed 4864K, reserved 1056768K
  class space    used 376K, capacity 388K, committed 512K, reserved 1048576K
